ass:eoir-family lemmas: 2  (with attested infinitive: 2)
Multi-alternative slots per lemma: 35

=== Generated candidates (0) ===

=== Skipped (21) ===
  asseoir ind:pre:1p ('asseyons'): phon: no confident donor ending (matchRate=0.00, donors=0); syll_cv: no confident donor ending (matchRate=0.00, donors=0); orthosyll_cv: no confident donor ending (matchRate=0.00, donors=0)
  asseoir ind:pre:2p ('asseyez'): phon: no confident donor ending (matchRate=0.00, donors=0); syll_cv: no confident donor ending (matchRate=0.00, donors=0); orthosyll_cv: no confident donor ending (matchRate=0.00, donors=0)
  asseoir ind:pre:3p ('asseyent'): phon: no confident donor ending (matchRate=0.00, donors=0); syll_cv: no confident donor ending (matchRate=0.00, donors=0); orthosyll_cv: no confident donor ending (matchRate=0.00, donors=0)
  asseoir ind:imp:1s ('asseyais'): phon: no confident donor ending (matchRate=0.00, donors=0); syll_cv: no confident donor ending (matchRate=0.00, donors=0); orthosyll_cv: no confident donor ending (matchRate=0.00, donors=0)
  asseoir ind:imp:2s ('asseyais'): phon: no confident donor ending (matchRate=0.00, donors=0); syll_cv: no confident donor ending (matchRate=0.00, donors=0); orthosyll_cv: no confident donor ending (matchRate=0.00, donors=0)
  asseoir ind:imp:3s ('asseyait'): phon: no confident donor ending (matchRate=0.00, donors=0); syll_cv: no confident donor ending (matchRate=0.00, donors=0); orthosyll_cv: no confident donor ending (matchRate=0.00, donors=0)
  asseoir ind:imp:1p ('asseyions'): phon: no confident donor ending (matchRate=0.00, donors=0); syll_cv: no confident donor ending (matchRate=0.00, donors=0); orthosyll_cv: no confident donor ending (matchRate=0.00, donors=0)
  asseoir ind:imp:2p ('asseyiez'): phon: no confident donor ending (matchRate=0.00, donors=0); syll_cv: no confident donor ending (matchRate=0.00, donors=0); orthosyll_cv: no confident donor ending (matchRate=0.00, donors=0)
  asseoir ind:imp:3p ('asseyaient'): phon: no confident donor ending (matchRate=0.00, donors=0); syll_cv: no confident donor ending (matchRate=0.00, donors=0); orthosyll_cv: no confident donor ending (matchRate=0.00, donors=0)
  asseoir sub:pre:1s ('asseye'): phon: no confident donor ending (matchRate=0.00, donors=0); syll_cv: no confident donor ending (matchRate=0.00, donors=0); orthosyll_cv: no confident donor ending (matchRate=0.00, donors=0)
  asseoir sub:pre:2s ('asseyes'): phon: no confident donor ending (matchRate=0.00, donors=0); syll_cv: no confident donor ending (matchRate=0.00, donors=0); orthosyll_cv: no confident donor ending (matchRate=0.00, donors=0)
  asseoir sub:pre:3s ('asseye'): phon: no confident donor ending (matchRate=0.00, donors=0); syll_cv: no confident donor ending (matchRate=0.00, donors=0); orthosyll_cv: no confident donor ending (matchRate=0.00, donors=0)
  asseoir imp:pre:1p ('asseyons'): phon: no confident donor ending (matchRate=0.00, donors=0); syll_cv: no confident donor ending (matchRate=0.00, donors=0); orthosyll_cv: no confident donor ending (matchRate=0.00, donors=0)
  asseoir imp:pre:2p ('asseyez'): phon: no confident donor ending (matchRate=0.00, donors=0); syll_cv: no confident donor ending (matchRate=0.00, donors=0); orthosyll_cv: no confident donor ending (matchRate=0.00, donors=0)
  rasseoir ind:pre:1p ('rasseyons'): phon: no confident donor ending (matchRate=0.00, donors=0); syll_cv: no confident donor ending (matchRate=0.00, donors=0); orthosyll_cv: no confident donor ending (matchRate=0.00, donors=0)
  rasseoir ind:pre:2p ('rasseyez'): phon: no confident donor ending (matchRate=0.00, donors=0); syll_cv: no confident donor ending (matchRate=0.00, donors=0); orthosyll_cv: no confident donor ending (matchRate=0.00, donors=0)
  rasseoir ind:pre:3p ('rasseyent'): phon: no confident donor ending (matchRate=0.00, donors=0); syll_cv: no confident donor ending (matchRate=0.00, donors=0); orthosyll_cv: no confident donor ending (matchRate=0.00, donors=0)
  rasseoir ind:imp:1s ('rasseyais'): phon: no confident donor ending (matchRate=0.00, donors=0); syll_cv: no confident donor ending (matchRate=0.00, donors=0); orthosyll_cv: no confident donor ending (matchRate=0.00, donors=0)
  rasseoir ind:imp:3s ('rasseyait'): phon: no confident donor ending (matchRate=0.00, donors=0); syll_cv: no confident donor ending (matchRate=0.00, donors=0); orthosyll_cv: no confident donor ending (matchRate=0.00, donors=0)
  rasseoir ind:imp:3p ('rasseyaient'): phon: no confident donor ending (matchRate=0.00, donors=0); syll_cv: no confident donor ending (matchRate=0.00, donors=0); orthosyll_cv: no confident donor ending (matchRate=0.00, donors=0)
  rasseoir imp:pre:2p ('rasseyez'): phon: no confident donor ending (matchRate=0.00, donors=0); syll_cv: no confident donor ending (matchRate=0.00, donors=0); orthosyll_cv: no confident donor ending (matchRate=0.00, donors=0)

--apply: appended 0 rows to resources/LexiqueSynthetic.tsv
