1751 legal keypresses (0s)
  [1/260] P001 best=4729.8 (0.0s)
  [2/260] P002 best=5564.3 (7.0s)
  [3/260] S001 best=4041.2 (2.7s)
  [4/260] S002 best=5428.0 (3.4s)
  [5/260] P003 best=2499.1 (0.1s)
  [6/260] S003 best=1100.0 (0.6s)
  [7/260] P004 best=3216.6 (0.1s)
  [8/260] S004 best=3647.3 (2.2s)
  [9/260] S005 best=3428.8 (0.2s)
  [10/260] P005 best=2855.1 (1.9s)
  [11/260] S006 best=2255.8 (1.9s)
  [12/260] P006 best=1974.8 (3.1s)
  [13/260] S007 best=1102.7 (3.4s)
  [14/260] S008 best=1007.0 (0.7s)
  [15/260] S009 best=0.0 (0.0s)
  [16/260] S010 best=1871.1 (3.3s)
  [17/260] S011 best=2197.0 (0.1s)
  [18/260] P007 best=0.0 (0.0s)
  [19/260] P008 best=2107.1 (0.2s)
  [20/260] S012 best=2183.2 (0.2s)
  [21/260] P009 best=2051.4 (0.2s)
  [22/260] P010 best=593.8 (0.1s)
  [23/260] P011 best=1367.7 (0.2s)
  [24/260] S013 best=1930.5 (0.5s)
  [25/260] S014 best=1989.8 (0.3s)
  [26/260] P012 best=1688.9 (0.3s)
  [27/260] S015 best=1626.1 (2.4s)
  [28/260] S016 best=1500.6 (0.2s)
  [29/260] P013 best=1745.4 (0.3s)
  [30/260] S017 best=905.5 (3.2s)
  [31/260] P014 best=865.5 (0.2s)
  [32/260] S018 best=766.2 (0.6s)
  [33/260] P015 best=1157.0 (0.6s)
  [34/260] S019 best=449.0 (1.2s)
  [35/260] S020 best=1250.2 (2.0s)
  [36/260] P016 best=461.4 (0.1s)
  [37/260] P017 best=1361.8 (0.0s)
  [38/260] S021 best=1143.1 (1.7s)
  [39/260] P018 best=1302.0 (0.7s)
  [40/260] P019 best=0.0 (0.0s)
  [41/260] P020 best=758.8 (0.1s)
  [42/260] P021 best=36.8 (0.0s)
  [43/260] P022 best=1150.5 (0.0s)
  [44/260] P023 best=1118.2 (0.2s)
  [45/260] S022 best=1042.8 (1.1s)
  [46/260] S023 best=1051.7 (1.0s)
  [47/260] S024 best=963.7 (0.0s)
  [48/260] S025 best=628.4 (0.2s)
  [49/260] P024 best=671.2 (0.7s)
  [50/260] P025 best=183.3 (0.0s)
  [51/260] S026 best=871.7 (0.4s)
  [52/260] S027 best=735.0 (0.0s)
  [53/260] P026 best=911.6 (0.2s)
  [54/260] P027 best=780.6 (0.4s)
  [55/260] S028 best=757.9 (1.8s)
  [56/260] S029 best=617.0 (0.1s)
  [57/260] P028 best=675.1 (0.4s)
  [58/260] S030 best=780.8 (0.3s)
  [59/260] P029 best=854.2 (0.1s)
  [60/260] P030 best=807.9 (0.1s)
  [61/260] S031 best=755.9 (0.1s)
  [62/260] S032 best=788.2 (0.5s)
  [63/260] P031 best=632.5 (0.3s)
  [64/260] S033 best=721.8 (1.0s)
  [65/260] P032 best=748.7 (0.1s)
  [66/260] S034 best=693.4 (0.0s)
  [67/260] P033 best=633.5 (0.1s)
  [68/260] S035 best=549.3 (0.3s)
  [69/260] P034 best=661.1 (0.3s)
  [70/260] P035 best=665.7 (0.1s)
  [71/260] S036 best=607.6 (0.5s)
  [72/260] S037 best=559.4 (0.1s)
  [73/260] P036 best=566.4 (0.6s)
  [74/260] S038 best=599.8 (0.2s)
  [75/260] S039 best=551.9 (0.1s)
  [76/260] P037 best=495.7 (0.1s)
  [77/260] S040 best=471.8 (0.5s)
  [78/260] S041 best=534.1 (0.6s)
  [79/260] S042 best=528.0 (0.4s)
  [80/260] S043 best=504.2 (0.4s)
  [81/260] S044 best=534.2 (0.6s)
  [82/260] S045 best=448.0 (0.3s)
  [83/260] P038 best=517.0 (0.1s)
  [84/260] S046 best=505.3 (0.2s)
  [85/260] S047 best=165.7 (0.2s)
  [86/260] P039 best=435.4 (0.1s)
  [87/260] P040 best=474.9 (0.3s)
  [88/260] P041 best=388.9 (0.0s)
  [89/260] S048 best=470.1 (0.0s)
  [90/260] P042 best=467.4 (0.1s)
  [91/260] P043 best=372.2 (0.2s)
  [92/260] P044 best=385.5 (0.0s)
  [93/260] S049 best=391.9 (0.3s)
  [94/260] P045 best=200.7 (0.1s)
  [95/260] S050 best=388.2 (0.1s)
  [96/260] P046 best=391.2 (0.1s)
  [97/260] P047 best=389.5 (0.0s)
  [98/260] S051 best=344.2 (0.2s)
  [99/260] P048 best=304.7 (0.1s)
  [100/260] S052 best=167.7 (0.1s)
  [101/260] P049 best=351.8 (0.2s)
  [102/260] S053 best=346.5 (0.1s)
  [103/260] P050 best=338.0 (0.2s)
  [104/260] P051 best=348.9 (0.1s)
  [105/260] P052 best=112.3 (0.1s)
  [106/260] S054 best=336.7 (0.1s)
  [107/260] P053 best=255.4 (0.1s)
  [108/260] S055 best=327.9 (0.4s)
  [109/260] P054 best=305.8 (0.0s)
  [110/260] S056 best=318.6 (0.1s)
  [111/260] S057 best=273.6 (0.1s)
  [112/260] S058 best=233.6 (0.1s)
  [113/260] P055 best=146.8 (0.0s)
  [114/260] P056 best=290.7 (0.3s)
  [115/260] P057 best=272.9 (0.1s)
  [116/260] S059 best=322.9 (0.1s)
  [117/260] P058 best=311.0 (0.5s)
  [118/260] S060 best=339.3 (0.2s)
  [119/260] S061 best=231.2 (0.1s)
  [120/260] S062 best=310.1 (0.1s)
  [121/260] P059 best=334.4 (0.2s)
  [122/260] S063 best=328.6 (0.1s)
  [123/260] P060 best=255.4 (0.0s)
  [124/260] P061 best=315.2 (0.0s)
  [125/260] S064 best=314.5 (0.1s)
  [126/260] S065 best=252.5 (0.1s)
  [127/260] P062 best=237.6 (0.1s)
  [128/260] P063 best=83.6 (0.0s)
  [129/260] S066 best=291.1 (0.0s)
  [130/260] P064 best=288.8 (0.0s)
  [131/260] P065 best=130.4 (0.1s)
  [132/260] P066 best=250.4 (0.0s)
  [133/260] P067 best=195.5 (0.0s)
  [134/260] S067 best=240.6 (0.1s)
  [135/260] P068 best=223.8 (0.0s)
  [136/260] P069 best=145.3 (0.2s)
  [137/260] S068 best=256.0 (0.3s)
  [138/260] S069 best=204.9 (0.2s)
  [139/260] P070 best=215.7 (0.0s)
  [140/260] S070 best=259.7 (0.2s)
  [141/260] S071 best=227.8 (0.1s)
  [142/260] S072 best=249.5 (0.1s)
  [143/260] S073 best=228.6 (0.1s)
  [144/260] S074 best=228.7 (0.2s)
  [145/260] P071 best=232.5 (0.2s)
  [146/260] P072 best=208.8 (0.0s)
  [147/260] S075 best=5.4 (0.0s)
  [148/260] S076 best=92.7 (0.2s)
  [149/260] S077 best=246.1 (0.1s)
  [150/260] P073 best=25.0 (0.0s)
  [151/260] S078 best=5.4 (0.0s)
  [152/260] S079 best=238.5 (0.0s)
  [153/260] S080 best=236.0 (0.1s)
  [154/260] P074 best=184.9 (0.1s)
  [155/260] S081 best=188.5 (0.9s)
  [156/260] P075 best=170.6 (0.4s)
  [157/260] P076 best=217.7 (0.0s)
  [158/260] S082 best=209.5 (0.0s)
  [159/260] S083 best=218.1 (0.1s)
  [160/260] P077 best=180.8 (0.0s)
  [161/260] S084 best=210.0 (0.1s)
  [162/260] S085 best=190.3 (0.1s)
  [163/260] P078 best=21.1 (0.0s)
  [164/260] S086 best=74.8 (0.0s)
  [165/260] S087 best=113.7 (0.1s)
  [166/260] P079 best=132.0 (0.4s)
  [167/260] P080 best=197.6 (0.0s)
  [168/260] S088 best=159.8 (0.0s)
  [169/260] P081 best=162.8 (0.1s)
  [170/260] S089 best=191.5 (0.1s)
  [171/260] S090 best=157.7 (0.2s)
  [172/260] P082 best=120.1 (0.3s)
  [173/260] P083 best=180.5 (0.1s)
  [174/260] P084 best=154.8 (0.0s)
  [175/260] P085 best=28.6 (0.0s)
  [176/260] S091 best=170.1 (0.0s)
  [177/260] P086 best=166.0 (0.0s)
  [178/260] S092 best=0.0 (0.0s)
  [179/260] S093 best=165.3 (0.0s)
  [180/260] S094 best=159.9 (0.1s)
  [181/260] P087 best=148.9 (0.1s)
  [182/260] P088 best=163.1 (0.1s)
  [183/260] S095 best=121.3 (0.0s)
  [184/260] P089 best=85.0 (0.0s)
  [185/260] S096 best=156.6 (0.0s)
  [186/260] P090 best=157.6 (0.0s)
  [187/260] P091 best=21.0 (0.0s)
  [188/260] P092 best=149.9 (0.1s)
  [189/260] S097 best=98.8 (0.1s)
  [190/260] P093 best=0.3 (0.0s)
  [191/260] S098 best=148.3 (0.0s)
  [192/260] P094 best=69.2 (0.1s)
  [193/260] S099 best=120.1 (0.1s)
  [194/260] S100 best=141.4 (0.1s)
  [195/260] S101 best=95.8 (0.0s)
  [196/260] P095 best=135.7 (0.0s)
  [197/260] S102 best=88.4 (0.0s)
  [198/260] P096 best=54.5 (0.1s)
  [199/260] P097 best=109.1 (0.0s)
  [200/260] P098 best=76.1 (0.0s)
  [201/260] P099 best=70.9 (0.1s)
  [202/260] S103 best=102.6 (0.0s)
  [203/260] S104 best=119.5 (0.0s)
  [204/260] S105 best=117.8 (0.0s)
  [205/260] P100 best=113.6 (0.1s)
  [206/260] P101 best=105.9 (0.3s)
  [207/260] P102 best=111.9 (0.0s)
  [208/260] S106 best=112.1 (0.0s)
  [209/260] S107 best=8.5 (0.0s)
  [210/260] S108 best=111.5 (0.0s)
  [211/260] S109 best=111.2 (0.1s)
  [212/260] P103 best=93.8 (0.0s)
  [213/260] P104 best=97.8 (0.1s)
  [214/260] S110 best=91.5 (0.1s)
  [215/260] S111 best=98.7 (0.2s)
  [216/260] P105 best=88.9 (0.1s)
  [217/260] P106 best=97.6 (0.1s)
  [218/260] P107 best=95.0 (0.0s)
  [219/260] S112 best=92.6 (0.0s)
  [220/260] S113 best=93.9 (0.0s)
  [221/260] P108 best=89.7 (0.0s)
  [222/260] P109 best=76.8 (0.0s)
  [223/260] P110 best=58.1 (0.0s)
  [224/260] S114 best=75.6 (0.0s)
  [225/260] P111 best=89.5 (0.0s)
  [226/260] P112 best=12.1 (0.1s)
  [227/260] S115 best=86.2 (0.0s)
  [228/260] P113 best=81.7 (0.1s)
  [229/260] S116 best=84.2 (0.1s)
  [230/260] S117 best=81.3 (0.1s)
  [231/260] S118 best=78.8 (0.1s)
  [232/260] S119 best=79.7 (0.0s)
  [233/260] P114 best=77.9 (0.0s)
  [234/260] S120 best=74.2 (0.0s)
  [235/260] S121 best=72.9 (0.0s)
  [236/260] P115 best=72.5 (0.0s)
  [237/260] P116 best=64.0 (0.0s)
  [238/260] S122 best=59.8 (0.0s)
  [239/260] S123 best=66.2 (0.0s)
  [240/260] P117 best=35.4 (0.0s)
  [241/260] S124 best=65.1 (0.0s)
  [242/260] P118 best=55.3 (0.0s)
  [243/260] S125 best=44.4 (0.0s)
  [244/260] S126 best=51.7 (0.0s)
  [245/260] P119 best=44.5 (0.0s)
  [246/260] P120 best=43.2 (0.0s)
  [247/260] P121 best=46.9 (0.0s)
  [248/260] P122 best=40.2 (0.0s)
  [249/260] P123 best=50.4 (0.1s)
  [250/260] P124 best=49.1 (0.0s)
  [251/260] S127 best=46.5 (0.0s)
  [252/260] S128 best=45.9 (0.0s)
  [253/260] S129 best=35.3 (0.0s)
  [254/260] P125 best=30.4 (0.0s)
  [255/260] P126 best=40.0 (0.0s)
  [256/260] P127 best=38.8 (0.0s)
  [257/260] S130 best=40.9 (0.1s)
  [258/260] P128 best=40.3 (0.0s)
  [259/260] P129 best=30.2 (0.0s)
  [260/260] S131 best=30.1 (0.0s)
unified: 85 merges accepted, 147 rejected (207s)
bound 156 families, unbound 19 (287s)
wrote scratch/affix-bindings-report.md, scratch/affix_bindings.json
total 290s
