1751 legal keypresses (0s)
  [1/270] P001 best=7264.5 (0.1s)
  [2/270] P002 best=5815.6 (3.1s)
  [3/270] P003 best=2293.1 (2.4s)
  [4/270] S001 best=6655.7 (4.0s)
  [5/270] S002 best=2273.4 (2.0s)
  [6/270] P004 best=3410.1 (0.1s)
  [7/270] S003 best=4370.7 (0.8s)
  [8/270] P005 best=2924.0 (0.1s)
  [9/270] S004 best=3153.8 (1.4s)
  [10/270] P006 best=1821.6 (2.2s)
  [11/270] S005 best=2701.6 (0.2s)
  [12/270] P007 best=840.3 (0.1s)
  [13/270] S006 best=2383.0 (1.3s)
  [14/270] S007 best=2120.3 (2.1s)
  [15/270] P008 best=1818.6 (1.1s)
  [16/270] S008 best=2501.5 (0.4s)
  [17/270] S009 best=0.0 (0.0s)
  [18/270] S010 best=2020.7 (1.4s)
  [19/270] P009 best=1517.3 (0.1s)
  [20/270] S011 best=2395.6 (0.3s)
  [21/270] S012 best=2198.6 (1.6s)
  [22/270] P010 best=0.0 (0.0s)
  [23/270] S013 best=2058.8 (0.0s)
  [24/270] S014 best=1803.7 (0.5s)
  [25/270] P011 best=2107.1 (0.1s)
  [26/270] P012 best=1012.8 (0.2s)
  [27/270] P013 best=1756.1 (0.1s)
  [28/270] P014 best=841.4 (0.3s)
  [29/270] S015 best=1989.8 (0.2s)
  [30/270] S016 best=1652.6 (1.6s)
  [31/270] S017 best=1111.4 (0.4s)
  [32/270] S018 best=1346.7 (0.2s)
  [33/270] P015 best=1127.2 (0.3s)
  [34/270] S019 best=1434.6 (1.1s)
  [35/270] S020 best=1565.2 (0.2s)
  [36/270] S021 best=1249.1 (1.3s)
  [37/270] P016 best=973.2 (0.2s)
  [38/270] P017 best=1230.3 (0.3s)
  [39/270] P018 best=1361.8 (0.0s)
  [40/270] P019 best=818.6 (0.2s)
  [41/270] P020 best=1077.6 (0.1s)
  [42/270] S022 best=1108.6 (0.4s)
  [43/270] P021 best=928.4 (0.2s)
  [44/270] P022 best=36.5 (0.0s)
  [45/270] P023 best=1150.5 (0.0s)
  [46/270] S023 best=1014.8 (0.1s)
  [47/270] P024 best=987.5 (0.2s)
  [48/270] S024 best=654.7 (0.9s)
  [49/270] S025 best=1035.2 (0.0s)
  [50/270] S026 best=953.2 (0.4s)
  [51/270] S027 best=59.8 (0.0s)
  [52/270] P025 best=652.9 (0.4s)
  [53/270] P026 best=183.7 (0.0s)
  [54/270] P027 best=851.4 (0.6s)
  [55/270] S028 best=744.6 (1.5s)
  [56/270] S029 best=617.0 (0.0s)
  [57/270] P028 best=827.6 (0.2s)
  [58/270] P029 best=815.5 (0.0s)
  [59/270] P030 best=583.3 (0.2s)
  [60/270] S030 best=773.8 (0.2s)
  [61/270] P031 best=854.2 (0.0s)
  [62/270] P032 best=443.5 (0.1s)
  [63/270] S031 best=614.5 (0.0s)
  [64/270] S032 best=740.7 (0.2s)
  [65/270] S033 best=580.9 (0.7s)
  [66/270] S034 best=702.5 (0.6s)
  [67/270] P033 best=633.4 (0.1s)
  [68/270] S035 best=622.9 (0.3s)
  [69/270] S036 best=481.7 (0.3s)
  [70/270] P034 best=665.7 (0.0s)
  [71/270] S037 best=493.1 (0.1s)
  [72/270] P035 best=392.3 (0.5s)
  [73/270] S038 best=592.8 (0.1s)
  [74/270] P036 best=310.8 (0.1s)
  [75/270] S039 best=543.1 (0.4s)
  [76/270] S040 best=573.1 (0.6s)
  [77/270] S041 best=492.4 (0.1s)
  [78/270] S042 best=426.4 (0.4s)
  [79/270] S043 best=412.6 (0.3s)
  [80/270] P037 best=517.0 (0.1s)
  [81/270] P038 best=499.0 (0.3s)
  [82/270] S044 best=428.9 (0.3s)
  [83/270] S045 best=505.3 (0.2s)
  [84/270] S046 best=165.7 (0.1s)
  [85/270] S047 best=476.6 (0.2s)
  [86/270] P039 best=372.0 (0.2s)
  [87/270] S048 best=275.7 (0.2s)
  [88/270] P040 best=392.2 (0.1s)
  [89/270] S049 best=424.4 (0.1s)
  [90/270] P041 best=43.3 (0.1s)
  [91/270] S050 best=374.3 (0.1s)
  [92/270] P042 best=321.8 (0.1s)
  [93/270] P043 best=336.7 (0.0s)
  [94/270] P044 best=389.5 (0.0s)
  [95/270] S051 best=370.5 (0.1s)
  [96/270] P045 best=365.4 (0.1s)
  [97/270] S052 best=304.4 (0.1s)
  [98/270] S053 best=361.1 (0.1s)
  [99/270] P046 best=177.5 (0.2s)
  [100/270] S054 best=346.5 (0.1s)
  [101/270] P047 best=285.7 (0.0s)
  [102/270] P048 best=317.0 (0.1s)
  [103/270] S055 best=46.4 (0.1s)
  [104/270] P049 best=179.9 (0.1s)
  [105/270] S056 best=328.0 (0.3s)
  [106/270] P050 best=305.8 (0.0s)
  [107/270] P051 best=338.5 (0.2s)
  [108/270] S057 best=65.9 (0.1s)
  [109/270] S058 best=233.6 (0.1s)
  [110/270] P052 best=146.8 (0.0s)
  [111/270] P053 best=250.3 (0.2s)
  [112/270] S059 best=322.9 (0.1s)
  [113/270] S060 best=176.9 (0.1s)
  [114/270] S061 best=296.9 (0.1s)
  [115/270] P054 best=332.3 (0.1s)
  [116/270] S062 best=333.0 (0.1s)
  [117/270] S063 best=330.9 (0.2s)
  [118/270] S064 best=328.6 (0.0s)
  [119/270] S065 best=218.0 (0.0s)
  [120/270] P055 best=124.8 (0.0s)
  [121/270] P056 best=315.2 (0.0s)
  [122/270] S066 best=314.5 (0.1s)
  [123/270] P057 best=286.9 (0.0s)
  [124/270] S067 best=252.5 (0.1s)
  [125/270] P058 best=301.8 (0.3s)
  [126/270] S068 best=299.6 (0.3s)
  [127/270] P059 best=82.1 (0.1s)
  [128/270] P060 best=81.0 (0.0s)
  [129/270] S069 best=291.1 (0.0s)
  [130/270] P061 best=286.9 (0.0s)
  [131/270] P062 best=203.3 (0.2s)
  [132/270] P063 best=74.3 (0.0s)
  [133/270] P064 best=177.6 (0.0s)
  [134/270] P065 best=195.3 (0.0s)
  [135/270] S070 best=266.6 (0.1s)
  [136/270] S071 best=240.6 (0.1s)
  [137/270] P066 best=123.6 (0.2s)
  [138/270] S072 best=229.4 (0.2s)
  [139/270] S073 best=204.9 (0.1s)
  [140/270] S074 best=244.6 (0.1s)
  [141/270] P067 best=208.8 (0.0s)
  [142/270] S075 best=92.7 (0.6s)
  [143/270] S076 best=246.1 (0.1s)
  [144/270] P068 best=25.0 (0.0s)
  [145/270] S077 best=235.4 (0.0s)
  [146/270] S078 best=238.5 (0.0s)
  [147/270] P069 best=184.9 (0.1s)
  [148/270] S079 best=166.7 (0.4s)
  [149/270] P070 best=170.5 (0.3s)
  [150/270] P071 best=187.5 (0.0s)
  [151/270] P072 best=217.7 (0.0s)
  [152/270] S080 best=214.8 (0.0s)
  [153/270] S081 best=215.8 (0.1s)
  [154/270] S082 best=210.0 (0.0s)
  [155/270] S083 best=190.3 (0.1s)
  [156/270] P073 best=21.1 (0.0s)
  [157/270] P074 best=178.2 (0.0s)
  [158/270] S084 best=60.9 (0.0s)
  [159/270] P075 best=122.5 (0.0s)
  [160/270] S085 best=202.5 (0.2s)
  [161/270] S086 best=111.4 (0.1s)
  [162/270] P076 best=139.1 (0.0s)
  [163/270] P077 best=197.6 (0.0s)
  [164/270] S087 best=196.9 (0.0s)
  [165/270] S088 best=159.8 (0.0s)
  [166/270] P078 best=162.8 (0.0s)
  [167/270] S089 best=191.5 (0.1s)
  [168/270] S090 best=189.8 (0.2s)
  [169/270] P079 best=80.2 (0.3s)
  [170/270] P080 best=169.0 (0.1s)
  [171/270] S091 best=105.4 (0.0s)
  [172/270] P081 best=52.0 (0.0s)
  [173/270] P082 best=145.6 (0.0s)
  [174/270] S092 best=170.1 (0.0s)
  [175/270] P083 best=157.9 (0.0s)
  [176/270] S093 best=0.0 (0.0s)
  [177/270] S094 best=165.3 (0.0s)
  [178/270] S095 best=159.9 (0.1s)
  [179/270] P084 best=148.9 (0.1s)
  [180/270] P085 best=163.1 (0.1s)
  [181/270] P086 best=98.7 (0.1s)
  [182/270] P087 best=160.0 (0.0s)
  [183/270] P088 best=160.0 (0.0s)
  [184/270] P089 best=85.0 (0.0s)
  [185/270] S096 best=156.6 (0.0s)
  [186/270] P090 best=87.0 (0.0s)
  [187/270] P091 best=149.9 (0.1s)
  [188/270] S097 best=98.8 (0.1s)
  [189/270] S098 best=138.2 (0.0s)
  [190/270] P092 best=0.3 (0.0s)
  [191/270] S099 best=148.3 (0.0s)
  [192/270] P093 best=67.2 (0.1s)
  [193/270] S100 best=120.1 (0.1s)
  [194/270] S101 best=95.1 (0.0s)
  [195/270] S102 best=141.2 (0.0s)
  [196/270] P094 best=0.0 (0.0s)
  [197/270] S103 best=132.0 (0.1s)
  [198/270] P095 best=135.7 (0.0s)
  [199/270] S104 best=88.4 (0.0s)
  [200/270] S105 best=67.0 (0.0s)
  [201/270] S106 best=111.5 (0.0s)
  [202/270] P096 best=109.1 (0.0s)
  [203/270] P097 best=76.1 (0.0s)
  [204/270] P098 best=69.5 (0.1s)
  [205/270] S107 best=102.6 (0.0s)
  [206/270] S108 best=67.4 (0.2s)
  [207/270] S109 best=119.5 (0.0s)
  [208/270] P099 best=113.6 (0.1s)
  [209/270] P100 best=48.7 (0.0s)
  [210/270] S110 best=105.0 (0.0s)
  [211/270] P101 best=53.2 (0.2s)
  [212/270] P102 best=111.9 (0.0s)
  [213/270] S111 best=112.1 (0.0s)
  [214/270] S112 best=8.5 (0.0s)
  [215/270] S113 best=111.5 (0.0s)
  [216/270] P103 best=45.6 (0.0s)
  [217/270] S114 best=111.2 (0.1s)
  [218/270] S115 best=91.5 (0.1s)
  [219/270] P104 best=88.9 (0.0s)
  [220/270] P105 best=95.0 (0.0s)
  [221/270] S116 best=92.6 (0.0s)
  [222/270] S117 best=93.9 (0.0s)
  [223/270] P106 best=89.6 (0.0s)
  [224/270] P107 best=89.6 (0.0s)
  [225/270] P108 best=66.4 (0.0s)
  [226/270] P109 best=59.9 (0.0s)
  [227/270] S118 best=86.8 (0.0s)
  [228/270] P110 best=88.7 (0.0s)
  [229/270] S119 best=86.2 (0.0s)
  [230/270] S120 best=85.4 (0.0s)
  [231/270] P111 best=83.2 (0.0s)
  [232/270] S121 best=84.2 (0.1s)
  [233/270] S122 best=81.3 (0.1s)
  [234/270] S123 best=78.8 (0.0s)
  [235/270] S124 best=79.7 (0.0s)
  [236/270] P112 best=77.9 (0.0s)
  [237/270] S125 best=78.2 (0.0s)
  [238/270] S126 best=72.9 (0.0s)
  [239/270] P113 best=72.5 (0.0s)
  [240/270] P114 best=64.0 (0.0s)
  [241/270] S127 best=59.8 (0.0s)
  [242/270] S128 best=66.2 (0.0s)
  [243/270] S129 best=65.1 (0.0s)
  [244/270] P115 best=55.3 (0.0s)
  [245/270] P116 best=56.0 (0.1s)
  [246/270] S130 best=44.4 (0.0s)
  [247/270] P117 best=28.5 (0.0s)
  [248/270] P118 best=57.2 (0.0s)
  [249/270] P119 best=24.1 (0.0s)
  [250/270] P120 best=43.2 (0.0s)
  [251/270] P121 best=46.9 (0.0s)
  [252/270] P122 best=40.2 (0.0s)
  [253/270] S131 best=51.7 (0.0s)
  [254/270] P123 best=50.9 (0.0s)
  [255/270] P124 best=50.4 (0.0s)
  [256/270] P125 best=49.0 (0.0s)
  [257/270] S132 best=46.5 (0.0s)
  [258/270] P126 best=0.3 (0.0s)
  [259/270] S133 best=45.9 (0.0s)
  [260/270] S134 best=20.9 (0.0s)
  [261/270] P127 best=30.4 (0.0s)
  [262/270] P128 best=39.3 (0.0s)
  [263/270] S135 best=41.6 (0.0s)
  [264/270] P129 best=33.8 (0.0s)
  [265/270] P130 best=38.8 (0.0s)
  [266/270] S136 best=36.6 (0.0s)
  [267/270] P131 best=40.3 (0.0s)
  [268/270] P132 best=36.7 (0.0s)
  [269/270] P133 best=29.9 (0.0s)
  [270/270] S137 best=30.1 (0.0s)
bound 254 families, unbound 16 (57s)
wrote scratch/affix-bindings-report.md, scratch/affix_bindings.json
total 60s
