1751 legal keypresses
=== sweep L: EXCEPTION_ALPHA=1.0 EXCLUSION_COST=5.0 FORM_COST=10.0
variant rivals: 4 fused, 23 apart, 874 out of reach; 2179 anchors remain (228s)
phase 3: 30 rules selected, 74 roots exact-evaluated (46s)
phase 3 swap pass: done (1s)
phase 4: 30 rules bound (1s)
wrote scratch/affix-sweep/L/affix-rules.tsv, scratch/affix-sweep/L/affix-rules-report.md
=== sweep M: EXCEPTION_ALPHA=1.0 EXCLUSION_COST=50.0 FORM_COST=100.0
variant rivals: 4 fused, 23 apart, 874 out of reach; 2179 anchors remain (187s)
phase 3: 30 rules selected, 54 roots exact-evaluated (37s)
phase 3 swap pass: done (1s)
phase 4: 30 rules bound (1s)
wrote scratch/affix-sweep/M/affix-rules.tsv, scratch/affix-sweep/M/affix-rules-report.md
=== sweep H: EXCEPTION_ALPHA=2.0 EXCLUSION_COST=150.0 FORM_COST=300.0
variant rivals: 13 fused, 14 apart, 874 out of reach; 2162 anchors remain (142s)
phase 3: 30 rules selected, 37 roots exact-evaluated (13s)
phase 3 swap pass: done (2s)
phase 4: 30 rules bound (3s)
wrote scratch/affix-sweep/H/affix-rules.tsv, scratch/affix-sweep/H/affix-rules-report.md
wrote scratch/affix-sweep/comparison.md
total 669s
