candidates: 985 (2s)
families: 267 (4s)
top 30 families by upper bound (sum freq x span):
  P001   10552.2 sub=2 a ha
  S001    8381.7 sub=2 ·°ment ment
  S002    7945.7 sub=5 ter té trer tant tter tier ce
  P002    7705.8 sub=2 re ré ren rem re re
  P003    5439.1 sub=2 en em an
  S003    4984.3 sub=4 ser sser cer ser ·asser ·@cer cé ssé
  P004    4818.5 sub=2 pour pou po por pom
  S004    4205.0 sub=2 tion tion ssion sion sion llon ption
  P005    3416.5 sub=6 aE· ao· a@· ae· auo· au· au@·
  S005    3314.8 sub=2 ·ation ·ission ction
  P006    3298.1 sub=1 com con cons com
  S006    3297.7 sub=4 ler lé let ller lant lent fler
  P007    3217.7 sub=1 dé dé
  S007    3188.3 sub=4 ner nant nner née né net nais nnant
  P008    2775.0 sub=2 per ser inER· éER· cer fer ter enER·
  P009    2735.0 sub=2 ai· ai°· ais·
  S008    2728.3 sub=4 ·ité ·@ter ·oté ·°té
  S009    2621.5 sub=4 der dant dent ·ider dé ·@der
  S010    2605.1 sub=4 ·Etement ·2sement ·ablement ·Ellement ·Erement ·alement ·Enement ·iquement
  P010    2565.1 sub=1 sa sau
  S011    2554.8 sub=4 ver vé vent vant vée
  S012    2551.5 sub=3 son çon don ton sson ron son on
  S013    2352.4 sub=2 ·°nant ·°nu
  P011    2328.2 sub=3 pro proe· proi· pro poe· proa· proo·
  S014    2269.6 sub=3 rer ·erer rant ·yrer ré rrer rent ·orer
  P012    2250.3 sub=4 sou cou nou dou ou fou
  P013    2137.4 sub=2 é hé
  P014    2118.3 sub=2 se sé ce sen cen cé
  P015    2067.1 sub=3 ma maa· mea·
  P016    2059.1 sub=1 par parti
1751 legal keypresses (1s)
  [1/267] P001 best=4729.8 (0.1s)
  [2/267] S001 best=8288.8 (1.4s)
  [3/267] S002 best=6601.7 (5.8s)
  [4/267] P002 best=5564.3 (5.8s)
  [5/267] P003 best=2499.1 (0.1s)
  [6/267] S003 best=4897.3 (0.9s)
  [7/267] P004 best=3674.9 (0.4s)
  [8/267] S004 best=3697.1 (1.6s)
  [9/267] P005 best=818.4 (0.4s)
  [10/267] S005 best=3173.0 (1.5s)
  [11/267] P006 best=2855.1 (2.0s)
  [12/267] S006 best=2255.8 (1.5s)
  [13/267] P007 best=1974.8 (2.4s)
  [14/267] S007 best=1102.7 (2.4s)
  [15/267] P008 best=1129.7 (0.4s)
  [16/267] P009 best=387.7 (0.2s)
  [17/267] S008 best=1409.9 (1.8s)
  [18/267] S009 best=1840.3 (1.1s)
  [19/267] S010 best=1736.7 (0.4s)
  [20/267] P010 best=1734.9 (0.3s)
  [21/267] S011 best=1007.0 (0.9s)
  [22/267] S012 best=0.0 (0.0s)
  [23/267] S013 best=2152.9 (0.0s)
  [24/267] P011 best=1802.3 (0.4s)
  [25/267] S014 best=1535.1 (2.1s)
  [26/267] P012 best=2144.3 (0.1s)
  [27/267] P013 best=593.8 (0.0s)
  [28/267] P014 best=1367.7 (0.2s)
  [29/267] P015 best=827.7 (0.2s)
  [30/267] P016 best=1985.5 (0.1s)
  [31/267] P017 best=0.0 (0.0s)
  [32/267] S015 best=1989.8 (0.2s)
  [33/267] S016 best=1626.1 (1.8s)
  [34/267] P018 best=326.8 (0.6s)
  [35/267] S017 best=1730.4 (1.2s)
  [36/267] P019 best=1225.1 (0.4s)
  [37/267] P020 best=279.6 (0.2s)
  [38/267] P021 best=1420.6 (0.2s)
  [39/267] S018 best=631.3 (1.4s)
  [40/267] P022 best=302.3 (0.1s)
  [41/267] S019 best=1294.1 (1.1s)
  [42/267] P023 best=547.6 (0.4s)
  [43/267] S020 best=449.0 (0.5s)
  [44/267] S021 best=660.3 (0.2s)
  [45/267] P024 best=461.4 (0.1s)
  [46/267] P025 best=1128.6 (0.3s)
  [47/267] P026 best=1361.8 (0.0s)
  [48/267] S022 best=1189.5 (0.0s)
  [49/267] P027 best=1035.0 (0.9s)
  [50/267] S023 best=1159.6 (0.2s)
  [51/267] P028 best=1105.9 (0.2s)
  [52/267] P029 best=969.8 (0.3s)
  [53/267] S024 best=903.1 (0.3s)
  [54/267] P030 best=36.8 (0.0s)
  [55/267] P031 best=1150.5 (0.0s)
  [56/267] P032 best=1118.2 (0.2s)
  [57/267] S025 best=853.5 (0.4s)
  [58/267] P033 best=594.2 (0.2s)
  [59/267] S026 best=1042.8 (0.9s)
  [60/267] P034 best=625.5 (0.1s)
  [61/267] S027 best=804.5 (0.0s)
  [62/267] S028 best=963.7 (0.0s)
  [63/267] S029 best=933.2 (0.1s)
  [64/267] P035 best=671.2 (0.4s)
  [65/267] P036 best=183.3 (0.0s)
  [66/267] S030 best=656.6 (0.3s)
  [67/267] S031 best=571.4 (0.6s)
  [68/267] P037 best=322.6 (0.2s)
  [69/267] S032 best=934.1 (0.3s)
  [70/267] S033 best=722.9 (0.3s)
  [71/267] P038 best=675.1 (0.7s)
  [72/267] S034 best=648.7 (0.1s)
  [73/267] P039 best=854.2 (0.0s)
  [74/267] P040 best=807.9 (0.1s)
  [75/267] S035 best=755.9 (0.0s)
  [76/267] P041 best=258.4 (0.0s)
  [77/267] P042 best=635.2 (0.1s)
  [78/267] P043 best=753.1 (0.3s)
  [79/267] P044 best=275.1 (0.1s)
  [80/267] P045 best=258.1 (0.2s)
  [81/267] P046 best=329.9 (0.1s)
  [82/267] P047 best=606.0 (0.0s)
  [83/267] P048 best=443.8 (0.0s)
  [84/267] P049 best=313.5 (0.1s)
  [85/267] S036 best=615.2 (0.2s)
  [86/267] P050 best=748.7 (0.1s)
  [87/267] P051 best=689.9 (0.1s)
  [88/267] S037 best=616.9 (0.6s)
  [89/267] P052 best=690.5 (0.0s)
  [90/267] P053 best=633.5 (0.1s)
  [91/267] P054 best=110.7 (0.2s)
  [92/267] S038 best=656.6 (0.3s)
  [93/267] S039 best=607.6 (0.4s)
  [94/267] P055 best=327.2 (0.1s)
  [95/267] S040 best=616.0 (0.0s)
  [96/267] S041 best=519.0 (0.5s)
  [97/267] S042 best=559.4 (0.0s)
  [98/267] S043 best=619.4 (0.2s)
  [99/267] S044 best=619.4 (0.5s)
  [100/267] S045 best=551.9 (0.1s)
  [101/267] P056 best=294.0 (0.0s)
  [102/267] P057 best=238.4 (0.1s)
  [103/267] S046 best=522.4 (0.2s)
  [104/267] P058 best=80.9 (0.1s)
  [105/267] P059 best=358.0 (0.0s)
  [106/267] P060 best=268.6 (0.0s)
  [107/267] P061 best=325.2 (0.0s)
  [108/267] S047 best=506.8 (0.3s)
  [109/267] P062 best=474.9 (0.2s)
  [110/267] P063 best=388.9 (0.0s)
  [111/267] S048 best=470.1 (0.0s)
  [112/267] S049 best=391.9 (0.2s)
  [113/267] S050 best=441.9 (0.2s)
  [114/267] P064 best=404.3 (0.1s)
  [115/267] S051 best=303.8 (0.2s)
  [116/267] P065 best=218.9 (0.1s)
  [117/267] P066 best=342.0 (0.1s)
  [118/267] S052 best=411.7 (0.1s)
  [119/267] P067 best=381.6 (0.1s)
  [120/267] S053 best=388.2 (0.1s)
  [121/267] P068 best=205.8 (0.1s)
  [122/267] P069 best=389.5 (0.0s)
  [123/267] S054 best=397.5 (0.3s)
  [124/267] P070 best=304.7 (0.1s)
  [125/267] S055 best=167.7 (0.0s)
  [126/267] P071 best=351.8 (0.2s)
  [127/267] S056 best=346.5 (0.1s)
  [128/267] P072 best=348.9 (0.0s)
  [129/267] P073 best=112.3 (0.1s)
  [130/267] S057 best=336.7 (0.1s)
  [131/267] S058 best=356.7 (0.0s)
  [132/267] P074 best=255.4 (0.1s)
  [133/267] P075 best=27.5 (0.0s)
  [134/267] S059 best=327.9 (0.9s)
  [135/267] S060 best=295.7 (0.1s)
  [136/267] S061 best=273.6 (0.1s)
  [137/267] S062 best=174.2 (0.1s)
  [138/267] P076 best=146.8 (0.0s)
  [139/267] S063 best=257.6 (0.1s)
  [140/267] P077 best=290.7 (0.2s)
  [141/267] P078 best=272.9 (0.1s)
  [142/267] P079 best=311.0 (0.4s)
  [143/267] P080 best=104.1 (0.0s)
  [144/267] S064 best=305.1 (0.1s)
  [145/267] S065 best=328.6 (0.0s)
  [146/267] S066 best=326.2 (0.1s)
  [147/267] P081 best=108.2 (0.0s)
  [148/267] P082 best=315.2 (0.0s)
  [149/267] S067 best=302.8 (0.1s)
  [150/267] S068 best=236.5 (0.2s)
  [151/267] P083 best=237.6 (0.1s)
  [152/267] S069 best=291.1 (0.0s)
  [153/267] P084 best=75.5 (0.1s)
  [154/267] P085 best=130.4 (0.0s)
  [155/267] S070 best=103.2 (0.0s)
  [156/267] S071 best=252.5 (0.1s)
  [157/267] S072 best=259.2 (0.1s)
  [158/267] S073 best=266.6 (0.1s)
  [159/267] S074 best=228.8 (0.1s)
  [160/267] S075 best=237.4 (0.1s)
  [161/267] S076 best=189.6 (0.0s)
  [162/267] S077 best=5.4 (0.0s)
  [163/267] P086 best=191.1 (0.1s)
  [164/267] S078 best=238.5 (0.0s)
  [165/267] S079 best=236.0 (0.1s)
  [166/267] P087 best=4.0 (0.0s)
  [167/267] P088 best=131.5 (0.0s)
  [168/267] S080 best=231.6 (0.1s)
  [169/267] P089 best=118.0 (0.0s)
  [170/267] P090 best=170.6 (0.4s)
  [171/267] S081 best=200.7 (0.1s)
  [172/267] S082 best=209.5 (0.0s)
  [173/267] S083 best=215.6 (0.0s)
  [174/267] S084 best=215.5 (0.0s)
  [175/267] S085 best=210.0 (0.0s)
  [176/267] S086 best=190.3 (0.1s)
  [177/267] P091 best=96.2 (0.0s)
  [178/267] P092 best=21.1 (0.0s)
  [179/267] S087 best=113.7 (0.1s)
  [180/267] P093 best=132.0 (0.4s)
  [181/267] P094 best=197.6 (0.0s)
  [182/267] S088 best=159.8 (0.0s)
  [183/267] S089 best=195.0 (0.0s)
  [184/267] S090 best=157.7 (0.2s)
  [185/267] P095 best=47.8 (0.0s)
  [186/267] P096 best=120.1 (0.2s)
  [187/267] P097 best=180.5 (0.1s)
  [188/267] S091 best=116.8 (0.1s)
  [189/267] P098 best=65.4 (0.0s)
  [190/267] P099 best=22.8 (0.0s)
  [191/267] P100 best=147.6 (0.1s)
  [192/267] S092 best=170.1 (0.0s)
  [193/267] S093 best=165.9 (0.1s)
  [194/267] S094 best=0.0 (0.0s)
  [195/267] S095 best=166.7 (0.0s)
  [196/267] S096 best=159.9 (0.1s)
  [197/267] P101 best=148.9 (0.1s)
  [198/267] P102 best=163.1 (0.1s)
  [199/267] P103 best=97.1 (0.1s)
  [200/267] S097 best=156.6 (0.0s)
  [201/267] P104 best=149.9 (0.1s)
  [202/267] S098 best=98.8 (0.1s)
  [203/267] S099 best=138.2 (0.0s)
  [204/267] S100 best=148.4 (0.0s)
  [205/267] P105 best=2.5 (0.0s)
  [206/267] P106 best=92.1 (0.0s)
  [207/267] S101 best=120.1 (0.1s)
  [208/267] S102 best=144.1 (0.1s)
  [209/267] P107 best=82.6 (0.0s)
  [210/267] S103 best=115.1 (0.0s)
  [211/267] P108 best=54.5 (0.1s)
  [212/267] P109 best=109.1 (0.0s)
  [213/267] S104 best=102.6 (0.0s)
  [214/267] S105 best=120.5 (0.0s)
  [215/267] S106 best=119.5 (0.0s)
  [216/267] S107 best=86.3 (0.0s)
  [217/267] P110 best=105.9 (0.3s)
  [218/267] P111 best=111.9 (0.0s)
  [219/267] S108 best=8.5 (0.0s)
  [220/267] P112 best=45.6 (0.0s)
  [221/267] S109 best=111.2 (0.1s)
  [222/267] S110 best=110.3 (0.0s)
  [223/267] S111 best=96.6 (0.2s)
  [224/267] S112 best=91.5 (0.1s)
  [225/267] P113 best=99.3 (0.0s)
  [226/267] P114 best=88.9 (0.1s)
  [227/267] P115 best=94.4 (0.1s)
  [228/267] P116 best=97.6 (0.1s)
  [229/267] S113 best=75.6 (0.0s)
  [230/267] P117 best=12.1 (0.0s)
  [231/267] S114 best=86.2 (0.0s)
  [232/267] S115 best=81.3 (0.1s)
  [233/267] S116 best=78.8 (0.0s)
  [234/267] P118 best=66.9 (0.1s)
  [235/267] S117 best=79.7 (0.0s)
  [236/267] P119 best=77.9 (0.0s)
  [237/267] S118 best=72.9 (0.0s)
  [238/267] S119 best=73.4 (0.0s)
  [239/267] P120 best=64.0 (0.0s)
  [240/267] P121 best=71.0 (0.0s)
  [241/267] P122 best=48.6 (0.2s)
  [242/267] S120 best=66.9 (0.0s)
  [243/267] S121 best=66.2 (0.0s)
  [244/267] P123 best=35.4 (0.0s)
  [245/267] P124 best=33.9 (0.1s)
  [246/267] P125 best=55.3 (0.0s)
  [247/267] P126 best=36.4 (0.0s)
  [248/267] S122 best=44.4 (0.0s)
  [249/267] P127 best=14.0 (0.0s)
  [250/267] S123 best=60.2 (0.0s)
  [251/267] P128 best=51.9 (0.0s)
  [252/267] S124 best=51.7 (0.0s)
  [253/267] P129 best=54.8 (0.0s)
  [254/267] P130 best=44.5 (0.0s)
  [255/267] P131 best=43.2 (0.0s)
  [256/267] P132 best=46.9 (0.0s)
  [257/267] P133 best=40.2 (0.0s)
  [258/267] P134 best=50.4 (0.0s)
  [259/267] P135 best=49.1 (0.0s)
  [260/267] P136 best=50.1 (0.0s)
  [261/267] P137 best=46.6 (0.0s)
  [262/267] S125 best=45.9 (0.0s)
  [263/267] S126 best=35.3 (0.0s)
  [264/267] P138 best=30.4 (0.0s)
  [265/267] S127 best=40.9 (0.0s)
  [266/267] P139 best=30.2 (0.0s)
  [267/267] S128 best=30.1 (0.0s)
unified: 71 merges accepted, 198 rejected (227s)
bound 169 families, unbound 27 (301s)
wrote scratch/affix-bindings-report.md, scratch/affix_bindings.json
total 310s
