40 selected, 54 exact-evaluated (70s)
curve: [9139.0, 13946.5, 18213.1, 21302.3, 24439.7, 27280.7, 29681.1, 32140.7, 34535.9, 36871.2, 39127.0, 41368.1, 43571.8, 45733.4, 47833.7, 49809.7, 51756.7, 53725.7, 55088.3, 56762.6, 58416.6, 60012.8, 61606.9, 63134.6, 64580.6, 65943.9, 67305.9, 68661.2, 70004.0, 71350.5, 72692.0, 73965.0, 75199.0, 76355.4, 77509.7, 78706.2, 79855.0, 80886.5, 81964.6, 82964.3]
1 suffix ment 9139.0
2 prefix re 4807.5
3 suffix tion 4266.6
4 prefix a 3089.2
5 suffix té 3137.4
6 prefix de 2841.0
7 suffix ter 2629.1
8 prefix en 2459.6
9 suffix der 2395.2
10 suffix ver 2335.3
11 prefix co+col+com+con+cor 2255.8
12 suffix ·°nant 2241.1
13 prefix pour 2203.7
14 prefix sa 2161.6
15 suffix ser 2100.2
16 prefix pou 1976.1
17 suffix ·[au|blo|bo|ccro|chau|cho|cro|do|dro|fau|ffo|fo|fro|geo|glo|gno|go|illo|jo|lio|llo|lo|mmo|mo|nau|no|o|pho|pio|plô|ppro|pro|reau|rio|ro|sio|so|ssau|ssio|sso|tau|tio|to|tro|trô|vau|vio|vo|xo|xplo|ço]-{k,p}lé 2021.1
18 prefix par 1969.0
19 suffix ler 1808.3
20 prefix ré 1674.3
21 suffix ci 1653.9
22 suffix ger 1596.2
23 suffix ·[bai|be|chaî|clai|de|e|fe|ga|ge|gre|la|le|lhoue|nai|nna|pe|ple|ppre|pre|pê|re|roue|rrai|rrê|sei|ssa|sse|ta|tai|te|trai|za]ter 1606.2
24 prefix pro 1527.7
25 suffix teur 1446.1
26 prefix ja 1363.3
27 prefix im[bai|bi|bri|bu|man|me|pa|pal|par|pay|pe|pen|per|pi|plan|pli|po|pon|por|pos|pra|pre|pri|pro|prou|pru|pré|pu|pui|pé]-{pyl}· 1361.9
28 prefix ai· 1357.6
29 suffix rer 1431.1
30 suffix ·[bli|blii|boy|clé|cré|doy|dri|droy|flou|flu|geoy|gri|loy|loyi|moy|noy|pli|plii|ppli|ppuy|ppuyi|pri|prii|rroy|ré|ssuy|ssuyi|stru|toy|tri|trii|troy|ttoy|ttoyi|voy|voyi]-{n8ij,vRij}é 1346.6
31 suffix son 1341.5
32 suffix ner 1316.9
33 prefix ai 1234.0
34 suffix ture 1156.4
35 prefix per 1154.2
36 suffix ·°ment 6880.7
37 suffix cher 1287.4
38 prefix au 1031.5
39 suffix nir 1078.2
40 suffix cer 1004.8
