Loading theory (uses PhoneticTheory.pickle if present)...
Spliced finite rows: 34535; corrected: 531 (phon 531, syll_cv 531, orthosyll_cv 0)
  bêlâtes          ind:pas:2p;    ('belat', 'b_e|l_a_t_#', 'b_ê|l_â_t_es') -> ('bElat', 'b_E|l_a_t_#', 'b_ê|l_â_t_es')
  cornâtes         ind:pas:2p;    ('koRnat', 'k_o_R|n_a_t_#', 'c_o_r|n_â_t_es') -> ('kORnat', 'k_O_R|n_a_t_#', 'c_o_r|n_â_t_es')
  blairâtes        ind:pas:2p;    ('bleRat', 'b_l_e|R_a_t_#', 'b_l_ai|r_â_t_es') -> ('blERat', 'b_l_E|R_a_t_#', 'b_l_ai|r_â_t_es')
  aiguisâtes       ind:pas:2p;    ('egizat', 'e|g_i|z_a_t_#', 'ai|gu_i|s_â_t_es') -> ('Egizat', 'E|g_i|z_a_t_#', 'ai|gu_i|s_â_t_es')
  aiguise          sub:pre:1s;    ('egiz', 'e|g_i_z_#', 'ai|gu_i_s_e') -> ('Egiz', 'E|g_i_z_#', 'ai|gu_i_s_e')
  aiguises         sub:pre:2s;    ('egiz', 'e|g_i_z_#', 'ai|gu_i_s_es') -> ('Egiz', 'E|g_i_z_#', 'ai|gu_i_s_es')
  aiguise          sub:pre:3s;    ('egiz', 'e|g_i_z_#', 'ai|gu_i_s_e') -> ('Egiz', 'E|g_i_z_#', 'ai|gu_i_s_e')
  aiguillonnâtes   ind:pas:2p;    ('eg8ijonat', 'e|g_8_i|j_o|n_a_t_#', 'ai|g_u_i|ll_o|nn_â_t_es') -> ('Eg8ijonat', 'E|g_8_i|j_o|n_a_t_#', 'ai|g_u_i|ll_o|nn_â_t_es')
  aiguillonne      sub:pre:1s;    ('eg8ijOn', 'e|g_8_i|j_O_n_#', 'ai|g_u_i|ll_o_nn_e') -> ('Eg8ijOn', 'E|g_8_i|j_O_n_#', 'ai|g_u_i|ll_o_nn_e')
  aiguillonnes     sub:pre:2s;    ('eg8ijOn', 'e|g_8_i|j_O_n_#', 'ai|g_u_i|ll_o_nn_es') -> ('Eg8ijOn', 'E|g_8_i|j_O_n_#', 'ai|g_u_i|ll_o_nn_es')
  aiguillonne      sub:pre:3s;    ('eg8ijOn', 'e|g_8_i|j_O_n_#', 'ai|g_u_i|ll_o_nn_e') -> ('Eg8ijOn', 'E|g_8_i|j_O_n_#', 'ai|g_u_i|ll_o_nn_e')
  crêpâtes         ind:pas:2p;    ('kRepat', 'k_R_e|p_a_t_#', 'c_r_ê|p_â_t_es') -> ('kREpat', 'k_R_E|p_a_t_#', 'c_r_ê|p_â_t_es')
  compostâtes      ind:pas:2p;    ('k§postat', 'k_§|p_o_s|t_a_t_#', 'c_om|p_o_s|t_â_t_es') -> ('k§pOstat', 'k_§|p_O_s|t_a_t_#', 'c_om|p_o_s|t_â_t_es')
  prosternâtes     ind:pas:2p;    ('pRostERnat', 'p_R_o_s|t_E_R|n_a_t_#', 'p_r_o_s|t_e_r|n_â_t_es') -> ('pROstERnat', 'p_R_O_s|t_E_R|n_a_t_#', 'p_r_o_s|t_e_r|n_â_t_es')
  prosterne        sub:pre:1s;    ('pRostERn', 'p_R_o_s|t_E_R_n_#', 'p_r_o_s|t_e_r_n_e') -> ('pROstERn', 'p_R_O_s|t_E_R_n_#', 'p_r_o_s|t_e_r_n_e')
  prosternes       sub:pre:2s;    ('pRostERn', 'p_R_o_s|t_E_R_n_#', 'p_r_o_s|t_e_r_n_es') -> ('pROstERn', 'p_R_O_s|t_E_R_n_#', 'p_r_o_s|t_e_r_n_es')
  prosterne        sub:pre:3s;    ('pRostERn', 'p_R_o_s|t_E_R_n_#', 'p_r_o_s|t_e_r_n_e') -> ('pROstERn', 'p_R_O_s|t_E_R_n_#', 'p_r_o_s|t_e_r_n_e')
  observâtes       ind:pas:2p;    ('opsERvat', 'o_p|s_E_R|v_a_t_#', 'o_b|s_e_r|v_â_t_es') -> ('OpsERvat', 'O_p|s_E_R|v_a_t_#', 'o_b|s_e_r|v_â_t_es')
  bêchâtes         ind:pas:2p;    ('beSat', 'b_e|S_a_t_#', 'b_ê|ch_â_t_es') -> ('bESat', 'b_E|S_a_t_#', 'b_ê|ch_â_t_es')
  portâtes         ind:pas:2p;    ('poRtat', 'p_o_R|t_a_t_#', 'p_o_r|t_â_t_es') -> ('pORtat', 'p_O_R|t_a_t_#', 'p_o_r|t_â_t_es')
  empêtrâtes       ind:pas:2p;    ('@petRat', '@|p_e|t_R_a_t_#', 'em|p_ê|t_r_â_t_es') -> ('@pEtRat', '@|p_E|t_R_a_t_#', 'em|p_ê|t_r_â_t_es')
  supportâtes      ind:pas:2p;    ('sypoRtat', 's_y|p_o_R|t_a_t_#', 's_u|pp_o_r|t_â_t_es') -> ('sypORtat', 's_y|p_O_R|t_a_t_#', 's_u|pp_o_r|t_â_t_es')
  vêlâtes          ind:pas:2p;    ('velat', 'v_e|l_a_t_#', 'v_ê|l_â_t_es') -> ('vElat', 'v_E|l_a_t_#', 'v_ê|l_â_t_es')
  fainéantâtes     ind:pas:2p;    ('fene@tat', 'f_e|n_e|@|t_a_t_#', 'f_ai|n_é|an|t_â_t_es') -> ('fEne@tat', 'f_E|n_e|@|t_a_t_#', 'f_ai|n_é|an|t_â_t_es')
  fainéante        sub:pre:1s;    ('fene@t', 'f_e|n_e|@_t_#', 'f_ai|n_é|an_t_e') -> ('fEne@t', 'f_E|n_e|@_t_#', 'f_ai|n_é|an_t_e')
