Loading theory (uses PhoneticTheory.pickle if present)...
Spliced finite rows: 34535; corrected: 142 (phon 142, syll_cv 142, orthosyll_cv 0)
  javellisâtes     ind:pas:2p;    ('Zavelizat', 'Z_a|v_e|l_i|z_a_t_#', 'j_a|v_e|ll_i|s_â_t_es') -> ('ZavElizat', 'Z_a|v_E|l_i|z_a_t_#', 'j_a|v_e|ll_i|s_â_t_es')
  javellise        sub:pre:1s;    ('Zaveliz', 'Z_a|v_e|l_i_z_#', 'j_a|v_e|ll_i_s_e') -> ('ZavEliz', 'Z_a|v_E|l_i_z_#', 'j_a|v_e|ll_i_s_e')
  javellises       sub:pre:2s;    ('Zaveliz', 'Z_a|v_e|l_i_z_#', 'j_a|v_e|ll_i_s_es') -> ('ZavEliz', 'Z_a|v_E|l_i_z_#', 'j_a|v_e|ll_i_s_es')
  javellise        sub:pre:3s;    ('Zaveliz', 'Z_a|v_e|l_i_z_#', 'j_a|v_e|ll_i_s_e') -> ('ZavEliz', 'Z_a|v_E|l_i_z_#', 'j_a|v_e|ll_i_s_e')
  oppressâtes      ind:pas:2p;    ('opResat', 'o|p_R_e|s_a_t_#', 'o|pp_r_e|ss_â_t_es') -> ('opREsat', 'o|p_R_E|s_a_t_#', 'o|pp_r_e|ss_â_t_es')
  paressâtes       ind:pas:2p;    ('paResat', 'p_a|R_e|s_a_t_#', 'p_a|r_e|ss_â_t_es') -> ('paREsat', 'p_a|R_E|s_a_t_#', 'p_a|r_e|ss_â_t_es')
  régressâtes      ind:pas:2p;    ('RegResat', 'R_e|g_R_e|s_a_t_#', 'r_é|g_r_e|ss_â_t_es') -> ('RegREsat', 'R_e|g_R_E|s_a_t_#', 'r_é|g_r_e|ss_â_t_es')
  désintéressâtes  ind:pas:2p;    ('dez5teResat', 'd_e|z_5|t_e|R_e|s_a_t_#', 'd_é|s_in|t_é|r_e|ss_â_t_es') -> ('dez5teREsat', 'd_e|z_5|t_e|R_E|s_a_t_#', 'd_é|s_in|t_é|r_e|ss_â_t_es')
  impressionnâtes  ind:pas:2p;    ('5pResjonat', '5|p_R_e|s_j_o|n_a_t_#', 'im|p_r_e|ss_i_o|nn_â_t_es') -> ('5pREsjonat', '5|p_R_E|s_j_o|n_a_t_#', 'im|p_r_e|ss_i_o|nn_â_t_es')
  impressionne     sub:pre:1s;    ('5pResjOn', '5|p_R_e|s_j_O_n_#', 'im|p_r_e|ss_i_o_nn_e') -> ('5pREsjOn', '5|p_R_E|s_j_O_n_#', 'im|p_r_e|ss_i_o_nn_e')
  impressionnes    sub:pre:2s;    ('5pResjOn', '5|p_R_e|s_j_O_n_#', 'im|p_r_e|ss_i_o_nn_es') -> ('5pREsjOn', '5|p_R_E|s_j_O_n_#', 'im|p_r_e|ss_i_o_nn_es')
  impressionne     sub:pre:3s;    ('5pResjOn', '5|p_R_e|s_j_O_n_#', 'im|p_r_e|ss_i_o_nn_e') -> ('5pREsjOn', '5|p_R_E|s_j_O_n_#', 'im|p_r_e|ss_i_o_nn_e')
  dépressurisâtes  ind:pas:2p;    ('depResyRizat', 'd_e|p_R_e|s_y|R_i|z_a_t_#', 'd_é|p_r_e|ss_u|r_i|s_â_t_es') -> ('depREsyRizat', 'd_e|p_R_E|s_y|R_i|z_a_t_#', 'd_é|p_r_e|ss_u|r_i|s_â_t_es')
  dépressurise     sub:pre:1s;    ('depResyRiz', 'd_e|p_R_e|s_y|R_i_z_#', 'd_é|p_r_e|ss_u|r_i_s_e') -> ('depREsyRiz', 'd_e|p_R_E|s_y|R_i_z_#', 'd_é|p_r_e|ss_u|r_i_s_e')
  dépressurises    sub:pre:2s;    ('depResyRiz', 'd_e|p_R_e|s_y|R_i_z_#', 'd_é|p_r_e|ss_u|r_i_s_es') -> ('depREsyRiz', 'd_e|p_R_E|s_y|R_i_z_#', 'd_é|p_r_e|ss_u|r_i_s_es')
  dépressurise     sub:pre:3s;    ('depResyRiz', 'd_e|p_R_e|s_y|R_i_z_#', 'd_é|p_r_e|ss_u|r_i_s_e') -> ('depREsyRiz', 'd_e|p_R_E|s_y|R_i_z_#', 'd_é|p_r_e|ss_u|r_i_s_e')
  nécessitâtes     ind:pas:2p;    ('nesesitat', 'n_e|s_e|s_i|t_a_t_#', 'n_é|c_e|ss_i|t_â_t_es') -> ('nesEsitat', 'n_e|s_E|s_i|t_a_t_#', 'n_é|c_e|ss_i|t_â_t_es')
  nécessite        sub:pre:1s;    ('nesesit', 'n_e|s_e|s_i_t_#', 'n_é|c_e|ss_i_t_e') -> ('nesEsit', 'n_e|s_E|s_i_t_#', 'n_é|c_e|ss_i_t_e')
  nécessites       sub:pre:2s;    ('nesesit', 'n_e|s_e|s_i_t_#', 'n_é|c_e|ss_i_t_es') -> ('nesEsit', 'n_e|s_E|s_i_t_#', 'n_é|c_e|ss_i_t_es')
  nécessite        sub:pre:3s;    ('nesesit', 'n_e|s_e|s_i_t_#', 'n_é|c_e|ss_i_t_e') -> ('nesEsit', 'n_e|s_E|s_i_t_#', 'n_é|c_e|ss_i_t_e')
  épierrâtes       ind:pas:2p;    ('epjeRat', 'e|p_j_e|R_a_t_#', 'é|p_i_e|rr_â_t_es') -> ('epjERat', 'e|p_j_E|R_a_t_#', 'é|p_i_e|rr_â_t_es')
  assujettissons   ind:pre:1p;    ('asyZetis§', 'a|s_y|Z_e|t_i|s_§', 'a|ss_u|j_e|tt_i|ss_ons') -> ('asyZEtis§', 'a|s_y|Z_E|t_i|s_§', 'a|ss_u|j_e|tt_i|ss_ons')
  assujettissez    ind:pre:2p;    ('asyZetise', 'a|s_y|Z_e|t_i|s_e', 'a|ss_u|j_e|tt_i|ss_ez') -> ('asyZEtise', 'a|s_y|Z_E|t_i|s_e', 'a|ss_u|j_e|tt_i|ss_ez')
  assujettissais   ind:imp:1s;    ('asyZetisE', 'a|s_y|Z_e|t_i|s_E', 'a|ss_u|j_e|tt_i|ss_ais') -> ('asyZEtisE', 'a|s_y|Z_E|t_i|s_E', 'a|ss_u|j_e|tt_i|ss_ais')
  assujettissais   ind:imp:2s;    ('asyZetisE', 'a|s_y|Z_e|t_i|s_E', 'a|ss_u|j_e|tt_i|ss_ais') -> ('asyZEtisE', 'a|s_y|Z_E|t_i|s_E', 'a|ss_u|j_e|tt_i|ss_ais')
