1751 legal keypresses
L 1 man|mand|mant|ment|ments|mmant 2806 4208 103 977
L 2 ccion|cion|cyon|sion|ssion|tio 2323 3618 42 473
L 3 de 258 3942 3 1
L 4 in 3772 2749 181 203
L 5 der 1015 2195 39 10
L 6 pro|proh|prô 1288 2309 65 146
L 7 ce|sce|se 261 2370 13 12
L 8 im 835 1222 21 12
L 9 er 643 1082 1 0
L 10 nir 87 1146 0 0
L 11 ai 169 1276 8 0
L 12 per 784 1160 30 29
L 13 teur 1135 1101 37 67
L 14 ex 547 794 6 1
L 15 voir 40 1273 0 0
L 16 vou 87 1308 1 0
L 17 ture 216 982 0 0
L 18 ou 285 911 4 0
L 19 ve 62 1264 0 0
L 20 cou 531 1195 15 31
L 21 pen 180 1201 7 1
L 22 sou 642 1062 33 55
L 23 mi 79 1067 1 0
L 24 fi 538 1014 26 7
L 25 trou 131 1015 1 0
L 26 tant 310 811 3 0
L 27 si 542 778 11 1
L 28 vi 694 1006 36 88
L 29 per 443 700 17 4
L 30 té 356 561 18 2
M 1 man|mand|mant|ment|ments|mmant 2806 4208 103 977
M 2 ccion|cion|cyon|sion|ssion|tio 2323 3618 42 473
M 3 de 258 3942 3 1
M 4 au 546 3060 17 4
M 5 in 3772 2749 181 203
M 6 der 1015 2195 39 10
M 7 par 544 2997 8 74
M 8 sser 813 2322 12 10
M 9 ce|sce|se 261 2370 13 12
M 10 i 1941 1795 97 612
M 11 pro|proh|prô 1306 2337 47 118
M 12 o 1142 1836 59 115
M 13 im 842 1213 14 21
M 14 pré 1128 1445 45 10
M 15 cher 831 1789 0 0
M 16 ra 2411 1753 88 135
M 17 er 644 1082 0 0
M 18 nir 87 1146 0 0
M 19 ai 169 1276 8 0
M 20 di 1027 1384 53 422
M 21 po 664 1210 15 13
M 22 teur 1161 1141 11 28
M 23 mi 795 1335 34 38
M 24 vou 87 1308 1 0
M 25 voir 40 1273 0 0
M 26 ve 62 1264 0 0
M 27 nner 965 1001 11 3
M 28 ex 547 794 6 1
M 29 em 1634 1095 42 15
M 30 cer 597 891 1 0
H 1 ment 2723 4787 1 0
H 2 re 5759 5923 172 288
H 3 en 4110 5540 134 57
H 4 de 261 3943 0 0
H 5 ain|hin|im|in 4732 4320 88 77
H 6 tion 2162 3436 2 11
H 7 dé 10070 4794 210 263
H 8 ter 3152 4568 6 0
H 9 é 5972 4950 137 502
H 10 té 2866 2819 23 28
H 11 au 553 3063 10 1
H 12 cer|cé|cée|cés|scer|se|ser|sse 1989 4105 25 520
H 13 par 550 3071 2 0
H 14 der 1015 2195 39 10
H 15 pa|pei|pâ 1725 3150 88 50
H 16 ai|aî|e|ei|hai|he|hê|é 1886 3633 87 326
H 17 ver 446 2304 2 0
H 18 sa|sah 969 2644 48 6
H 19 pro|proh|prô 1301 2426 52 29
H 20 ce|sce|se 261 2370 13 12
H 21 ra|rai|raie|re|rhé|ré|réh 3608 2621 135 139
H 22 ser|sée|zer|zé 1853 1787 79 51
H 23 de|dea|di|die|dis|dy|dî 1175 1989 26 13
H 24 rae|rai|raie|re|rer|rez|rrer|r 1580 1968 53 51
H 25 o 1185 1942 16 9
H 26 ger 1023 1910 0 0
H 27 ner 1182 1562 44 3
H 28 e|hi|hy|i|y|î 2449 2010 57 537
H 29 ra 2450 1856 49 32
H 30 cher 831 1789 0 0
