[l']   527.0M  known completions cover  57.0%
[d']   369.6M  known completions cover  62.3%
[de l']   118.4M  known completions cover  47.0%
[à l']    62.5M  known completions cover  46.9%
[dans l']    21.1M  known completions cover  21.4%
[que l']    18.4M  known completions cover  42.1%
  MISSING from our bins: que l'enfant
  MISSING from our bins: que l'amour
  MISSING from our bins: que l'auteur
  MISSING from our bins: que l'histoire
  MISSING from our bins: que l'état
  MISSING from our bins: que l'idée
[et l']    15.6M  known completions cover   9.6%
  MISSING from our bins: et l'esprit
  MISSING from our bins: et l'homme
  MISSING from our bins: et l'amour
  MISSING from our bins: et l'un
  MISSING from our bins: et l'histoire
  MISSING from our bins: et l'a
  MISSING from our bins: et l'avait
  MISSING from our bins: et l'espace
[et d']    11.4M  known completions cover  33.1%
  MISSING from our bins: et d'en
  MISSING from our bins: et d'être
  MISSING from our bins: et d'avoir
  MISSING from our bins: et d'ailleurs
  MISSING from our bins: et d'y
  MISSING from our bins: et d'amour
[par l']    10.0M  known completions cover   5.8%
  MISSING from our bins: par l'état
  MISSING from our bins: par l'auteur
  MISSING from our bins: par l'entreprise
  MISSING from our bins: par l'homme
  MISSING from our bins: par l'administration
  MISSING from our bins: par l'un
  MISSING from our bins: par l'autre
  MISSING from our bins: par l'autorité
[sur l']     9.5M  known completions cover   9.2%
  MISSING from our bins: sur l'ensemble
  MISSING from our bins: sur l'écran
  MISSING from our bins: sur l'histoire
  MISSING from our bins: sur l'eau
  MISSING from our bins: sur l'état
  MISSING from our bins: sur l'un
  MISSING from our bins: sur l'évolution
[pour l']     9.0M  known completions cover   7.4%
  MISSING from our bins: pour l'autre
  MISSING from our bins: pour l'avenir
  MISSING from our bins: pour l'essentiel
  MISSING from our bins: pour l'homme
  MISSING from our bins: pour l'ensemble
  MISSING from our bins: pour l'aider
  MISSING from our bins: pour l'éternité
  MISSING from our bins: pour l'année
  MISSING from our bins: pour l'amour
[je l']     4.9M  known completions cover  53.3%
  MISSING from our bins: je l'aime
  MISSING from our bins: je l'espère
  MISSING from our bins: je l'aurais
  MISSING from our bins: je l'avoue
  MISSING from our bins: je l'entends
  MISSING from our bins: je l'aimais
  MISSING from our bins: je l'étais
  MISSING from our bins: je l'appelle
[avec l']     4.6M  known completions cover   0.0%
  MISSING from our bins: avec l'aide
  MISSING from our bins: avec l'autre
  MISSING from our bins: avec l'idée
  MISSING from our bins: avec l'accord
  MISSING from our bins: avec l'intention
  MISSING from our bins: avec l'un
  MISSING from our bins: avec l'âge
  MISSING from our bins: avec l'espoir
  MISSING from our bins: avec l'auteur
  MISSING from our bins: avec l'homme
[qui l']     4.3M  known completions cover  31.1%
  MISSING from our bins: qui l'avaient
  MISSING from our bins: qui l'on
  MISSING from our bins: qui l'attendait
  MISSING from our bins: qui l'entoure
  MISSING from our bins: qui l'entourent
  MISSING from our bins: qui l'entouraient
  MISSING from our bins: qui l'entourait
[et de l']     4.0M  known completions cover   4.7%
  MISSING from our bins: et de l'état
  MISSING from our bins: et de l'esprit
  MISSING from our bins: et de l'eau
  MISSING from our bins: et de l'espace
  MISSING from our bins: et de l'amour
  MISSING from our bins: et de l'environnement
  MISSING from our bins: et de l'histoire
  MISSING from our bins: et de l'industrie
  MISSING from our bins: et de l'éducation
[et à l']     1.4M  known completions cover   0.0%
  MISSING from our bins: et à l'étranger
  MISSING from our bins: et à l'intérieur
  MISSING from our bins: et à l'autre
  MISSING from our bins: et à l'extérieur
  MISSING from our bins: et à l'ouest
  MISSING from our bins: et à l'est
  MISSING from our bins: et à l'aide
  MISSING from our bins: et à l'heure
  MISSING from our bins: et à l'article
  MISSING from our bins: et à l'éducation
[ce que l']     1.3M  known completions cover  70.1%
  MISSING from our bins: ce que l'homme
  MISSING from our bins: ce que l'autre
  MISSING from our bins: ce que l'enfant
  MISSING from our bins: ce que l'un
  MISSING from our bins: ce que l'avenir
  MISSING from our bins: ce que l'auteur
  MISSING from our bins: ce que l'éternel
  MISSING from our bins: ce que l'amour
  MISSING from our bins: ce que l'esprit
[un coup d']     1.1M  known completions cover  93.0%
  MISSING from our bins: un coup d'état
  MISSING from our bins: un coup d'épaule
  MISSING from our bins: un coup d'épée
  MISSING from our bins: un coup d'oeil
  MISSING from our bins: un coup d'arrêt
  MISSING from our bins: un coup d'un
  MISSING from our bins: un coup d'etat
  MISSING from our bins: un coup d'aile
  MISSING from our bins: un coup d'éclat
[il s'agit d']     1.0M  known completions cover  76.5%
  MISSING from our bins: il s'agit d'abord
  MISSING from our bins: il s'agit d'être
  MISSING from our bins: il s'agit d'établir
  MISSING from our bins: il s'agit d'en
  MISSING from our bins: il s'agit d'identifier
  MISSING from our bins: il s'agit d'éviter
  MISSING from our bins: il s'agit d'aller
  MISSING from our bins: il s'agit d'étudier
[je ne l']     0.8M  known completions cover  48.9%
  MISSING from our bins: je ne l'avais
  MISSING from our bins: je ne l'aurais
  MISSING from our bins: je ne l'étais
  MISSING from our bins: je ne l'aime
  MISSING from our bins: je ne l'oublierai
  MISSING from our bins: je ne l'aimais
  MISSING from our bins: je ne l'imaginais
  MISSING from our bins: je ne l'aie
  MISSING from our bins: je ne l'eusse
[tout à l']     0.7M  known completions cover 100.3%
  MISSING from our bins: tout à l'entour
  MISSING from our bins: tout à l'aise
  MISSING from our bins: tout à l'honneur
  MISSING from our bins: tout à l'intérieur
  MISSING from our bins: tout à l'envers
  MISSING from our bins: tout à l'opposé
  MISSING from our bins: tout à l'inverse
  MISSING from our bins: tout à l'avantage
  MISSING from our bins: tout à l'idée
[droits de l']     0.7M  known completions cover  89.8%
  MISSING from our bins: droits de l'enfant
  MISSING from our bins: droits de l'individu
  MISSING from our bins: droits de l'état
  MISSING from our bins: droits de l'humanité
  MISSING from our bins: droits de l'auteur
  MISSING from our bins: droits de l'église
  MISSING from our bins: droits de l'animal
  MISSING from our bins: droits de l'usufruitier
[ou de l']     0.7M  known completions cover   0.0%
  MISSING from our bins: ou de l'autre
  MISSING from our bins: ou de l'eau
  MISSING from our bins: ou de l'un
  MISSING from our bins: ou de l'établissement
  MISSING from our bins: ou de l'éducation
  MISSING from our bins: ou de l'une
  MISSING from our bins: ou de l'entreprise
  MISSING from our bins: ou de l'article
  MISSING from our bins: ou de l'absence
  MISSING from our bins: ou de l'état
[celle de l']     0.6M  known completions cover   0.0%
  MISSING from our bins: celle de l'homme
  MISSING from our bins: celle de l'autre
  MISSING from our bins: celle de l'état
  MISSING from our bins: celle de l'enfant
  MISSING from our bins: celle de l'ouvrage
  MISSING from our bins: celle de l'amour
  MISSING from our bins: celle de l'esprit
  MISSING from our bins: celle de l'article
  MISSING from our bins: celle de l'eau
  MISSING from our bins: celle de l'église
[que je l']     0.6M  known completions cover  34.3%
  MISSING from our bins: que je l'avais
  MISSING from our bins: que je l'aime
  MISSING from our bins: que je l'aurais
  MISSING from our bins: que je l'aimais
  MISSING from our bins: que je l'aie
  MISSING from our bins: que je l'entends
  MISSING from our bins: que je l'étais
  MISSING from our bins: que je l'appelle
  MISSING from our bins: que je l'aide
[au bout d']     0.6M  known completions cover  64.3%
  MISSING from our bins: au bout d'une
  MISSING from our bins: au bout d'environ
  MISSING from our bins: au bout d'à
  MISSING from our bins: au bout d'elle
  MISSING from our bins: au bout d'1
  MISSING from our bins: au bout d'interminables
  MISSING from our bins: au bout d'la
  MISSING from our bins: au bout d'eux
  MISSING from our bins: au bout d'en
[des droits de l']     0.5M  known completions cover  93.2%
[la fin de l']     0.5M  known completions cover  28.6%
[dans le cadre d']     0.4M  known completions cover  91.6%
[au sein de l']     0.4M  known completions cover   0.0%
[jeta un coup d']     0.3M  known completions cover  99.3%
[n'y a pas d']     0.3M  known completions cover  15.0%
[à la recherche d']     0.3M  known completions cover  79.1%
[sous la forme d']     0.3M  known completions cover  89.0%
[de part et d']     0.3M  known completions cover  98.9%
[la question de l']     0.2M  known completions cover   0.0%
[au cours de l']     0.2M  known completions cover  23.6%
[par rapport à l']     0.2M  known completions cover   0.0%
wrote /home/jfsp/stenalgo-fix/scratch/top_ngrams/fragment_completions.tsv
