
=== resources/LexiqueMixte.tsv: 618 rows ===
  bletiR -> blEtiR   b_l_e|t_i_R -> b_l_E|t_i_R
  desEla -> dEsEla   d_e|s_E|l_a -> d_E|s_E|l_a
  desEl@ -> dEsEl@   d_e|s_E|l_@ -> d_E|s_E|l_@
  desEle -> dEsEle   d_e|s_E|l_e -> d_E|s_E|l_e
  desEle -> dEsEle   d_e|s_E|l_e -> d_E|s_E|l_e
  desEle -> dEsEle   d_e|s_E|l_e -> d_E|s_E|l_e
  desEle -> dEsEle   d_e|s_E|l_e_# -> d_E|s_E|l_e_#
  desEle -> dEsEle   d_e|s_E|l_e_# -> d_E|s_E|l_e_#
  desEle -> dEsEle   d_e|s_E|l_e_# -> d_E|s_E|l_e_#
  des@ -> dEs@   d_e|s_@_# -> d_E|s_@_#
  des@dE -> dEs@dE   d_e|s_@|d_E -> d_E|s_@|d_E
  des@dE -> dEs@dE   d_e|s_@|d_E -> d_E|s_@|d_E
  des@dE -> dEs@dE   d_e|s_@|d_E -> d_E|s_@|d_E
  des@d@ -> dEs@d@   d_e|s_@|d_@ -> d_E|s_@|d_@
  des@d -> dEs@d   d_e|s_@_d_# -> d_E|s_@_d_#
  des@d -> dEs@d   d_e|s_@_d_# -> d_E|s_@_d_#
  des@d -> dEs@d   d_e|s_@_d_# -> d_E|s_@_d_#
  des@de -> dEs@de   d_e|s_@|d_e -> d_E|s_@|d_e
  des@dje -> dEs@dje   d_e|s_@|d_j_e -> d_E|s_@|d_j_e
  des@dj§ -> dEs@dj§   d_e|s_@|d_j_§ -> d_E|s_@|d_j_§
  des@diR -> dEs@diR   d_e|s_@|d_i_R_# -> d_E|s_@|d_i_R_#
  des@di -> dEs@di   d_e|s_@|d_i -> d_E|s_@|d_i
  des@di -> dEs@di   d_e|s_@|d_i -> d_E|s_@|d_i
  des@d§ -> dEs@d§   d_e|s_@|d_§ -> d_E|s_@|d_§
  des@dRa -> dEs@dRa   d_e|s_@|d_R_a -> d_E|s_@|d_R_a
  des@dRe -> dEs@dRe   d_e|s_@|d_R_e -> d_E|s_@|d_R_e
  des@dRE -> dEs@dRE   d_e|s_@|d_R_E -> d_E|s_@|d_R_E
  des@dRE -> dEs@dRE   d_e|s_@|d_R_E -> d_E|s_@|d_R_E
  des@dRE -> dEs@dRE   d_e|s_@|d_R_E -> d_E|s_@|d_R_E
  des@dRa -> dEs@dRa   d_e|s_@|d_R_a -> d_E|s_@|d_R_a
  des@dR -> dEs@dR   d_e|s_@_d_R_# -> d_E|s_@_d_R_#
  des@dRe -> dEs@dRe   d_e|s_@|d_R_e -> d_E|s_@|d_R_e
  des@dRie -> dEs@dRie   d_e|s_@|d_R_i|e -> d_E|s_@|d_R_i|e
  des@dRij§ -> dEs@dRij§   d_e|s_@|d_R_ij|§ -> d_E|s_@|d_R_ij|§
  des@dR§ -> dEs@dR§   d_e|s_@|d_R_§ -> d_E|s_@|d_R_§
  des@dR§ -> dEs@dR§   d_e|s_@|d_R_§ -> d_E|s_@|d_R_§
  des@ -> dEs@   d_e|s_@_# -> d_E|s_@_#
  des@dy -> dEs@dy   d_e|s_@|d_y -> d_E|s_@|d_y
  des@dy -> dEs@dy   d_e|s_@|d_y_# -> d_E|s_@|d_y_#
  des@dy -> dEs@dy   d_e|s_@|d_y_# -> d_E|s_@|d_y_#
  des@dy -> dEs@dy   d_e|s_@|d_y -> d_E|s_@|d_y
  des@dim -> dEs@dim   d_e|s_@|d_i_m_# -> d_E|s_@|d_i_m_#
  desEzi -> dEsEzi   d_e|s_E|z_i -> d_E|s_E|z_i
  deseziR -> dEseziR   d_e|s_e|z_i_R -> d_E|s_e|z_i_R
  desEzi -> dEsEzi   d_e|s_E|z_i -> d_E|s_E|z_i
  desEzisE -> dEsEzisE   d_e|s_E|z_i|s_E -> d_E|s_E|z_i|s_E
  desEzis -> dEsEzis   d_e|s_E|z_i_s_# -> d_E|s_E|z_i_s_#
  desEzi -> dEsEzi   d_e|s_E|z_i -> d_E|s_E|z_i
  desalE -> dEsalE   d_e|s_a|l_E -> d_E|s_a|l_E
  desalE -> dEsalE   d_e|s_a|l_E -> d_E|s_a|l_E
  desal@ -> dEsal@   d_e|s_a|l_@ -> d_E|s_a|l_@
  desal -> dEsal   d_e|s_a_l_# -> d_E|s_a_l_#
  desale -> dEsale   d_e|s_a|l_e -> d_E|s_a|l_e
  desale -> dEsale   d_e|s_a|l_e -> d_E|s_a|l_e
  desap -> dEsap   d_e|s_a_p_# -> d_E|s_a_p_#
  dsape -> dEsape   d_#_s_a|p_e -> d_E|s_a|p_e
  desEl -> dEsEl   d_e|s_E_l_# -> d_E|s_E_l_#
  desEle -> dEsEle   d_e|s_E|l_e -> d_E|s_E|l_e
  desEle -> dEsEle   d_e|s_E|l_e -> d_E|s_E|l_e
  desEle -> dEsEle   d_e|s_E|l_e -> d_E|s_E|l_e
  desEle -> dEsEle   d_e|s_E|l_e_# -> d_E|s_E|l_e_#
  desEle -> dEsEle   d_e|s_E|l_e_# -> d_E|s_E|l_e_#
  desERa -> dEsERa   d_e|s_E|R_a -> d_E|s_E|R_a
  desERe -> dEsERe   d_e|s_E|R_e -> d_E|s_E|R_e
  desERE -> dEsERE   d_e|s_E|R_E -> d_E|s_E|R_E
  desERE -> dEsERE   d_e|s_E|R_E -> d_E|s_E|R_E
  desERE -> dEsERE   d_e|s_E|R_E -> d_E|s_E|R_E
  desER@ -> dEsER@   d_e|s_E|R_@ -> d_E|s_E|R_@
  desER -> dEsER   d_e|s_E_R_# -> d_E|s_E_R_#
  desER -> dEsER   d_e|s_E_R_# -> d_E|s_E_R_#
  desERe -> dEsERe   d_e|s_E|R_e -> d_E|s_E|R_e
  desER°Ra -> dEsER°Ra   d_e|s_E|R_°|R_a -> d_E|s_E|R_°|R_a
  desER°RE -> dEsER°RE   d_e|s_E|R_°|R_E -> d_E|s_E|R_°|R_E
  desER°RE -> dEsER°RE   d_e|s_E|R_°|R_E -> d_E|s_E|R_°|R_E
  desERe -> dEsERe   d_e|s_E|R_e -> d_E|s_E|R_e
  desER§ -> dEsER§   d_e|s_E|R_§ -> d_E|s_E|R_§
  desERER -> dEsERER   d_e|s_E|R_E_R_# -> d_E|s_E|R_E_R_#
  desERe -> dEsERe   d_e|s_E|R_e -> d_E|s_E|R_e
  desERe -> dEsERe   d_e|s_E|R_e_# -> d_E|s_E|R_e_#
  desERe -> dEsERe   d_e|s_E|R_e_# -> d_E|s_E|R_e_#
  desERe -> dEsERe   d_e|s_E|R_e_# -> d_E|s_E|R_e_#
  desER -> dEsER   d_e|s_E_R_# -> d_E|s_E_R_#
  desER -> dEsER   d_e|s_E_R_# -> d_E|s_E_R_#
  desERti -> dEsERti   d_e|s_E_R|t_i_# -> d_E|s_E_R|t_i_#
  desERtiR -> dEsERtiR   d_e|s_E_R|t_i_R -> d_E|s_E_R|t_i_R
  desERvE -> dEsERvE   d_e|s_E_R|v_E -> d_E|s_E_R|v_E
  desERvE -> dEsERvE   d_e|s_E_R|v_E -> d_E|s_E_R|v_E
  desERv@ -> dEsERv@   d_e|s_E_R|v_@ -> d_E|s_E_R|v_@
  desERv -> dEsERv   d_e|s_E_R_v_# -> d_E|s_E_R_v_#
  desERv -> dEsERv   d_e|s_E_R_v_# -> d_E|s_E_R_v_#
  desERvi -> dEsERvi   d_e|s_E_R|v_i -> d_E|s_E_R|v_i
  desERvi -> dEsERvi   d_e|s_E_R|v_i_# -> d_E|s_E_R|v_i_#
  desERvi -> dEsERvi   d_e|s_E_R|v_i_# -> d_E|s_E_R|v_i_#
  desERviR -> dEsERviR   d_e|s_E_R|v_i_R -> d_E|s_E_R|v_i_R
  desERviRa -> dEsERviRa   d_e|s_E_R|v_i|R_a -> d_E|s_E_R|v_i|R_a
  desERviRE -> dEsERviRE   d_e|s_E_R|v_i|R_E -> d_E|s_E_R|v_i|R_E
  desERviR§ -> dEsERviR§   d_e|s_E_R|v_i|R_§ -> d_E|s_E_R|v_i|R_§
  desERvi -> dEsERvi   d_e|s_E_R|v_i -> d_E|s_E_R|v_i
  desERvi -> dEsERvi   d_e|s_E_R|v_i -> d_E|s_E_R|v_i
  desij -> dEsij   d_e|s_i_j_# -> d_E|s_i_j_#
  desije -> dEsije   d_e|s_i|j_e -> d_E|s_i|j_e
  desij°R§ -> dEsij°R§   d_e|s_i|j_°|R_§ -> d_E|s_i|j_°|R_§
  desije -> dEsije   d_e|s_i|j_e -> d_E|s_i|j_e
  desije -> dEsije   d_e|s_i|j_e_# -> d_E|s_i|j_e_#
  desina -> dEsina   d_e|s_i|n_a -> d_E|s_i|n_a
  desine -> dEsine   d_e|s_i|n_e -> d_E|s_i|n_e
  desinE -> dEsinE   d_e|s_i|n_E -> d_E|s_i|n_E
  desinE -> dEsinE   d_e|s_i|n_E -> d_E|s_i|n_E
  desinE -> dEsinE   d_e|s_i|n_E -> d_E|s_i|n_E
  desin@ -> dEsin@   d_e|s_i|n_@ -> d_E|s_i|n_@
  desin -> dEsin   d_e|s_i_n_# -> d_E|s_i_n_#
  desin -> dEsin   d_e|s_i_n_# -> d_E|s_i_n_#
  desine -> dEsine   d_e|s_i|n_e -> d_E|s_i|n_e
  desin°Ra -> dEsin°Ra   d_e|s_i|n_°|R_a -> d_E|s_i|n_°|R_a
  desin°Re -> dEsin°Re   d_e|s_i|n_°|R_e -> d_E|s_i|n_°|R_e
  desin°RE -> dEsin°RE   d_e|s_i|n_°|R_E -> d_E|s_i|n_°|R_E
  desin°RE -> dEsin°RE   d_e|s_i|n_°|R_E -> d_E|s_i|n_°|R_E
  desin°RE -> dEsin°RE   d_e|s_i|n_°|R_E -> d_E|s_i|n_°|R_E
  desin°Re -> dEsin°Re   d_e|s_i|n_°|R_e -> d_E|s_i|n_°|R_e
  desin°R§ -> dEsin°R§   d_e|s_i|n_°|R_§ -> d_E|s_i|n_°|R_§
  desin -> dEsin   d_e|s_i_n_# -> d_E|s_i_n_#
  desine -> dEsine   d_e|s_i|n_e -> d_E|s_i|n_e
  desinje -> dEsinje   d_e|s_i|n_j_e -> d_E|s_i|n_j_e
  desinj§ -> dEsinj§   d_e|s_i|n_j_§ -> d_E|s_i|n_j_§
  desinER -> dEsinER   d_e|s_i|n_E_R_# -> d_E|s_i|n_E_R_#
  desine -> dEsine   d_e|s_i|n_e -> d_E|s_i|n_e
  desine -> dEsine   d_e|s_i|n_e_# -> d_E|s_i|n_e_#
  desine -> dEsine   d_e|s_i|n_e_# -> d_E|s_i|n_e_#
  desine -> dEsine   d_e|s_i|n_e_# -> d_E|s_i|n_e_#
  desuSa -> dEsuSa   d_e|s_u|S_a -> d_E|s_u|S_a
  desuSe -> dEsuSe   d_e|s_u|S_e_# -> d_E|s_u|S_e_#
  desuda -> dEsuda   d_e|s_u|d_a -> d_E|s_u|d_a
  desude -> dEsude   d_e|s_u|d_e -> d_E|s_u|d_e
  desude -> dEsude   d_e|s_u|d_e -> d_E|s_u|d_e
  desude -> dEsude   d_e|s_u|d_e_# -> d_E|s_u|d_e_#
  desude -> dEsude   d_e|s_u|d_e_# -> d_E|s_u|d_e_#
  desulE -> dEsulE   d_e|s_u|l_E -> d_E|s_u|l_E
  desule -> dEsule   d_e|s_u|l_e -> d_E|s_u|l_e
  desule -> dEsule   d_e|s_u|l_e -> d_E|s_u|l_e
  desula -> dEsula   d_e|s_u|l_a -> d_E|s_u|l_a
  desulE -> dEsulE   d_e|s_u|l_E -> d_E|s_u|l_E
  desul -> dEsul   d_e|s_u_l_# -> d_E|s_u_l_#
  desul -> dEsul   d_e|s_u_l_# -> d_E|s_u_l_#
  desule -> dEsule   d_e|s_u|l_e -> d_E|s_u|l_e
  desul -> dEsul   d_e|s_u_l_# -> d_E|s_u_l_#
  desule -> dEsule   d_e|s_u|l_e -> d_E|s_u|l_e
  desule -> dEsule   d_e|s_u|l_e -> d_E|s_u|l_e
  desule -> dEsule   d_e|s_u|l_e_# -> d_E|s_u|l_e_#
  desES -> dEsES   d_e|s_E_S_# -> d_E|s_E_S_#
  desES -> dEsES   d_e|s_E_S_# -> d_E|s_E_S_#
  deseSa -> dEseSa   d_e|s_e|S_a -> d_E|s_e|S_a
  deseSE -> dEseSE   d_e|s_e|S_E -> d_E|s_e|S_E
  deseSE -> dEseSE   d_e|s_e|S_E -> d_E|s_e|S_E
  deseSE -> dEseSE   d_e|s_e|S_E -> d_E|s_e|S_E
  deseS@ -> dEseS@   d_e|s_e|S_@ -> d_E|s_e|S_@
  deseSe -> dEseSe   d_e|s_e|S_e -> d_E|s_e|S_e
  deseS°RE -> dEseS°RE   d_e|s_e|S_°|R_E -> d_E|s_e|S_°|R_E
  deseS°R§ -> dEseS°R§   d_e|s_e|S_°|R_§ -> d_E|s_e|S_°|R_§
  deseSe -> dEseSe   d_e|s_e|S_e -> d_E|s_e|S_e
  deseSER -> dEseSER   d_e|s_e|S_E_R_# -> d_E|s_e|S_E_R_#
  deseSe -> dEseSe   d_e|s_e|S_e -> d_E|s_e|S_e
  deseSe -> dEseSe   d_e|s_e|S_e_# -> d_E|s_e|S_e_#
  deseSe -> dEseSe   d_e|s_e|S_e_# -> d_E|s_e|S_e_#
  deseSe -> dEseSe   d_e|s_e|S_e_# -> d_E|s_e|S_e_#
  destina -> dEstina   d_e_s|t_i|n_a -> d_E_s|t_i|n_a
  destinE -> dEstinE   d_e_s|t_i|n_E -> d_E_s|t_i|n_E
  destinE -> dEstinE   d_e_s|t_i|n_E -> d_E_s|t_i|n_E
  destinE -> dEstinE   d_e_s|t_i|n_E -> d_E_s|t_i|n_E
  destin@ -> dEstin@   d_e_s|t_i|n_@ -> d_E_s|t_i|n_@
  destin -> dEstin   d_e_s|t_i_n_# -> d_E_s|t_i_n_#
  destin -> dEstin   d_e_s|t_i_n_# -> d_E_s|t_i_n_#
  destine -> dEstine   d_e_s|t_i|n_e -> d_E_s|t_i|n_e
  destin -> dEstin   d_e_s|t_i_n_# -> d_E_s|t_i_n_#
  destine -> dEstine   d_e_s|t_i|n_e -> d_E_s|t_i|n_e
  destinje -> dEstinje   d_e_s|t_i|n_j_e -> d_E_s|t_i|n_j_e
  destine -> dEstine   d_e_s|t_i|n_e -> d_E_s|t_i|n_e
  destine -> dEstine   d_e_s|t_i|n_e_# -> d_E_s|t_i|n_e_#
  destine -> dEstine   d_e_s|t_i|n_e_# -> d_E_s|t_i|n_e_#
  destine -> dEstine   d_e_s|t_i|n_e_# -> d_E_s|t_i|n_e_#
  destity -> dEstity   d_e_s|t_i|t_y_# -> d_E_s|t_i|t_y_#
  destit8e -> dEstit8e   d_e_s|t_i|t_8_e -> d_E_s|t_i|t_8_e
  destityR§ -> dEstityR§   d_e_s|t_i|t_y_#|R_§ -> d_E_s|t_i|t_y_#|R_§
  destitye -> dEstitye   d_e_s|t_i|t_y|e -> d_E_s|t_i|t_y|e
  destit8e -> dEstit8e   d_e_s|t_i|t_8_e -> d_E_s|t_i|t_8_e
  destit8e -> dEstit8e   d_e_s|t_i|t_8_e_# -> d_E_s|t_i|t_8_e_#
  efas -> Efas   e|f_a_s_# -> E|f_a_s_#
  efas -> Efas   e|f_a_s_# -> E|f_a_s_#
  efase -> Efase   e|f_a|s_e -> E|f_a|s_e
  efas°Ra -> Efas°Ra   e|f_a|s_°|R_a -> E|f_a|s_°|R_a
  efas°Re -> Efas°Re   e|f_a|s_°|R_e -> E|f_a|s_°|R_e
  efas°RE -> Efas°RE   e|f_a|s_°|R_E -> E|f_a|s_°|R_E
  efas°RE -> Efas°RE   e|f_a|s_°|R_E -> E|f_a|s_°|R_E
  efas°RE -> Efas°RE   e|f_a|s_°|R_E -> E|f_a|s_°|R_E
  efas°Ra -> Efas°Ra   e|f_a|s_°|R_a -> E|f_a|s_°|R_a
  efas°Re -> Efas°Re   e|f_a|s_°|R_e -> E|f_a|s_°|R_e
  efas°Rj§ -> Efas°Rj§   e|f_a|s_°|R_j_§ -> E|f_a|s_°|R_j_§
  efas°R§ -> Efas°R§   e|f_a|s_°|R_§ -> E|f_a|s_°|R_§
  efas°R§ -> Efas°R§   e|f_a|s_°|R_§ -> E|f_a|s_°|R_§
  efas -> Efas   e|f_a_s_# -> E|f_a_s_#
  efase -> Efase   e|f_a|s_e -> E|f_a|s_e
  efasje -> Efasje   e|f_a|s_j_e -> E|f_a|s_j_e
  efasj§ -> Efasj§   e|f_a|s_j_§ -> E|f_a|s_j_§
  efasER -> EfasER   e|f_a|s_E_R_# -> E|f_a|s_E_R_#
  efase -> Efase   e|f_a|s_e -> E|f_a|s_e
  efase -> Efase   e|f_a|s_e_# -> E|f_a|s_e_#
  efase -> Efase   e|f_a|s_e_# -> E|f_a|s_e_#
  efase -> Efase   e|f_a|s_e_# -> E|f_a|s_e_#
  efaRa -> EfaRa   e|f_a|R_a -> E|f_a|R_a
  efaRE -> EfaRE   e|f_a|R_E -> E|f_a|R_E
  efaRE -> EfaRE   e|f_a|R_E -> E|f_a|R_E
  efaR@ -> EfaR@   e|f_a|R_@ -> E|f_a|R_@
  efaR -> EfaR   e|f_a_R_# -> E|f_a_R_#
  efaRe -> EfaRe   e|f_a|R_e -> E|f_a|R_e
  efaRuSa -> EfaRuSa   e|f_a|R_u|S_a -> E|f_a|R_u|S_a
  efaRuSE -> EfaRuSE   e|f_a|R_u|S_E -> E|f_a|R_u|S_E
  efaRuSE -> EfaRuSE   e|f_a|R_u|S_E -> E|f_a|R_u|S_E
  efaRuS@ -> EfaRuS@   e|f_a|R_u|S_@ -> E|f_a|R_u|S_@
  efaRuS -> EfaRuS   e|f_a|R_u_S_# -> E|f_a|R_u_S_#
  efaRuS -> EfaRuS   e|f_a|R_u_S_# -> E|f_a|R_u_S_#
  efaRuSe -> EfaRuSe   e|f_a|R_u|S_e -> E|f_a|R_u|S_e
  efaRuS -> EfaRuS   e|f_a|R_u_S_# -> E|f_a|R_u_S_#
  efaRuSam -> EfaRuSam   e|f_a|R_u|S_a_m_# -> E|f_a|R_u|S_a_m_#
  efaRuSe -> EfaRuSe   e|f_a|R_u|S_e -> E|f_a|R_u|S_e
  efaRuSe -> EfaRuSe   e|f_a|R_u|S_e_# -> E|f_a|R_u|S_e_#
  efaRuSe -> EfaRuSe   e|f_a|R_u|S_e_# -> E|f_a|R_u|S_e_#
  efaRER -> EfaRER   e|f_a|R_E_R_# -> E|f_a|R_E_R_#
  efaRe -> EfaRe   e|f_a|R_e -> E|f_a|R_e
  efaRe -> EfaRe   e|f_a|R_e_# -> E|f_a|R_e_#
  efaRe -> EfaRe   e|f_a|R_e_# -> E|f_a|R_e_#
  efasa -> Efasa   e|f_a|s_a -> E|f_a|s_a
  efase -> Efase   e|f_a|s_e -> E|f_a|s_e
  efasE -> EfasE   e|f_a|s_E -> E|f_a|s_E
  efasE -> EfasE   e|f_a|s_E -> E|f_a|s_E
  efasE -> EfasE   e|f_a|s_E -> E|f_a|s_E
  efas@ -> Efas@   e|f_a|s_@ -> E|f_a|s_@
  efas§ -> Efas§   e|f_a|s_§ -> E|f_a|s_§
  efEkt8a -> EfEkt8a   e|f_E_k|t_8_a -> E|f_E_k|t_8_a
  efEkt8e -> EfEkt8e   e|f_E_k|t_8_e -> E|f_E_k|t_8_e
  efEkt8E -> EfEkt8E   e|f_E_k|t_8_E -> E|f_E_k|t_8_E
  efEktyE -> EfEktyE   e|f_E_k|t_y|E -> E|f_E_k|t_y|E
  efEkt8E -> EfEkt8E   e|f_E_k|t_8_E -> E|f_E_k|t_8_E
  efEkt8@ -> EfEkt8@   e|f_E_k|t_8_@ -> E|f_E_k|t_8_@
  efEkty -> EfEkty   e|f_E_k|t_y_# -> E|f_E_k|t_y_#
  efEkty -> EfEkty   e|f_E_k|t_y_# -> E|f_E_k|t_y_#
  efEkt8e -> EfEkt8e   e|f_E_k|t_8_e -> E|f_E_k|t_8_e
  efEktyRa -> EfEktyRa   e|f_E_k|t_y_#|R_a -> E|f_E_k|t_y_#|R_a
  efEktyRe -> EfEktyRe   e|f_E_k|t_y_#|R_e -> E|f_E_k|t_y_#|R_e
  efEktyRE -> EfEktyRE   e|f_E_k|t_y_#|R_E -> E|f_E_k|t_y_#|R_E
  efEktyR§ -> EfEktyR§   e|f_E_k|t_y_#|R_§ -> E|f_E_k|t_y_#|R_§
  efEkty -> EfEkty   e|f_E_k|t_y_# -> E|f_E_k|t_y_#
  efEktye -> EfEktye   e|f_E_k|t_y|e -> E|f_E_k|t_y|e
  efEktyj§ -> EfEktyj§   e|f_E_k|t_y|j_§ -> E|f_E_k|t_y|j_§
  efEkt8§ -> EfEkt8§   e|f_E_k|t_8_§ -> E|f_E_k|t_8_§
  efEkt8e -> EfEkt8e   e|f_E_k|t_8_e -> E|f_E_k|t_8_e
  efEkt8e -> EfEkt8e   e|f_E_k|t_8_e_# -> E|f_E_k|t_8_e_#
  efEkt8e -> EfEkt8e   e|f_E_k|t_8_e_# -> E|f_E_k|t_8_e_#
  efEkt8e -> EfEkt8e   e|f_E_k|t_8_e_# -> E|f_E_k|t_8_e_#
  ef9ja -> Ef9ja   e|f_9|j_a -> E|f_9|j_a
  ef9jE -> Ef9jE   e|f_9|j_E -> E|f_9|j_E
  ef9jE -> Ef9jE   e|f_9|j_E -> E|f_9|j_E
  ef9j@ -> Ef9j@   e|f_9|j_@ -> E|f_9|j_@
  ef9j -> Ef9j   e|f_9_j_# -> E|f_9_j_#
  ef9j -> Ef9j   e|f_9_j_# -> E|f_9_j_#
  ef9je -> Ef9je   e|f_9|j_e -> E|f_9|j_e
  ef9j°Ra -> Ef9j°Ra   e|f_9|j_°|R_a -> E|f_9|j_°|R_a
  ef9je -> Ef9je   e|f_9|j_e -> E|f_9|j_e
  ef9jER -> Ef9jER   e|f_9|j_E_R_# -> E|f_9|j_E_R_#
  ef9je -> Ef9je   e|f_9|j_e -> E|f_9|j_e
  ef9je -> Ef9je   e|f_9|j_e_# -> E|f_9|j_e_#
  ef9je -> Ef9je   e|f_9|j_e_# -> E|f_9|j_e_#
  efila -> Efila   e|f_i|l_a -> E|f_i|l_a
  efilE -> EfilE   e|f_i|l_E -> E|f_i|l_E
  efilE -> EfilE   e|f_i|l_E -> E|f_i|l_E
  efil@ -> Efil@   e|f_i|l_@ -> E|f_i|l_@
  efil -> Efil   e|f_i_l_# -> E|f_i_l_#
  efil -> Efil   e|f_i_l_# -> E|f_i_l_#
  efile -> Efile   e|f_i|l_e -> E|f_i|l_e
  efiloSE -> EfiloSE   e|f_i|l_o|S_E -> E|f_i|l_o|S_E
  efiloSE -> EfiloSE   e|f_i|l_o|S_E -> E|f_i|l_o|S_E
  efiloS@ -> EfiloS@   e|f_i|l_o|S_@ -> E|f_i|l_o|S_@
  efilOS -> EfilOS   e|f_i|l_O_S_# -> E|f_i|l_O_S_#
  efilOS -> EfilOS   e|f_i|l_O_S_# -> E|f_i|l_O_S_#
  efiloSe -> EfiloSe   e|f_i|l_o|S_e -> E|f_i|l_o|S_e
  efilOS°Ra -> EfilOS°Ra   e|f_i|l_O|S_°|R_a -> E|f_i|l_O|S_°|R_a
  efiloSER -> EfiloSER   e|f_i|l_o|S_E_R_# -> E|f_i|l_o|S_E_R_#
  efiloSe -> EfiloSe   e|f_i|l_o|S_e -> E|f_i|l_o|S_e
  efiloSe -> EfiloSe   e|f_i|l_o|S_e_# -> E|f_i|l_o|S_e_#
  efiloSe -> EfiloSe   e|f_i|l_o|S_e_# -> E|f_i|l_o|S_e_#
  efiloSe -> EfiloSe   e|f_i|l_o|S_e_# -> E|f_i|l_o|S_e_#
  efile -> Efile   e|f_i|l_e -> E|f_i|l_e
  efile -> Efile   e|f_i|l_e_# -> E|f_i|l_e_#
  efile -> Efile   e|f_i|l_e_# -> E|f_i|l_e_#
  efile -> Efile   e|f_i|l_e_# -> E|f_i|l_e_#
  efl9Ra -> Efl9Ra   e|f_l_9|R_a -> E|f_l_9|R_a
  efl9Re -> Efl9Re   e|f_l_9|R_e -> E|f_l_9|R_e
  efl9RE -> Efl9RE   e|f_l_9|R_E -> E|f_l_9|R_E
  efl9RE -> Efl9RE   e|f_l_9|R_E -> E|f_l_9|R_E
  efl9RE -> Efl9RE   e|f_l_9|R_E -> E|f_l_9|R_E
  efl9R@ -> Efl9R@   e|f_l_9|R_@ -> E|f_l_9|R_@
  efl9R -> Efl9R   e|f_l_9_R_# -> E|f_l_9_R_#
  efl9R -> Efl9R   e|f_l_9_R_# -> E|f_l_9_R_#
  efl9Re -> Efl9Re   e|f_l_9|R_e -> E|f_l_9|R_e
  efl9R°Ra -> Efl9R°Ra   e|f_l_9|R_°|R_a -> E|f_l_9|R_°|R_a
  efl9R°RE -> Efl9R°RE   e|f_l_9|R_°|R_E -> E|f_l_9|R_°|R_E
  efl9R°R§ -> Efl9R°R§   e|f_l_9|R_°|R_§ -> E|f_l_9|R_°|R_§
  efl9R -> Efl9R   e|f_l_9_R_# -> E|f_l_9_R_#
  efl9Re -> Efl9Re   e|f_l_9|R_e -> E|f_l_9|R_e
  efl9Ram -> Efl9Ram   e|f_l_9|R_a_m_# -> E|f_l_9|R_a_m_#
  efl9RER -> Efl9RER   e|f_l_9|R_E_R_# -> E|f_l_9|R_E_R_#
  efl9Re -> Efl9Re   e|f_l_9|R_e -> E|f_l_9|R_e
  efl9Re -> Efl9Re   e|f_l_9|R_e_# -> E|f_l_9|R_e_#
  efl9Re -> Efl9Re   e|f_l_9|R_e_# -> E|f_l_9|R_e_#
  efl9Re -> Efl9Re   e|f_l_9|R_e_# -> E|f_l_9|R_e_#
  ef§dRa -> Ef§dRa   e|f_§|d_R_a -> E|f_§|d_R_a
  ef§dRe -> Ef§dRe   e|f_§|d_R_e -> E|f_§|d_R_e
  ef§dRE -> Ef§dRE   e|f_§|d_R_E -> E|f_§|d_R_E
  ef§dRE -> Ef§dRE   e|f_§|d_R_E -> E|f_§|d_R_E
  ef§dRE -> Ef§dRE   e|f_§|d_R_E -> E|f_§|d_R_E
  ef§dR@ -> Ef§dR@   e|f_§|d_R_@ -> E|f_§|d_R_@
  ef§dR -> Ef§dR   e|f_§_d_R_# -> E|f_§_d_R_#
  ef§dR -> Ef§dR   e|f_§_d_R_# -> E|f_§_d_R_#
  ef§dRe -> Ef§dRe   e|f_§|d_R_e -> E|f_§|d_R_e
  ef§dR°Ra -> Ef§dR°Ra   e|f_§|d_R_°|R_a -> E|f_§|d_R_°|R_a
  ef§dR°RE -> Ef§dR°RE   e|f_§|d_R_°|R_E -> E|f_§|d_R_°|R_E
  ef§dR°RE -> Ef§dR°RE   e|f_§|d_R_°|R_E -> E|f_§|d_R_°|R_E
  ef§dR°RE -> Ef§dR°RE   e|f_§|d_R_°|R_E -> E|f_§|d_R_°|R_E
  ef§dR°R§ -> Ef§dR°R§   e|f_§|d_R_°|R_§ -> E|f_§|d_R_°|R_§
  ef§dRe -> Ef§dRe   e|f_§|d_R_e -> E|f_§|d_R_e
  ef§dRER -> Ef§dRER   e|f_§|d_R_E_R_# -> E|f_§|d_R_E_R_#
  ef§dRe -> Ef§dRe   e|f_§|d_R_e -> E|f_§|d_R_e
  ef§dRe -> Ef§dRe   e|f_§|d_R_e_# -> E|f_§|d_R_e_#
  ef§dRe -> Ef§dRe   e|f_§|d_R_e_# -> E|f_§|d_R_e_#
  ef§dRe -> Ef§dRe   e|f_§|d_R_e_# -> E|f_§|d_R_e_#
  efORs -> EfORs   e|f_O_R_s_# -> E|f_O_R_s_#
  efORs -> EfORs   e|f_O_R_s_# -> E|f_O_R_s_#
  efORse -> EfORse   e|f_O_R|s_e -> E|f_O_R|s_e
  efORs°Ra -> EfORs°Ra   e|f_O_R|s_°|R_a -> E|f_O_R|s_°|R_a
  efORs°Re -> EfORs°Re   e|f_O_R|s_°|R_e -> E|f_O_R|s_°|R_e
  efORs°RE -> EfORs°RE   e|f_O_R|s_°|R_E -> E|f_O_R|s_°|R_E
  efORs°RE -> EfORs°RE   e|f_O_R|s_°|R_E -> E|f_O_R|s_°|R_E
  efORs°RE -> EfORs°RE   e|f_O_R|s_°|R_E -> E|f_O_R|s_°|R_E
  efORs°R§ -> EfORs°R§   e|f_O_R|s_°|R_§ -> E|f_O_R|s_°|R_§
  efORs -> EfORs   e|f_O_R_s_# -> E|f_O_R_s_#
  efORse -> EfORse   e|f_O_R|s_e -> E|f_O_R|s_e
  efORsj§ -> EfORsj§   e|f_O_R|s_j_§ -> E|f_O_R|s_j_§
  efORsER -> EfORsER   e|f_O_R|s_E_R_# -> E|f_O_R|s_E_R_#
  efORse -> EfORse   e|f_O_R|s_e -> E|f_O_R|s_e
  efORse -> EfORse   e|f_O_R|s_e_# -> E|f_O_R|s_e_#
  efORse -> EfORse   e|f_O_R|s_e_# -> E|f_O_R|s_e_#
  efORsa -> EfORsa   e|f_O_R|s_a -> E|f_O_R|s_a
  efORse -> EfORse   e|f_O_R|s_e -> E|f_O_R|s_e
  efORsE -> EfORsE   e|f_O_R|s_E -> E|f_O_R|s_E
  efORsE -> EfORsE   e|f_O_R|s_E -> E|f_O_R|s_E
  efORsE -> EfORsE   e|f_O_R|s_E -> E|f_O_R|s_E
  efORs@ -> EfORs@   e|f_O_R|s_@ -> E|f_O_R|s_@
  efORs§ -> EfORs§   e|f_O_R|s_§ -> E|f_O_R|s_§
  efORsam -> EfORsam   e|f_O_R|s_a_m_# -> E|f_O_R|s_a_m_#
  efRE -> EfRE   e|f_R_E_# -> E|f_R_E_#
  efRE -> EfRE   e|f_R_E -> E|f_R_E
  efRERa -> EfRERa   e|f_R_E_#|R_a -> E|f_R_E_#|R_a
  efRERE -> EfRERE   e|f_R_E_#|R_E -> E|f_R_E_#|R_E
  efRERE -> EfRERE   e|f_R_E_#|R_E -> E|f_R_E_#|R_E
  efRERa -> EfRERa   e|f_R_E_#|R_a -> E|f_R_E_#|R_a
  efRERe -> EfRERe   e|f_R_E_#|R_e -> E|f_R_E_#|R_e
  efRE -> EfRE   e|f_R_E_# -> E|f_R_E_#
  efR@Z -> EfR@Z   e|f_R_@_Z -> E|f_R_@_Z
  efR@ZE -> EfR@ZE   e|f_R_@|Z_E -> E|f_R_@|Z_E
  efR@Z -> EfR@Z   e|f_R_@_Z_# -> E|f_R_@_Z_#
  efR@Ze -> EfR@Ze   e|f_R_@|Z_e -> E|f_R_@|Z_e
  efR@Ze -> EfR@Ze   e|f_R_@|Z_e_# -> E|f_R_@|Z_e_#
  efR@Ze -> EfR@Ze   e|f_R_@|Z_e_# -> E|f_R_@|Z_e_#
  efR@Ze -> EfR@Ze   e|f_R_@|Z_e_# -> E|f_R_@|Z_e_#
  efREja -> EfREja   e|f_R_E|j_a -> E|f_R_E|j_a
  efREjE -> EfREjE   e|f_R_E|j_E -> E|f_R_E|j_E
  efREjE -> EfREjE   e|f_R_E|j_E -> E|f_R_E|j_E
  efREjE -> EfREjE   e|f_R_E|j_E -> E|f_R_E|j_E
  efREj@ -> EfREj@   e|f_R_Ej|@ -> E|f_R_Ej|@
  efREj -> EfREj   e|f_R_Ej_# -> E|f_R_Ej_#
  efREj -> EfREj   e|f_R_E_j_# -> E|f_R_E_j_#
  efREje -> EfREje   e|f_R_E|j_e -> E|f_R_E|j_e
  efREj°RE -> EfREj°RE   e|f_R_E|j_°|R_E -> E|f_R_E|j_°|R_E
  efREj°RE -> EfREj°RE   e|f_R_E|j_°|R_E -> E|f_R_E|j_°|R_E
  efREj°Ra -> EfREj°Ra   e|f_R_E|j_°|R_a -> E|f_R_E|j_°|R_a
  efREje -> EfREje   e|f_R_E|j_e -> E|f_R_E|j_e
  efREj§ -> EfREj§   e|f_R_E|j_§ -> E|f_R_E|j_§
  efREjER -> EfREjER   e|f_R_E|j_E_R_# -> E|f_R_E|j_E_R_#
  efREje -> EfREje   e|f_R_Ej|e -> E|f_R_Ej|e
  efREje -> EfREje   e|f_R_Ej|e_# -> E|f_R_Ej|e_#
  efREje -> EfREje   e|f_R_Ej|e_# -> E|f_R_Ej|e_#
  efREje -> EfREje   e|f_R_Ej|e_# -> E|f_R_Ej|e_#
  efRita -> EfRita   e|f_R_i|t_a -> E|f_R_i|t_a
  efRitE -> EfRitE   e|f_R_i|t_E -> E|f_R_i|t_E
  efRitE -> EfRitE   e|f_R_i|t_E -> E|f_R_i|t_E
  efRit@ -> EfRit@   e|f_R_i|t_@ -> E|f_R_i|t_@
  efRit -> EfRit   e|f_R_i_t_# -> E|f_R_i_t_#
  efRit -> EfRit   e|f_R_i_t_# -> E|f_R_i_t_#
  efRite -> EfRite   e|f_R_i|t_e -> E|f_R_i|t_e
  efRit°RE -> EfRit°RE   e|f_R_i|t_°|R_E -> E|f_R_i|t_°|R_E
  efRite -> EfRite   e|f_R_i|t_e -> E|f_R_i|t_e
  efRite -> EfRite   e|f_R_i|t_e_# -> E|f_R_i|t_e_#
  efRite -> EfRite   e|f_R_i|t_e_# -> E|f_R_i|t_e_#
  efRite -> EfRite   e|f_R_i|t_e_# -> E|f_R_i|t_e_#
  efeminE -> EfeminE   e|f_e|m_i|n_E -> E|f_e|m_i|n_E
  efemine -> Efemine   e|f_e|m_i|n_e -> E|f_e|m_i|n_e
  efemine -> Efemine   e|f_e|m_i|n_e_# -> E|f_e|m_i|n_e_#
  efemine -> Efemine   e|f_e|m_i|n_e_# -> E|f_e|m_i|n_e_#
  esERje -> EsERje   e|s_E_#|R_j_e -> E|s_E_#|R_j_e
  esEja -> EsEja   e|s_E|j_a -> E|s_E|j_a
  esEje -> EsEje   e|s_E|j_e -> E|s_E|j_e
  esEjE -> EsEjE   e|s_E|j_E -> E|s_E|j_E
  esEjE -> EsEjE   e|s_E|j_E -> E|s_E|j_E
  esEjE -> EsEjE   e|s_E|j_E -> E|s_E|j_E
  esEj@ -> EsEj@   e|s_E|j_@ -> E|s_E|j_@
  esEj -> EsEj   e|s_Ej_# -> E|s_Ej_#
  esEj -> EsEj   e|s_E_j_# -> E|s_E_j_#
  esEje -> EsEje   e|s_E|j_e -> E|s_E|j_e
  esEj°Ra -> EsEj°Ra   e|s_E|j_°|R_a -> E|s_E|j_°|R_a
  esEj°Re -> EsEj°Re   e|s_E|j_°|R_e -> E|s_E|j_°|R_e
  esEj°RE -> EsEj°RE   e|s_E|j_°|R_E -> E|s_E|j_°|R_E
  esEj°RE -> EsEj°RE   e|s_E|j_°|R_E -> E|s_E|j_°|R_E
  esEj°RE -> EsEj°RE   e|s_E|j_°|R_E -> E|s_E|j_°|R_E
  esEj°Ra -> EsEj°Ra   e|s_E|j_°|R_a -> E|s_E|j_°|R_a
  esEj°Re -> EsEj°Re   e|s_E|j_°|R_e -> E|s_E|j_°|R_e
  esEj°Rje -> EsEj°Rje   e|s_E|j_°|R_j_e -> E|s_E|j_°|R_j_e
  esEj°R§ -> EsEj°R§   e|s_E|j_°|R_§ -> E|s_E|j_°|R_§
  esEj°R§ -> EsEj°R§   e|s_E|j_°|R_§ -> E|s_E|j_°|R_§
  esEj -> EsEj   e|s_Ej_# -> E|s_Ej_#
  esEje -> EsEje   e|s_E|j_e -> E|s_E|j_e
  esEjje -> EsEjje   e|s_E_j|j_e -> E|s_E_j|j_e
  esEjj§ -> EsEjj§   e|s_E_j|j_§ -> E|s_E_j|j_§
  esEj§ -> EsEj§   e|s_E|j_§ -> E|s_E|j_§
  esEjam -> EsEjam   e|s_E|j_a_m_# -> E|s_E|j_a_m_#
  esEjER -> EsEjER   e|s_E|j_E_R_# -> E|s_E|j_E_R_#
  esEje -> EsEje   e|s_Ej|e -> E|s_Ej|e
  esEje -> EsEje   e|s_Ej|e_# -> E|s_Ej|e_#
  esEje -> EsEje   e|s_Ej|e_# -> E|s_Ej|e_#
  esEje -> EsEje   e|s_Ej|e_# -> E|s_Ej|e_#
  esoRe -> EsoRe   e|s_o|R_e -> E|s_o|R_e
  esufle -> Esufle   e|s_u|f_l_e -> E|s_u|f_l_e
  esufle -> Esufle   e|s_u|f_l_e -> E|s_u|f_l_e
  esufle -> Esufle   e|s_u|f_l_e_# -> E|s_u|f_l_e_#
  esufle -> Esufle   e|s_u|f_l_e_# -> E|s_u|f_l_e_#
  es8iRE -> Es8iRE   e|s_8_i_#|R_E -> E|s_8_i_#|R_E
  es8iRe -> Es8iRe   e|s_8_i_#|R_e -> E|s_8_i_#|R_e
  es8ije -> Es8ije   e|s_8_ij|e -> E|s_8_ij|e
  es8ije -> Es8ije   e|s_8_ij|e -> E|s_8_ij|e
  es8ije -> Es8ije   e|s_8_ij|e_# -> E|s_8_ij|e_#
  es8ije -> Es8ije   e|s_8_ij|e_# -> E|s_8_ij|e_#
  es8ije -> Es8ije   e|s_8_ij|e_# -> E|s_8_ij|e_#
  estER -> EstER   e_s|t_E_R -> E_s|t_E_R
  este -> Este   e_s|t_e -> E_s|t_e
  flemaRd -> flEmaRd   f_l_e|m_a_R_d_# -> f_l_E|m_a_R_d_#
  flemaRde -> flEmaRde   f_l_e|m_a_R|d_e -> f_l_E|m_a_R|d_e
  fleme -> flEme   f_l_e|m_e -> f_l_E|m_e
  gRefe -> gREfe   g_R_e|f_e -> g_R_E|f_e
  gRefe -> gREfe   g_R_e|f_e -> g_R_E|f_e
  gRefe -> gREfe   g_R_e|f_e_# -> g_R_E|f_e_#
  gRefe -> gREfe   g_R_e|f_e_# -> g_R_E|f_e_#
  gRefe -> gREfe   g_R_e|f_e_# -> g_R_E|f_e_#
  eniR -> EniR   #_e|n_i_R -> #_E|n_i_R
  eniR -> EniR   #_e|n_i_R_# -> #_E|n_i_R_#
  enisE -> EnisE   #_e|n_i|s_E -> #_E|n_i|s_E
  enisE -> EnisE   #_e|n_i|s_E -> #_E|n_i|s_E
  enis@ -> Enis@   #_e|n_i|s_@ -> #_E|n_i|s_@
  enis -> Enis   #_e|n_i_s_# -> #_E|n_i_s_#
  eni -> Eni   #_e|n_i -> #_E|n_i
  lesiv -> lEsiv   l_e|s_i_v_# -> l_E|s_i_v_#
  lesive -> lEsive   l_e|s_i|v_e -> l_E|s_i|v_e
  n2Rve -> nERve   n_2_R|v_e -> n_E_R|v_e
  netwa -> nEtwa   n_e|t_wa_# -> n_E|t_wa_#
  netwaRa -> nEtwaRa   n_e|t_wa_#|R_a -> n_E|t_wa_#|R_a
  netwaRe -> nEtwaRe   n_e|t_wa_#|R_e -> n_E|t_wa_#|R_e
  netwaRE -> nEtwaRE   n_e|t_wa_#|R_E -> n_E|t_wa_#|R_E
  netwaRe -> nEtwaRe   n_e|t_wa_#|R_e -> n_E|t_wa_#|R_e
  netwa -> nEtwa   n_e|t_wa_# -> n_E|t_wa_#
  netwaja -> nEtwaja   n_e|t_wa_j|a -> n_E|t_wa_j|a
  netwaje -> nEtwaje   n_e|t_wa_j|e -> n_E|t_wa_j|e
  netwajE -> nEtwajE   n_e|t_wa_j|E -> n_E|t_wa_j|E
  netwajE -> nEtwajE   n_e|t_wa_j|E -> n_E|t_wa_j|E
  netwajE -> nEtwajE   n_e|t_wa_j|E -> n_E|t_wa_j|E
  netwaj@ -> nEtwaj@   n_e|t_wa_j|@ -> n_E|t_wa_j|@
  netwaje -> nEtwaje   n_e|t_wa_j|e -> n_E|t_wa_j|e
  netwaje -> nEtwaje   n_e|t_wa_j|e -> n_E|t_wa_j|e
  netwajje -> nEtwajje   n_e|t_wa_j_j|e -> n_E|t_wa_j_j|e
  netwaj§ -> nEtwaj§   n_e|t_wa_j|§ -> n_E|t_wa_j|§
  netwajER -> nEtwajER   n_e|t_wa_j|E_R_# -> n_E|t_wa_j|E_R_#
  netwaje -> nEtwaje   n_e|t_wa_j|e -> n_E|t_wa_j|e
  netwaje -> nEtwaje   n_e|t_wa_j|e_# -> n_E|t_wa_j|e_#
  netwaje -> nEtwaje   n_e|t_wa_j|e_# -> n_E|t_wa_j|e_#
  netwaje -> nEtwaje   n_e|t_wa_j|e_# -> n_E|t_wa_j|e_#
  pRes@ -> pREs@   p_R_e|s_@_# -> p_R_E|s_@_#
  pRes@ -> pREs@   p_R_e|s_@ -> p_R_E|s_@
  pRes@tE -> pREs@tE   p_R_e|s_@|t_E -> p_R_E|s_@|t_E
  pRes@tE -> pREs@tE   p_R_e|s_@|t_E -> p_R_E|s_@|t_E
  pRes@tE -> pREs@tE   p_R_e|s_@|t_E -> p_R_E|s_@|t_E
  pRes@t@ -> pREs@t@   p_R_e|s_@|t_@ -> p_R_E|s_@|t_@
  pRes@t -> pREs@t   p_R_e|s_@_t_# -> p_R_E|s_@_t_#
  pRes@te -> pREs@te   p_R_e|s_@|t_e -> p_R_E|s_@|t_e
  pRes@ti -> pREs@ti   p_R_e|s_@|t_i -> p_R_E|s_@|t_i
  pRes@ti -> pREs@ti   p_R_e|s_@|t_i_# -> p_R_E|s_@|t_i_#
  pRes@tj§ -> pREs@tj§   p_R_e|s_@|t_j_§ -> p_R_E|s_@|t_j_§
  pRes@tiR -> pREs@tiR   p_R_e|s_@|t_i_R -> p_R_E|s_@|t_i_R
  pRes@tiRe -> pREs@tiRe   p_R_e|s_@|t_i|R_e -> p_R_E|s_@|t_i|R_e
  pRes@ti -> pREs@ti   p_R_e|s_@|t_i_# -> p_R_E|s_@|t_i_#
  pRes@ti -> pREs@ti   p_R_e|s_@|t_i -> p_R_E|s_@|t_i
  pRes@t§ -> pREs@t§   p_R_e|s_@|t_§ -> p_R_E|s_@|t_§
  pRes@tim -> pREs@tim   p_R_e|s_@|t_i_m_# -> p_R_E|s_@|t_i_m_#
  pResyR@ -> pREsyR@   p_R_e|s_y|R_@ -> p_R_E|s_y|R_@
  pResyR -> pREsyR   p_R_e|s_y_R_# -> p_R_E|s_y_R_#
  pResyRe -> pREsyRe   p_R_e|s_y|R_e -> p_R_E|s_y|R_e
  pResyR -> pREsyR   p_R_e|s_y_R_# -> p_R_E|s_y_R_#
  pResyRe -> pREsyRe   p_R_e|s_y|R_e_# -> p_R_E|s_y|R_e_#
  pResyRe -> pREsyRe   p_R_e|s_y|R_e_# -> p_R_E|s_y|R_e_#
  R°dEs@ -> REdEs@   R_°|d_E|s_@_# -> R_E|d_E|s_@_#
  R°dEs@dE -> REdEs@dE   R_°|d_E|s_@|d_E -> R_E|d_E|s_@|d_E
  R°dEs@dE -> REdEs@dE   R_°|d_E|s_@|d_E -> R_E|d_E|s_@|d_E
  R°dEs@dE -> REdEs@dE   R_°|d_E|s_@|d_E -> R_E|d_E|s_@|d_E
  R°dEs@d@ -> REdEs@d@   R_°|d_E|s_@|d_@ -> R_E|d_E|s_@|d_@
  R°dEs@d -> REdEs@d   R_°|d_E|s_@_d_# -> R_E|d_E|s_@_d_#
  R°dEs@d -> REdEs@d   R_°|d_E|s_@_d_# -> R_E|d_E|s_@_d_#
  R°dEs@d -> REdEs@d   R_°|d_E|s_@_d_# -> R_E|d_E|s_@_d_#
  R°dEs@de -> REdEs@de   R_°|d_E|s_@|d_e -> R_E|d_E|s_@|d_e
  R°dEs@dje -> REdEs@dje   R_°|d_E|s_@|d_j_e -> R_E|d_E|s_@|d_j_e
  R°dEs@dj§ -> REdEs@dj§   R_°|d_E|s_@|d_j_§ -> R_E|d_E|s_@|d_j_§
  R°dEs@diR -> REdEs@diR   R_°|d_E|s_@|d_i_R_# -> R_E|d_E|s_@|d_i_R_#
  R°dEs@di -> REdEs@di   R_°|d_E|s_@|d_i -> R_E|d_E|s_@|d_i
  R°dEs@di -> REdEs@di   R_°|d_E|s_@|d_i -> R_E|d_E|s_@|d_i
  R°dEs@d§ -> REdEs@d§   R_°|d_E|s_@|d_§ -> R_E|d_E|s_@|d_§
  R°dEs@dRa -> REdEs@dRa   R_°|d_E|s_@|d_R_a -> R_E|d_E|s_@|d_R_a
  R°dEs@dRe -> REdEs@dRe   R_°|d_E|s_@|d_R_e -> R_E|d_E|s_@|d_R_e
  R°dEs@dRE -> REdEs@dRE   R_°|d_E|s_@|d_R_E -> R_E|d_E|s_@|d_R_E
  R°dEs@dRE -> REdEs@dRE   R_°|d_E|s_@|d_R_E -> R_E|d_E|s_@|d_R_E
  R°des@dR -> REdes@dR   R_°|d_e|s_@_d_R_# -> R_E|d_e|s_@_d_R_#
  R°dEs@dR§ -> REdEs@dR§   R_°|d_E|s_@|d_R_§ -> R_E|d_E|s_@|d_R_§
  R°dEs@dR§ -> REdEs@dR§   R_°|d_E|s_@|d_R_§ -> R_E|d_E|s_@|d_R_§
  R°dEs@ -> REdEs@   R_°|d_E|s_@_# -> R_E|d_E|s_@_#
  R°dEs@dy -> REdEs@dy   R_°|d_E|s_@|d_y -> R_E|d_E|s_@|d_y
  R°dEs@dy -> REdEs@dy   R_°|d_E|s_@|d_y_# -> R_E|d_E|s_@|d_y_#
  R°dEs@dy -> REdEs@dy   R_°|d_E|s_@|d_y_# -> R_E|d_E|s_@|d_y_#
  R°dEs@dy -> REdEs@dy   R_°|d_E|s_@|d_y -> R_E|d_E|s_@|d_y
  Resysita -> REsysita   R_e|s_y|s_i|t_a -> R_E|s_y|s_i|t_a
  Resysite -> REsysite   R_e|s_y|s_i|t_e -> R_E|s_y|s_i|t_e
  ResysitE -> REsysitE   R_e|s_y|s_i|t_E -> R_E|s_y|s_i|t_E
  ResysitE -> REsysitE   R_e|s_y|s_i|t_E -> R_E|s_y|s_i|t_E
  ResysitE -> REsysitE   R_e|s_y|s_i|t_E -> R_E|s_y|s_i|t_E
  Resysit@ -> REsysit@   R_e|s_y|s_i|t_@ -> R_E|s_y|s_i|t_@
  Resysit -> REsysit   R_e|s_y|s_i_t_# -> R_E|s_y|s_i_t_#
  Resysit -> REsysit   R_e|s_y|s_i_t_# -> R_E|s_y|s_i_t_#
  Resysite -> REsysite   R_e|s_y|s_i|t_e -> R_E|s_y|s_i|t_e
  Resysit°Ra -> REsysit°Ra   R_e|s_y|s_i|t_°|R_a -> R_E|s_y|s_i|t_°|R_a
  Resysit°Re -> REsysit°Re   R_e|s_y|s_i|t_°|R_e -> R_E|s_y|s_i|t_°|R_e
  Resysit°RE -> REsysit°RE   R_e|s_y|s_i|t_°|R_E -> R_E|s_y|s_i|t_°|R_E
  Resysit°RE -> REsysit°RE   R_e|s_y|s_i|t_°|R_E -> R_E|s_y|s_i|t_°|R_E
  Resysit°Ra -> REsysit°Ra   R_e|s_y|s_i|t_°|R_a -> R_E|s_y|s_i|t_°|R_a
  Resysit°Re -> REsysit°Re   R_e|s_y|s_i|t_°|R_e -> R_E|s_y|s_i|t_°|R_e
  Resysit°R§ -> REsysit°R§   R_e|s_y|s_i|t_°|R_§ -> R_E|s_y|s_i|t_°|R_§
  Resysit°R§ -> REsysit°R§   R_e|s_y|s_i|t_°|R_§ -> R_E|s_y|s_i|t_°|R_§
  Resysit -> REsysit   R_e|s_y|s_i_t_# -> R_E|s_y|s_i_t_#
  Resysite -> REsysite   R_e|s_y|s_i|t_e -> R_E|s_y|s_i|t_e
  Resysit§ -> REsysit§   R_e|s_y|s_i|t_§ -> R_E|s_y|s_i|t_§
  Resysite -> REsysite   R_e|s_y|s_i|t_e -> R_E|s_y|s_i|t_e
  Resysite -> REsysite   R_e|s_y|s_i|t_e_# -> R_E|s_y|s_i|t_e_#
  Resysite -> REsysite   R_e|s_y|s_i|t_e_# -> R_E|s_y|s_i|t_e_#
  Resysite -> REsysite   R_e|s_y|s_i|t_e_# -> R_E|s_y|s_i|t_e_#
  R°stRyktyR@ -> REstRyktyR@   R_°_s|t_R_y_k|t_y|R_@ -> R_E_s|t_R_y_k|t_y|R_@
  R°stRyktyRe -> REstRyktyRe   R_°_s|t_R_y_k|t_y|R_e -> R_E_s|t_R_y_k|t_y|R_e
  R°stRyktyR°R§ -> REstRyktyR°R§   R_°_s|t_R_y_k|t_y|R_°|R_§ -> R_E_s|t_R_y_k|t_y|R_°|R_§
  R°stRyktyR§ -> REstRyktyR§   R_°_s|t_R_y_k|t_y|R_§ -> R_E_s|t_R_y_k|t_y|R_§
  R°stRyktyRe -> REstRyktyRe   R_°_s|t_R_y_k|t_y|R_e -> R_E_s|t_R_y_k|t_y|R_e
  R°stRyktyRe -> REstRyktyRe   R_°_s|t_R_y_k|t_y|R_e_# -> R_E_s|t_R_y_k|t_y|R_e_#
  seksjona -> sEksjona   s_e_k|s_j_o|n_a -> s_E_k|s_j_o|n_a
  seksjonE -> sEksjonE   s_e_k|s_j_o|n_E -> s_E_k|s_j_o|n_E
  seksjOn -> sEksjOn   s_e_k|s_j_O_n_# -> s_E_k|s_j_O_n_#
  seksjOn -> sEksjOn   s_e_k|s_j_O_n_# -> s_E_k|s_j_O_n_#
  seksjone -> sEksjone   s_e_k|s_j_o|n_e -> s_E_k|s_j_o|n_e
  seksjOn°Ra -> sEksjOn°Ra   s_e_k|s_j_O|n_°|R_a -> s_E_k|s_j_O|n_°|R_a
  seksjone -> sEksjone   s_e_k|s_j_o|n_e -> s_E_k|s_j_o|n_e
  seksjone -> sEksjone   s_e_k|s_j_o|n_e -> s_E_k|s_j_o|n_e
  seksjone -> sEksjone   s_e_k|s_j_o|n_e_# -> s_E_k|s_j_o|n_e_#
  seksjone -> sEksjone   s_e_k|s_j_o|n_e_# -> s_E_k|s_j_o|n_e_#
  seksjone -> sEksjone   s_e_k|s_j_o|n_e_# -> s_E_k|s_j_o|n_e_#
  tResajE -> tREsajE   t_R_e|s_a|j_E -> t_R_E|s_a|j_E
  tResajE -> tREsajE   t_R_e|s_a|j_E -> t_R_E|s_a|j_E
  tResajE -> tREsajE   t_R_e|s_a|j_E -> t_R_E|s_a|j_E
  tResaj@ -> tREsaj@   t_R_e|s_a|j_@ -> t_R_E|s_a|j_@
  tResaj -> tREsaj   t_R_e|s_a_j_# -> t_R_E|s_a_j_#
  tResaj -> tREsaj   t_R_e|s_a_j_# -> t_R_E|s_a_j_#
  tResaji -> tREsaji   t_R_e|s_a|j_i -> t_R_E|s_a|j_i
  tResajiR -> tREsajiR   t_R_e|s_a|j_i_R -> t_R_E|s_a|j_i_R
  tResajiRa -> tREsajiRa   t_R_e|s_a|j_i|R_a -> t_R_E|s_a|j_i|R_a
  tResajiRE -> tREsajiRE   t_R_e|s_a|j_i|R_E -> t_R_E|s_a|j_i|R_E
  tResajiR -> tREsajiR   t_R_e|s_a|j_i_R_# -> t_R_E|s_a|j_i_R_#
  tResaji -> tREsaji   t_R_e|s_a|j_i -> t_R_E|s_a|j_i
  tResaji -> tREsaji   t_R_e|s_a|j_i -> t_R_E|s_a|j_i
  tResote -> tREsote   t_R_e|s_o|t_e -> t_R_E|s_o|t_e
  tResote -> tREsote   t_R_e|s_o|t_e_# -> t_R_E|s_o|t_e_#
  tRese -> tREse   t_R_e|s_e -> t_R_E|s_e
  tRese -> tREse   t_R_e|s_e -> t_R_E|s_e
  tRese -> tREse   t_R_e|s_e_# -> t_R_E|s_e_#
  tRese -> tREse   t_R_e|s_e_# -> t_R_E|s_e_#
  tRese -> tREse   t_R_e|s_e_# -> t_R_E|s_e_#
  veR§ -> vER§   v_e|R_§ -> v_E|R_§
  veR§ -> vER§   v_e|R_§ -> v_E|R_§
  veRuja -> vERuja   v_e|R_u|j_a -> v_E|R_u|j_a
  veRuje -> vERuje   v_e|R_u|j_e -> v_E|R_u|j_e
  veRujE -> vERujE   v_e|R_u|j_E -> v_E|R_u|j_E
  veRuj@ -> vERuj@   v_e|R_u|j_@ -> v_E|R_u|j_@
  veRuj -> vERuj   v_e|R_u_j_# -> v_E|R_u_j_#
  veRuj -> vERuj   v_e|R_u_j_# -> v_E|R_u_j_#
  veRuje -> vERuje   v_e|R_u|j_e -> v_E|R_u|j_e
  veRuj -> vERuj   v_e|R_u_j_# -> v_E|R_u_j_#
  veRuje -> vERuje   v_e|R_u|j_e -> v_E|R_u|j_e
  veRuj§ -> vERuj§   v_e|R_u|j_§ -> v_E|R_u|j_§
  veRujER -> vERujER   v_e|R_u|j_E_R_# -> v_E|R_u|j_E_R_#
  veRuje -> vERuje   v_e|R_u|j_e -> v_E|R_u|j_e
  veRuje -> vERuje   v_e|R_u|j_e_# -> v_E|R_u|j_e_#
  veRuje -> vERuje   v_e|R_u|j_e_# -> v_E|R_u|j_e_#
  veRuje -> vERuje   v_e|R_u|j_e_# -> v_E|R_u|j_e_#

=== resources/LexiqueSynthetic.tsv: 399 rows ===
  desinat -> dEsinat   d_e|s_i|n_a_t_# -> d_E|s_i|n_a_t_#
  desin -> dEsin   d_e|s_i_n_# -> d_E|s_i_n_#
  desin -> dEsin   d_e|s_i_n_# -> d_E|s_i_n_#
  desin -> dEsin   d_e|s_i_n_# -> d_E|s_i_n_#
  efemine -> Efemine   e|f_e|m_i|n_e_# -> E|f_e|m_i|n_e_#
  efRitat -> EfRitat   e|f_R_i|t_a_t_# -> E|f_R_i|t_a_t_#
  efRit -> EfRit   e|f_R_i_t_# -> E|f_R_i_t_#
  efRit -> EfRit   e|f_R_i_t_# -> E|f_R_i_t_#
  efRit -> EfRit   e|f_R_i_t_# -> E|f_R_i_t_#
  gRefat -> gREfat   g_R_e|f_a_t_# -> g_R_E|f_a_t_#
  esufle -> Esufle   e|s_u|f_l_e_# -> E|s_u|f_l_e_#
  esuflat -> Esuflat   e|s_u|f_l_a_t_# -> E|s_u|f_l_a_t_#
  esufl -> Esufl   e|s_u_f_l_# -> E|s_u_f_l_#
  esufl -> Esufl   e|s_u_f_l_# -> E|s_u_f_l_#
  esufl -> Esufl   e|s_u_f_l_# -> E|s_u_f_l_#
  ef9je -> Ef9je   e|f_9|j_e_# -> E|f_9|j_e_#
  ef9jat -> Ef9jat   e|f_9|j_a_t_# -> E|f_9|j_a_t_#
  ef9j -> Ef9j   e|f_9_j_# -> E|f_9_j_#
  ef9j -> Ef9j   e|f_9_j_# -> E|f_9_j_#
  ef9j -> Ef9j   e|f_9_j_# -> E|f_9_j_#
  efaRuSe -> EfaRuSe   e|f_a|R_u|S_e_# -> E|f_a|R_u|S_e_#
  efaRuSat -> EfaRuSat   e|f_a|R_u|S_a_t_# -> E|f_a|R_u|S_a_t_#
  efaRuS -> EfaRuS   e|f_a|R_u_S_# -> E|f_a|R_u_S_#
  efaRuS -> EfaRuS   e|f_a|R_u_S_# -> E|f_a|R_u_S_#
  efaRuS -> EfaRuS   e|f_a|R_u_S_# -> E|f_a|R_u_S_#
  efEkt8at -> EfEkt8at   e|f_E_k|t_8_a_t_# -> E|f_E_k|t_8_a_t_#
  efEkty -> EfEkty   e|f_E_k|t_y_# -> E|f_E_k|t_y_#
  efEkty -> EfEkty   e|f_E_k|t_y_# -> E|f_E_k|t_y_#
  efEkty -> EfEkty   e|f_E_k|t_y_# -> E|f_E_k|t_y_#
  flemaRdat -> flEmaRdat   f_l_e|m_a_R|d_a_t_# -> f_l_E|m_a_R|d_a_t_#
  flemaRd -> flEmaRd   f_l_e|m_a_R_d_# -> f_l_E|m_a_R_d_#
  flemaRd -> flEmaRd   f_l_e|m_a_R_d_# -> f_l_E|m_a_R_d_#
  flemaRd -> flEmaRd   f_l_e|m_a_R_d_# -> f_l_E|m_a_R_d_#
  veRujat -> vERujat   v_e|R_u|j_a_t_# -> v_E|R_u|j_a_t_#
  veRuj -> vERuj   v_e|R_u_j_# -> v_E|R_u_j_#
  veRuj -> vERuj   v_e|R_u_j_# -> v_E|R_u_j_#
  veRuj -> vERuj   v_e|R_u_j_# -> v_E|R_u_j_#
  desude -> dEsude   d_e|s_u|d_e_# -> d_E|s_u|d_e_#
  desudat -> dEsudat   d_e|s_u|d_a_t_# -> d_E|s_u|d_a_t_#
  desud -> dEsud   d_e|s_u_d_# -> d_E|s_u_d_#
  desud -> dEsud   d_e|s_u_d_# -> d_E|s_u_d_#
  desud -> dEsud   d_e|s_u_d_# -> d_E|s_u_d_#
  efaRe -> EfaRe   e|f_a|R_e_# -> E|f_a|R_e_#
  efaRat -> EfaRat   e|f_a|R_a_t_# -> E|f_a|R_a_t_#
  efaR -> EfaR   e|f_a_R_# -> E|f_a_R_#
  efaR -> EfaR   e|f_a_R_# -> E|f_a_R_#
  efaR -> EfaR   e|f_a_R_# -> E|f_a_R_#
  esoRat -> EsoRat   e|s_o|R_a_t_# -> E|s_o|R_a_t_#
  esOR -> EsOR   e|s_O_R_# -> E|s_O_R_#
  esOR -> EsOR   e|s_O_R_# -> E|s_O_R_#
  esOR -> EsOR   e|s_O_R_# -> E|s_O_R_#
  tResat -> tREsat   t_R_e|s_a_t_# -> t_R_E|s_a_t_#
  R°stRyktyRe -> REstRyktyRe   R_°_s|t_R_y_k|t_y|R_e_# -> R_E_s|t_R_y_k|t_y|R_e_#
  R°stRyktyRe -> REstRyktyRe   R_°_s|t_R_y_k|t_y|R_e_# -> R_E_s|t_R_y_k|t_y|R_e_#
  R°stRyktyRat -> REstRyktyRat   R_°_s|t_R_y_k|t_y|R_a_t_# -> R_E_s|t_R_y_k|t_y|R_a_t_#
  R°stRyktyR -> REstRyktyR   R_°_s|t_R_y_k|t_y_R_# -> R_E_s|t_R_y_k|t_y_R_#
  R°stRyktyR -> REstRyktyR   R_°_s|t_R_y_k|t_y_R_# -> R_E_s|t_R_y_k|t_y_R_#
  R°stRyktyR -> REstRyktyR   R_°_s|t_R_y_k|t_y_R_# -> R_E_s|t_R_y_k|t_y_R_#
  desije -> dEsije   d_e|s_i|j_e_# -> d_E|s_i|j_e_#
  desije -> dEsije   d_e|s_i|j_e_# -> d_E|s_i|j_e_#
  desijat -> dEsijat   d_e|s_i|j_a_t_# -> d_E|s_i|j_a_t_#
  desij -> dEsij   d_e|s_i_j_# -> d_E|s_i_j_#
  desij -> dEsij   d_e|s_i_j_# -> d_E|s_i_j_#
  desij -> dEsij   d_e|s_i_j_# -> d_E|s_i_j_#
  desule -> dEsule   d_e|s_u|l_e_# -> d_E|s_u|l_e_#
  desule -> dEsule   d_e|s_u|l_e_# -> d_E|s_u|l_e_#
  desulat -> dEsulat   d_e|s_u|l_a_t_# -> d_E|s_u|l_a_t_#
  desul -> dEsul   d_e|s_u_l_# -> d_E|s_u_l_#
  desul -> dEsul   d_e|s_u_l_# -> d_E|s_u_l_#
  desul -> dEsul   d_e|s_u_l_# -> d_E|s_u_l_#
  tResote -> tREsote   t_R_e|s_o|t_e -> t_R_E|s_o|t_e
  tResote -> tREsote   t_R_e|s_o|t_e_# -> t_R_E|s_o|t_e_#
  tResote -> tREsote   t_R_e|s_o|t_e_# -> t_R_E|s_o|t_e_#
  tResotat -> tREsotat   t_R_e|s_o|t_a_t_# -> t_R_E|s_o|t_a_t_#
  tResot -> tREsot   t_R_e|s_o_t_# -> t_R_E|s_o_t_#
  tResot -> tREsot   t_R_e|s_o_t_# -> t_R_E|s_o_t_#
  tResot -> tREsot   t_R_e|s_o_t_# -> t_R_E|s_o_t_#
  desERat -> dEsERat   d_e|s_E|R_a_t_# -> d_E|s_E|R_a_t_#
  desER -> dEsER   d_e|s_E_R_# -> d_E|s_E_R_#
  desER -> dEsER   d_e|s_E_R_# -> d_E|s_E_R_#
  desER -> dEsER   d_e|s_E_R_# -> d_E|s_E_R_#
  ef§dRat -> Ef§dRat   e|f_§|d_R_a_t_# -> E|f_§|d_R_a_t_#
  ef§dR -> Ef§dR   e|f_§_d_R_# -> E|f_§_d_R_#
  ef§dR -> Ef§dR   e|f_§_d_R_# -> E|f_§_d_R_#
  ef§dR -> Ef§dR   e|f_§_d_R_# -> E|f_§_d_R_#
  efl9Rat -> Efl9Rat   e|f_l_9|R_a_t_# -> E|f_l_9|R_a_t_#
  efl9R -> Efl9R   e|f_l_9_R_# -> E|f_l_9_R_#
  efl9R -> Efl9R   e|f_l_9_R_# -> E|f_l_9_R_#
  efl9R -> Efl9R   e|f_l_9_R_# -> E|f_l_9_R_#
  Resysitat -> REsysitat   R_e|s_y|s_i|t_a_t_# -> R_E|s_y|s_i|t_a_t_#
  Resysit -> REsysit   R_e|s_y|s_i_t_# -> R_E|s_y|s_i_t_#
  Resysit -> REsysit   R_e|s_y|s_i_t_# -> R_E|s_y|s_i_t_#
  Resysit -> REsysit   R_e|s_y|s_i_t_# -> R_E|s_y|s_i_t_#
  destit8e -> dEstit8e   d_e_s|t_i|t_8_e_# -> d_E_s|t_i|t_8_e_#
  destit8e -> dEstit8e   d_e_s|t_i|t_8_e_# -> d_E_s|t_i|t_8_e_#
  desEle -> dEsEle   d_e|s_E|l_e_# -> d_E|s_E|l_e_#
  desElat -> dEsElat   d_e|s_E|l_a_t_# -> d_E|s_E|l_a_t_#
  desEl -> dEsEl   d_e|s_E_l_# -> d_E|s_E_l_#
  desEl -> dEsEl   d_e|s_E_l_# -> d_E|s_E_l_#
  desEl -> dEsEl   d_e|s_E_l_# -> d_E|s_E_l_#
  desElat -> dEsElat   d_e|s_E|l_a_t_# -> d_E|s_E|l_a_t_#
  desEl -> dEsEl   d_e|s_E_l_# -> d_E|s_E_l_#
  desEl -> dEsEl   d_e|s_E_l_# -> d_E|s_E_l_#
  desEl -> dEsEl   d_e|s_E_l_# -> d_E|s_E_l_#
  efiloSat -> EfiloSat   e|f_i|l_o|S_a_t_# -> E|f_i|l_o|S_a_t_#
  efilOS -> EfilOS   e|f_i|l_O_S_# -> E|f_i|l_O_S_#
  efilOS -> EfilOS   e|f_i|l_O_S_# -> E|f_i|l_O_S_#
  efilOS -> EfilOS   e|f_i|l_O_S_# -> E|f_i|l_O_S_#
  desale -> dEsale   d_e|s_a|l_e_# -> d_E|s_a|l_e_#
  desale -> dEsale   d_e|s_a|l_e_# -> d_E|s_a|l_e_#
  desale -> dEsale   d_e|s_a|l_e_# -> d_E|s_a|l_e_#
  desalat -> dEsalat   d_e|s_a|l_a_t_# -> d_E|s_a|l_a_t_#
  desal -> dEsal   d_e|s_a_l_# -> d_E|s_a_l_#
  desal -> dEsal   d_e|s_a_l_# -> d_E|s_a_l_#
  desal -> dEsal   d_e|s_a_l_# -> d_E|s_a_l_#
  lesivat -> lEsivat   l_e|s_i|v_a_t_# -> l_E|s_i|v_a_t_#
  lesiv -> lEsiv   l_e|s_i_v_# -> l_E|s_i_v_#
  lesiv -> lEsiv   l_e|s_i_v_# -> l_E|s_i_v_#
  lesiv -> lEsiv   l_e|s_i_v_# -> l_E|s_i_v_#
  pResyRe -> pREsyRe   p_R_e|s_y|R_e -> p_R_E|s_y|R_e
  pResyRe -> pREsyRe   p_R_e|s_y|R_e_# -> p_R_E|s_y|R_e_#
  pResyRat -> pREsyRat   p_R_e|s_y|R_a_t_# -> p_R_E|s_y|R_a_t_#
  pResyR -> pREsyR   p_R_e|s_y_R_# -> p_R_E|s_y_R_#
  pResyR -> pREsyR   p_R_e|s_y_R_# -> p_R_E|s_y_R_#
  pResyR -> pREsyR   p_R_e|s_y_R_# -> p_R_E|s_y_R_#
  efilat -> Efilat   e|f_i|l_a_t_# -> E|f_i|l_a_t_#
  efil -> Efil   e|f_i_l_# -> E|f_i_l_#
  efil -> Efil   e|f_i_l_# -> E|f_i_l_#
  efil -> Efil   e|f_i_l_# -> E|f_i_l_#
  es8ijam -> Es8ijam   e|s_8_ij|a_m_# -> E|s_8_ij|a_m_#
  netwajam -> nEtwajam   n_e|t_wa_j|a_m_# -> n_E|t_wa_j|a_m_#
  netwaRj§ -> nEtwaRj§   n_e|t_wa_#_#|R_j_§ -> n_E|t_wa_#_#|R_j_§
  netwa -> nEtwa   n_e|t_wa_# -> n_E|t_wa_#
  enis§ -> Enis§   #_e|n_i|s_§ -> #_E|n_i|s_§
  enise -> Enise   #_e|n_i|s_e -> #_E|n_i|s_e
  enisE -> EnisE   #_e|n_i|s_E -> #_E|n_i|s_E
  enisE -> EnisE   #_e|n_i|s_E -> #_E|n_i|s_E
  enisj§ -> Enisj§   #_e|n_i|s_j_§ -> #_E|n_i|s_j_§
  enisje -> Enisje   #_e|n_i|s_j_e -> #_E|n_i|s_j_e
  eniRe -> EniRe   #_e|n_i|R_e -> #_E|n_i|R_e
  eniRa -> EniRa   #_e|n_i|R_a -> #_E|n_i|R_a
  eniRa -> EniRa   #_e|n_i|R_a -> #_E|n_i|R_a
  eniR§ -> EniR§   #_e|n_i|R_§ -> #_E|n_i|R_§
  eniRe -> EniRe   #_e|n_i|R_e -> #_E|n_i|R_e
  eniR§ -> EniR§   #_e|n_i|R_§ -> #_E|n_i|R_§
  eni -> Eni   #_e|n_i -> #_E|n_i
  enim -> Enim   #_e|n_i_m_# -> #_E|n_i_m_#
  enit -> Enit   #_e|n_i_t_# -> #_E|n_i_t_#
  eniRE -> EniRE   #_e|n_i|R_E -> #_E|n_i|R_E
  eniRE -> EniRE   #_e|n_i|R_E -> #_E|n_i|R_E
  eniRE -> EniRE   #_e|n_i|R_E -> #_E|n_i|R_E
  eniRj§ -> EniRj§   #_e|n_i|R_j_§ -> #_E|n_i|R_j_§
  eniRje -> EniRje   #_e|n_i|R_j_e -> #_E|n_i|R_j_e
  eniRE -> EniRE   #_e|n_i|R_E -> #_E|n_i|R_E
  enis -> Enis   #_e|n_i_s_# -> #_E|n_i_s_#
  enis -> Enis   #_e|n_i_s_# -> #_E|n_i_s_#
  enis -> Enis   #_e|n_i_s_# -> #_E|n_i_s_#
  enisje -> Enisje   #_e|n_i|s_j_e -> #_E|n_i|s_j_e
  enis§ -> Enis§   #_e|n_i|s_§ -> #_E|n_i|s_§
  enise -> Enise   #_e|n_i|s_e -> #_E|n_i|s_e
  desEzi -> dEsEzi   d_e|s_E|z_i_# -> d_E|s_E|z_i_#
  desEzi -> dEsEzi   d_e|s_E|z_i_# -> d_E|s_E|z_i_#
  desEzis§ -> dEsEzis§   d_e|s_E|z_i|s_§ -> d_E|s_E|z_i|s_§
  desEzise -> dEsEzise   d_e|s_E|z_i|s_e -> d_E|s_E|z_i|s_e
  desEzisE -> dEsEzisE   d_e|s_E|z_i|s_E -> d_E|s_E|z_i|s_E
  desEzisE -> dEsEzisE   d_e|s_E|z_i|s_E -> d_E|s_E|z_i|s_E
  desEzisj§ -> dEsEzisj§   d_e|s_E|z_i|s_j_§ -> d_E|s_E|z_i|s_j_§
  desEzisje -> dEsEzisje   d_e|s_E|z_i|s_j_e -> d_E|s_E|z_i|s_j_e
  desEzisE -> dEsEzisE   d_e|s_E|z_i|s_E -> d_E|s_E|z_i|s_E
  desEziRe -> dEsEziRe   d_e|s_E|z_i|R_e -> d_E|s_E|z_i|R_e
  desEziRa -> dEsEziRa   d_e|s_E|z_i|R_a -> d_E|s_E|z_i|R_a
  desEziRa -> dEsEziRa   d_e|s_E|z_i|R_a -> d_E|s_E|z_i|R_a
  desEziR§ -> dEsEziR§   d_e|s_E|z_i|R_§ -> d_E|s_E|z_i|R_§
  desEziRe -> dEsEziRe   d_e|s_E|z_i|R_e -> d_E|s_E|z_i|R_e
  desEziR§ -> dEsEziR§   d_e|s_E|z_i|R_§ -> d_E|s_E|z_i|R_§
  desEzi -> dEsEzi   d_e|s_E|z_i -> d_E|s_E|z_i
  desEzim -> dEsEzim   d_e|s_E|z_i_m_# -> d_E|s_E|z_i_m_#
  desEzit -> dEsEzit   d_e|s_E|z_i_t_# -> d_E|s_E|z_i_t_#
  desEziR -> dEsEziR   d_e|s_E|z_i_R_# -> d_E|s_E|z_i_R_#
  desEziRE -> dEsEziRE   d_e|s_E|z_i|R_E -> d_E|s_E|z_i|R_E
  desEziRE -> dEsEziRE   d_e|s_E|z_i|R_E -> d_E|s_E|z_i|R_E
  desEziRE -> dEsEziRE   d_e|s_E|z_i|R_E -> d_E|s_E|z_i|R_E
  desEziRj§ -> dEsEziRj§   d_e|s_E|z_i|R_j_§ -> d_E|s_E|z_i|R_j_§
  desEziRje -> dEsEziRje   d_e|s_E|z_i|R_j_e -> d_E|s_E|z_i|R_j_e
  desEziRE -> dEsEziRE   d_e|s_E|z_i|R_E -> d_E|s_E|z_i|R_E
  desEzis -> dEsEzis   d_e|s_E|z_i_s_# -> d_E|s_E|z_i_s_#
  desEzis -> dEsEzis   d_e|s_E|z_i_s_# -> d_E|s_E|z_i_s_#
  desEzis -> dEsEzis   d_e|s_E|z_i_s_# -> d_E|s_E|z_i_s_#
  desEzisje -> dEsEzisje   d_e|s_E|z_i|s_j_e -> d_E|s_E|z_i|s_j_e
  desEzis§ -> dEsEzis§   d_e|s_E|z_i|s_§ -> d_E|s_E|z_i|s_§
  desEzise -> dEsEzise   d_e|s_E|z_i|s_e -> d_E|s_E|z_i|s_e
  bletis§ -> blEtis§   b_l_e|t_i|s_§ -> b_l_E|t_i|s_§
  bletise -> blEtise   b_l_e|t_i|s_e -> b_l_E|t_i|s_e
  bletis -> blEtis   b_l_e|t_i_s_# -> b_l_E|t_i_s_#
  bletisE -> blEtisE   b_l_e|t_i|s_E -> b_l_E|t_i|s_E
  bletisE -> blEtisE   b_l_e|t_i|s_E -> b_l_E|t_i|s_E
  bletisj§ -> blEtisj§   b_l_e|t_i|s_j_§ -> b_l_E|t_i|s_j_§
  bletisje -> blEtisje   b_l_e|t_i|s_j_e -> b_l_E|t_i|s_j_e
  bletisE -> blEtisE   b_l_e|t_i|s_E -> b_l_E|t_i|s_E
  bletiRe -> blEtiRe   b_l_e|t_i|R_e -> b_l_E|t_i|R_e
  bletiRa -> blEtiRa   b_l_e|t_i|R_a -> b_l_E|t_i|R_a
  bletiRa -> blEtiRa   b_l_e|t_i|R_a -> b_l_E|t_i|R_a
  bletiR§ -> blEtiR§   b_l_e|t_i|R_§ -> b_l_E|t_i|R_§
  bletiRe -> blEtiRe   b_l_e|t_i|R_e -> b_l_E|t_i|R_e
  bletiR§ -> blEtiR§   b_l_e|t_i|R_§ -> b_l_E|t_i|R_§
  bleti -> blEti   b_l_e|t_i -> b_l_E|t_i
  bletim -> blEtim   b_l_e|t_i_m_# -> b_l_E|t_i_m_#
  bletit -> blEtit   b_l_e|t_i_t_# -> b_l_E|t_i_t_#
  bletiR -> blEtiR   b_l_e|t_i_R_# -> b_l_E|t_i_R_#
  bletiRE -> blEtiRE   b_l_e|t_i|R_E -> b_l_E|t_i|R_E
  bletiRE -> blEtiRE   b_l_e|t_i|R_E -> b_l_E|t_i|R_E
  bletiRE -> blEtiRE   b_l_e|t_i|R_E -> b_l_E|t_i|R_E
  bletiRj§ -> blEtiRj§   b_l_e|t_i|R_j_§ -> b_l_E|t_i|R_j_§
  bletiRje -> blEtiRje   b_l_e|t_i|R_j_e -> b_l_E|t_i|R_j_e
  bletiRE -> blEtiRE   b_l_e|t_i|R_E -> b_l_E|t_i|R_E
  bletis -> blEtis   b_l_e|t_i_s_# -> b_l_E|t_i_s_#
  bletis -> blEtis   b_l_e|t_i_s_# -> b_l_E|t_i_s_#
  bletis -> blEtis   b_l_e|t_i_s_# -> b_l_E|t_i_s_#
  bletisje -> blEtisje   b_l_e|t_i|s_j_e -> b_l_E|t_i|s_j_e
  bletis§ -> blEtis§   b_l_e|t_i|s_§ -> b_l_E|t_i|s_§
  bletise -> blEtise   b_l_e|t_i|s_e -> b_l_E|t_i|s_e
  desERti -> dEsERti   d_e|s_E_R|t_i -> d_E|s_E_R|t_i
  desERti -> dEsERti   d_e|s_E_R|t_i_# -> d_E|s_E_R|t_i_#
  desERti -> dEsERti   d_e|s_E_R|t_i_# -> d_E|s_E_R|t_i_#
  desERtis§ -> dEsERtis§   d_e|s_E_R|t_i|s_§ -> d_E|s_E_R|t_i|s_§
  desERtise -> dEsERtise   d_e|s_E_R|t_i|s_e -> d_E|s_E_R|t_i|s_e
  desERtis -> dEsERtis   d_e|s_E_R|t_i_s_# -> d_E|s_E_R|t_i_s_#
  desERtisE -> dEsERtisE   d_e|s_E_R|t_i|s_E -> d_E|s_E_R|t_i|s_E
  desERtisE -> dEsERtisE   d_e|s_E_R|t_i|s_E -> d_E|s_E_R|t_i|s_E
  desERtisE -> dEsERtisE   d_e|s_E_R|t_i|s_E -> d_E|s_E_R|t_i|s_E
  desERtisj§ -> dEsERtisj§   d_e|s_E_R|t_i|s_j_§ -> d_E|s_E_R|t_i|s_j_§
  desERtisje -> dEsERtisje   d_e|s_E_R|t_i|s_j_e -> d_E|s_E_R|t_i|s_j_e
  desERtisE -> dEsERtisE   d_e|s_E_R|t_i|s_E -> d_E|s_E_R|t_i|s_E
  desERtiRe -> dEsERtiRe   d_e|s_E_R|t_i|R_e -> d_E|s_E_R|t_i|R_e
  desERtiRa -> dEsERtiRa   d_e|s_E_R|t_i|R_a -> d_E|s_E_R|t_i|R_a
  desERtiRa -> dEsERtiRa   d_e|s_E_R|t_i|R_a -> d_E|s_E_R|t_i|R_a
  desERtiR§ -> dEsERtiR§   d_e|s_E_R|t_i|R_§ -> d_E|s_E_R|t_i|R_§
  desERtiRe -> dEsERtiRe   d_e|s_E_R|t_i|R_e -> d_E|s_E_R|t_i|R_e
  desERtiR§ -> dEsERtiR§   d_e|s_E_R|t_i|R_§ -> d_E|s_E_R|t_i|R_§
  desERti -> dEsERti   d_e|s_E_R|t_i -> d_E|s_E_R|t_i
  desERtim -> dEsERtim   d_e|s_E_R|t_i_m_# -> d_E|s_E_R|t_i_m_#
  desERtit -> dEsERtit   d_e|s_E_R|t_i_t_# -> d_E|s_E_R|t_i_t_#
  desERtiR -> dEsERtiR   d_e|s_E_R|t_i_R_# -> d_E|s_E_R|t_i_R_#
  desERtiRE -> dEsERtiRE   d_e|s_E_R|t_i|R_E -> d_E|s_E_R|t_i|R_E
  desERtiRE -> dEsERtiRE   d_e|s_E_R|t_i|R_E -> d_E|s_E_R|t_i|R_E
  desERtiRE -> dEsERtiRE   d_e|s_E_R|t_i|R_E -> d_E|s_E_R|t_i|R_E
  desERtiRj§ -> dEsERtiRj§   d_e|s_E_R|t_i|R_j_§ -> d_E|s_E_R|t_i|R_j_§
  desERtiRje -> dEsERtiRje   d_e|s_E_R|t_i|R_j_e -> d_E|s_E_R|t_i|R_j_e
  desERtiRE -> dEsERtiRE   d_e|s_E_R|t_i|R_E -> d_E|s_E_R|t_i|R_E
  desERtis -> dEsERtis   d_e|s_E_R|t_i_s_# -> d_E|s_E_R|t_i_s_#
  desERtis -> dEsERtis   d_e|s_E_R|t_i_s_# -> d_E|s_E_R|t_i_s_#
  desERtis -> dEsERtis   d_e|s_E_R|t_i_s_# -> d_E|s_E_R|t_i_s_#
  desERtisje -> dEsERtisje   d_e|s_E_R|t_i|s_j_e -> d_E|s_E_R|t_i|s_j_e
  desERtis§ -> dEsERtis§   d_e|s_E_R|t_i|s_§ -> d_E|s_E_R|t_i|s_§
  desERtise -> dEsERtise   d_e|s_E_R|t_i|s_e -> d_E|s_E_R|t_i|s_e
  efasa -> Efasa   e|f_a|s_a -> E|f_a|s_a
  efasam -> Efasam   e|f_a|s_a_m_# -> E|f_a|s_a_m_#
  efas°Rje -> Efas°Rje   e|f_a|s_°|R_j_e -> E|f_a|s_°|R_j_e
  efas -> Efas   e|f_a_s_# -> E|f_a_s_#
  efas -> Efas   e|f_a_s_# -> E|f_a_s_#
  efas -> Efas   e|f_a_s_# -> E|f_a_s_#
  efas -> Efas   e|f_a_s_# -> E|f_a_s_#
  efORse -> EfORse   e|f_O_R|s_e_# -> E|f_O_R|s_e_#
  efORsE -> EfORsE   e|f_O_R|s_E -> E|f_O_R|s_E
  efORsje -> EfORsje   e|f_O_R|s_j_e -> E|f_O_R|s_j_e
  efORs°Ra -> EfORs°Ra   e|f_O_R|s_°|R_a -> E|f_O_R|s_°|R_a
  efORs°Re -> EfORs°Re   e|f_O_R|s_°|R_e -> E|f_O_R|s_°|R_e
  efORs°R§ -> EfORs°R§   e|f_O_R|s_°|R_§ -> E|f_O_R|s_°|R_§
  efORsa -> EfORsa   e|f_O_R|s_a -> E|f_O_R|s_a
  efORs°Rj§ -> EfORs°Rj§   e|f_O_R|s_°|R_j_§ -> E|f_O_R|s_°|R_j_§
  efORs°Rje -> EfORs°Rje   e|f_O_R|s_°|R_j_e -> E|f_O_R|s_°|R_j_e
  efORs -> EfORs   e|f_O_R_s_# -> E|f_O_R_s_#
  efORs -> EfORs   e|f_O_R_s_# -> E|f_O_R_s_#
  efORs -> EfORs   e|f_O_R_s_# -> E|f_O_R_s_#
  efORs -> EfORs   e|f_O_R_s_# -> E|f_O_R_s_#
  pRes@ti -> pREs@ti   p_R_e|s_@|t_i_# -> p_R_E|s_@|t_i_#
  pRes@t§ -> pREs@t§   p_R_e|s_@|t_§ -> p_R_E|s_@|t_§
  pRes@tiRe -> pREs@tiRe   p_R_e|s_@|t_i|R_e -> p_R_E|s_@|t_i|R_e
  pRes@tiRa -> pREs@tiRa   p_R_e|s_@|t_i|R_a -> p_R_E|s_@|t_i|R_a
  pRes@tiRa -> pREs@tiRa   p_R_e|s_@|t_i|R_a -> p_R_E|s_@|t_i|R_a
  pRes@tiR§ -> pREs@tiR§   p_R_e|s_@|t_i|R_§ -> p_R_E|s_@|t_i|R_§
  pRes@tiR§ -> pREs@tiR§   p_R_e|s_@|t_i|R_§ -> p_R_E|s_@|t_i|R_§
  pRes@tiR -> pREs@tiR   p_R_e|s_@|t_i_R_# -> p_R_E|s_@|t_i_R_#
  pRes@tiRE -> pREs@tiRE   p_R_e|s_@|t_i|R_E -> p_R_E|s_@|t_i|R_E
  pRes@tiRE -> pREs@tiRE   p_R_e|s_@|t_i|R_E -> p_R_E|s_@|t_i|R_E
  pRes@tiRE -> pREs@tiRE   p_R_e|s_@|t_i|R_E -> p_R_E|s_@|t_i|R_E
  pRes@tiRj§ -> pREs@tiRj§   p_R_e|s_@|t_i|R_j_§ -> p_R_E|s_@|t_i|R_j_§
  pRes@tiRje -> pREs@tiRje   p_R_e|s_@|t_i|R_j_e -> p_R_E|s_@|t_i|R_j_e
  pRes@tiRE -> pREs@tiRE   p_R_e|s_@|t_i|R_E -> p_R_E|s_@|t_i|R_E
  pRes@t -> pREs@t   p_R_e|s_@_t_# -> p_R_E|s_@_t_#
  pRes@t -> pREs@t   p_R_e|s_@_t_# -> p_R_E|s_@_t_#
  pRes@t -> pREs@t   p_R_e|s_@_t_# -> p_R_E|s_@_t_#
  pRes@tj§ -> pREs@tj§   p_R_e|s_@|t_j_§ -> p_R_E|s_@|t_j_§
  pRes@tje -> pREs@tje   p_R_e|s_@|t_j_e -> p_R_E|s_@|t_j_e
  pRes@t -> pREs@t   p_R_e|s_@_t_# -> p_R_E|s_@_t_#
  pRes@ -> pREs@   p_R_e|s_@_# -> p_R_E|s_@_#
  pRes@te -> pREs@te   p_R_e|s_@|t_e -> p_R_E|s_@|t_e
  R°des@dE -> REdes@dE   R_°|d_e|s_@|d_E -> R_E|d_e|s_@|d_E
  R°des@dRa -> REdes@dRa   R_°|d_e|s_@|d_R_a -> R_E|d_e|s_@|d_R_a
  R°des@dRe -> REdes@dRe   R_°|d_e|s_@|d_R_e -> R_E|d_e|s_@|d_R_e
  R°des@dim -> REdes@dim   R_°|d_e|s_@|d_i_m_# -> R_E|d_e|s_@|d_i_m_#
  R°des@dRE -> REdes@dRE   R_°|d_e|s_@|d_R_E -> R_E|d_e|s_@|d_R_E
  R°des@dRij§ -> REdes@dRij§   R_°|d_e|s_@|d_R_ij|§ -> R_E|d_e|s_@|d_R_ij|§
  R°des@dRE -> REdes@dRE   R_°|d_e|s_@|d_R_E -> R_E|d_e|s_@|d_R_E
  R°des@dj§ -> REdes@dj§   R_°|d_e|s_@|d_j_§ -> R_E|d_e|s_@|d_j_§
  R°des@dje -> REdes@dje   R_°|d_e|s_@|d_j_e -> R_E|d_e|s_@|d_j_e
  R°des@d -> REdes@d   R_°|d_e|s_@_d_# -> R_E|d_e|s_@_d_#
  des@di -> dEs@di   d_e|s_@|d_i -> d_E|s_@|d_i
  des@dj§ -> dEs@dj§   d_e|s_@|d_j_§ -> d_E|s_@|d_j_§
  des@dje -> dEs@dje   d_e|s_@|d_j_e -> d_E|s_@|d_j_e
  efRERE -> EfRERE   e|f_R_E_#|R_E -> E|f_R_E_#|R_E
  esEj -> EsEj   e|s_Ej_# -> E|s_Ej_#
  esEj°Rj§ -> EsEj°Rj§   e|s_E|j_°|R_j_§ -> E|s_E|j_°|R_j_§
  efREj°Ra -> EfREj°Ra   e|f_R_E|j_°|R_a -> E|f_R_E|j_°|R_a
  efREj°Re -> EfREj°Re   e|f_R_E|j_°|R_e -> E|f_R_E|j_°|R_e
  efREj°RE -> EfREj°RE   e|f_R_E|j_°|R_E -> E|f_R_E|j_°|R_E
  efREj -> EfREj   e|f_R_E_j_# -> E|f_R_E_j_#
  R°stRyktyR -> REstRyktyR   R_°_s|t_R_y_k|t_y_R_# -> R_E_s|t_R_y_k|t_y_R_#
  desEl -> dEsEl   d_e|s_E_l_# -> d_E|s_E_l_#
  efaRuS -> EfaRuS   e|f_a|R_u_S_# -> E|f_a|R_u_S_#
  flemaRd -> flEmaRd   f_l_e|m_a_R_d_# -> f_l_E|m_a_R_d_#
  desij -> dEsij   d_e|s_i_j_# -> d_E|s_i_j_#
  efl9R -> Efl9R   e|f_l_9_R_# -> E|f_l_9_R_#
  esOR -> EsOR   e|s_O_R_# -> E|s_O_R_#
  efEkty -> EfEkty   e|f_E_k|t_y_# -> E|f_E_k|t_y_#
  desud -> dEsud   d_e|s_u_d_# -> d_E|s_u_d_#
  efil -> Efil   e|f_i_l_# -> E|f_i_l_#
  veRuj -> vERuj   v_e|R_u_j_# -> v_E|R_u_j_#
  Resysit -> REsysit   R_e|s_y|s_i_t_# -> R_E|s_y|s_i_t_#
  efaR -> EfaR   e|f_a_R_# -> E|f_a_R_#
  esufl -> Esufl   e|s_u_f_l_# -> E|s_u_f_l_#
  ef9j -> Ef9j   e|f_9_j_# -> E|f_9_j_#
  desin -> dEsin   d_e|s_i_n_# -> d_E|s_i_n_#
  efilOS -> EfilOS   e|f_i|l_O_S_# -> E|f_i|l_O_S_#
  desal -> dEsal   d_e|s_a_l_# -> d_E|s_a_l_#
  desER -> dEsER   d_e|s_E_R_# -> d_E|s_E_R_#
  tResot -> tREsot   t_R_e|s_o_t_# -> t_R_E|s_o_t_#
  lesiv -> lEsiv   l_e|s_i_v_# -> l_E|s_i_v_#
  efRit -> EfRit   e|f_R_i_t_# -> E|f_R_i_t_#
  pResyR -> pREsyR   p_R_e|s_y_R_# -> p_R_E|s_y_R_#
  desul -> dEsul   d_e|s_u_l_# -> d_E|s_u_l_#
  ef§dR -> Ef§dR   e|f_§_d_R_# -> E|f_§_d_R_#
  efREjj§ -> EfREjj§   e|f_R_E_j|j_§ -> E|f_R_E_j|j_§
  efREjam -> EfREjam   e|f_R_E|j_a_m_# -> E|f_R_E|j_a_m_#
  desEl -> dEsEl   d_e|s_E_l_# -> d_E|s_E_l_#
  desES -> dEsES   d_e|s_E_S_# -> d_E|s_E_S_#
  deseS§ -> dEseS§   d_e|s_e|S_§ -> d_E|s_e|S_§
  deseSE -> dEseSE   d_e|s_e|S_E -> d_E|s_e|S_E
  deseSj§ -> dEseSj§   d_e|s_e|S_j_§ -> d_E|s_e|S_j_§
  deseSje -> dEseSje   d_e|s_e|S_j_e -> d_E|s_e|S_j_e
  deseS°Ra -> dEseS°Ra   d_e|s_e|S_°|R_a -> d_E|s_e|S_°|R_a
  deseS°Ra -> dEseS°Ra   d_e|s_e|S_°|R_a -> d_E|s_e|S_°|R_a
  deseSe -> dEseSe   d_e|s_e|S_e -> d_E|s_e|S_e
  deseS°RE -> dEseS°RE   d_e|s_e|S_°|R_E -> d_E|s_e|S_°|R_E
  desES -> dEsES   d_e|s_E_S_# -> d_E|s_E_S_#
  deseS§ -> dEseS§   d_e|s_e|S_§ -> d_E|s_e|S_§
  deseSe -> dEseSe   d_e|s_e|S_e -> d_E|s_e|S_e
  desij -> dEsij   d_e|s_i_j_# -> d_E|s_i_j_#
  desij§ -> dEsij§   d_e|s_i|j_§ -> d_E|s_i|j_§
  desije -> dEsije   d_e|s_i|j_e -> d_E|s_i|j_e
  desij -> dEsij   d_e|s_i_j_# -> d_E|s_i_j_#
  desijE -> dEsijE   d_e|s_i|j_E -> d_E|s_i|j_E
  desijE -> dEsijE   d_e|s_i|j_E -> d_E|s_i|j_E
  desijE -> dEsijE   d_e|s_i|j_E -> d_E|s_i|j_E
  desije -> dEsije   d_e|s_i|j_#_e -> d_E|s_i|j_#_e
  desijE -> dEsijE   d_e|s_i|j_E -> d_E|s_i|j_E
  desij°Re -> dEsij°Re   d_e|s_i|j_°|R_e -> d_E|s_i|j_°|R_e
  desij°Ra -> dEsij°Ra   d_e|s_i|j_°|R_a -> d_E|s_i|j_°|R_a
  desij°Ra -> dEsij°Ra   d_e|s_i|j_°|R_a -> d_E|s_i|j_°|R_a
  desij°R§ -> dEsij°R§   d_e|s_i|j_°|R_§ -> d_E|s_i|j_°|R_§
  desij°Re -> dEsij°Re   d_e|s_i|j_°|R_e -> d_E|s_i|j_°|R_e
  desije -> dEsije   d_e|s_i|j_e -> d_E|s_i|j_e
  desija -> dEsija   d_e|s_i|j_a -> d_E|s_i|j_a
  desija -> dEsija   d_e|s_i|j_a -> d_E|s_i|j_a
  desijam -> dEsijam   d_e|s_i|j_a_m_# -> d_E|s_i|j_a_m_#
  desijER -> dEsijER   d_e|s_i|j_E_R_# -> d_E|s_i|j_E_R_#
  desij°RE -> dEsij°RE   d_e|s_i|j_°|R_E -> d_E|s_i|j_°|R_E
  desij°RE -> dEsij°RE   d_e|s_i|j_°|R_E -> d_E|s_i|j_°|R_E
  desij°RE -> dEsij°RE   d_e|s_i|j_°|R_E -> d_E|s_i|j_°|R_E
  desij°Rj§ -> dEsij°Rj§   d_e|s_i|j_°|R_j_§ -> d_E|s_i|j_°|R_j_§
  desij°Rje -> dEsij°Rje   d_e|s_i|j_°|R_j_e -> d_E|s_i|j_°|R_j_e
  desij°RE -> dEsij°RE   d_e|s_i|j_°|R_E -> d_E|s_i|j_°|R_E
  desilj§ -> dEsilj§   d_e|s_i|l_j_§ -> d_E|s_i|l_j_§
  desij -> dEsij   d_e|s_i_j_# -> d_E|s_i_j_#
  desij§ -> dEsij§   d_e|s_i|j_§ -> d_E|s_i|j_§
  desije -> dEsije   d_e|s_i|j_e -> d_E|s_i|j_e
  netwaR§ -> nEtwaR§   n_e|t_wa_#|R_§ -> n_E|t_wa_#|R_§
  netwaRje -> nEtwaRje   n_e|t_wa_#|R_j_e -> n_E|t_wa_#|R_j_e
  netwa -> nEtwa   n_e|t_wa_# -> n_E|t_wa_#
  es8ije -> Es8ije   e|s_8_ij_#|e -> E|s_8_ij_#|e
  es8iRe -> Es8iRe   e|s_8_i_#|R_e -> E|s_8_i_#|R_e
  es8iR§ -> Es8iR§   e|s_8_i_#|R_§ -> E|s_8_i_#|R_§
  es8iR§ -> Es8iR§   e|s_8_i_#|R_§ -> E|s_8_i_#|R_§
  es8iRE -> Es8iRE   e|s_8_i_#|R_E -> E|s_8_i_#|R_E
  es8iRE -> Es8iRE   e|s_8_i_#|R_E -> E|s_8_i_#|R_E
  es8iRje -> Es8iRje   e|s_8_i_#|R_j_e -> E|s_8_i_#|R_j_e
  es8iRE -> Es8iRE   e|s_8_i_#|R_E -> E|s_8_i_#|R_E
  es8i -> Es8i   e|s_8_i_# -> E|s_8_i_#
  es8i -> Es8i   e|s_8_i_# -> E|s_8_i_#

=== resources/Lexique383.tsv: 609 rows ===
  bletiR -> blEtiR   ble-tiR -> blE-tiR
  desEla -> dEsEla   de-sE-la -> dE-sE-la
  desEl@ -> dEsEl@   de-sE-l@ -> dE-sE-l@
  desEle -> dEsEle   de-sE-le -> dE-sE-le
  desEle -> dEsEle   de-sE-le -> dE-sE-le
  desEle -> dEsEle   de-sE-le -> dE-sE-le
  desEle -> dEsEle   de-sE-le -> dE-sE-le
  desEle -> dEsEle   de-sE-le -> dE-sE-le
  desEle -> dEsEle   de-sE-le -> dE-sE-le
  des@ -> dEs@   de-s@ -> dE-s@
  des@dE -> dEs@dE   de-s@-dE -> dE-s@-dE
  des@dE -> dEs@dE   de-s@-dE -> dE-s@-dE
  des@dE -> dEs@dE   de-s@-dE -> dE-s@-dE
  des@d@ -> dEs@d@   de-s@-d@ -> dE-s@-d@
  des@d -> dEs@d   de-s@d -> dE-s@d
  des@d -> dEs@d   de-s@d -> dE-s@d
  des@d -> dEs@d   de-s@d -> dE-s@d
  des@de -> dEs@de   de-s@-de -> dE-s@-de
  des@dje -> dEs@dje   de-s@-dje -> dE-s@-dje
  des@dj§ -> dEs@dj§   de-s@-dj§ -> dE-s@-dj§
  des@diR -> dEs@diR   de-s@-diR -> dE-s@-diR
  des@di -> dEs@di   de-s@-di -> dE-s@-di
  des@di -> dEs@di   de-s@-di -> dE-s@-di
  des@d§ -> dEs@d§   de-s@-d§ -> dE-s@-d§
  des@dRa -> dEs@dRa   de-s@-dRa -> dE-s@-dRa
  des@dRe -> dEs@dRe   de-s@-dRe -> dE-s@-dRe
  des@dRE -> dEs@dRE   de-s@-dRE -> dE-s@-dRE
  des@dRE -> dEs@dRE   de-s@-dRE -> dE-s@-dRE
  des@dRE -> dEs@dRE   de-s@-dRE -> dE-s@-dRE
  des@dRa -> dEs@dRa   de-s@-dRa -> dE-s@-dRa
  des@dR -> dEs@dR   de-s@dR -> dE-s@dR
  des@dRe -> dEs@dRe   de-s@-dRe -> dE-s@-dRe
  des@dRie -> dEs@dRie   de-s@-dRi-e -> dE-s@-dRi-e
  des@dRij§ -> dEs@dRij§   de-s@-dRi-j§ -> dE-s@-dRi-j§
  des@dR§ -> dEs@dR§   de-s@-dR§ -> dE-s@-dR§
  des@dR§ -> dEs@dR§   de-s@-dR§ -> dE-s@-dR§
  des@ -> dEs@   de-s@ -> dE-s@
  des@dy -> dEs@dy   de-s@-dy -> dE-s@-dy
  des@dy -> dEs@dy   de-s@-dy -> dE-s@-dy
  des@dy -> dEs@dy   de-s@-dy -> dE-s@-dy

=== resources/LexiqueInfraCorrespondance.tsv: 609 rows ===
  bletiR -> blEtiR   b-b.l-l.e-e.tt-t.i-i.r-R -> b-b.l-l.e-E.tt-t.i-i.r-R
  desEla -> dEsEla   d-d.e-e.sc-s.e-E.ll-l.a-a -> d-d.e-E.sc-s.e-E.ll-l.a-a
  desEl@ -> dEsEl@   d-d.e-e.sc-s.e-E.ll-l.ant-@ -> d-d.e-E.sc-s.e-E.ll-l.ant-@
  desEle -> dEsEle   d-d.e-e.sc-s.e-E.ll-l.er-e -> d-d.e-E.sc-s.e-E.ll-l.er-e
  desEle -> dEsEle   d-d.e-e.sc-s.e-E.ll-l.ez-e -> d-d.e-E.sc-s.e-E.ll-l.ez-e
  desEle -> dEsEle   d-d.e-e.sc-s.e-E.ll-l.é-e -> d-d.e-E.sc-s.e-E.ll-l.é-e
  desEle -> dEsEle   d-d.e-e.sc-s.e-E.ll-l.é-e.e-# -> d-d.e-E.sc-s.e-E.ll-l.é-e.e-#
  desEle -> dEsEle   d-d.e-e.sc-s.e-E.ll-l.é-e.es-# -> d-d.e-E.sc-s.e-E.ll-l.é-e.es-#
  desEle -> dEsEle   d-d.e-e.sc-s.e-E.ll-l.é-e.s-# -> d-d.e-E.sc-s.e-E.ll-l.é-e.s-#
  des@ -> dEs@   d-d.e-e.sc-s.en-@.d-# -> d-d.e-E.sc-s.en-@.d-#
  des@dE -> dEs@dE   d-d.e-e.sc-s.en-@.d-d.aient-E -> d-d.e-E.sc-s.en-@.d-d.aient-E
  des@dE -> dEs@dE   d-d.e-e.sc-s.en-@.d-d.ais-E -> d-d.e-E.sc-s.en-@.d-d.ais-E
  des@dE -> dEs@dE   d-d.e-e.sc-s.en-@.d-d.ait-E -> d-d.e-E.sc-s.en-@.d-d.ait-E
  des@d@ -> dEs@d@   d-d.e-e.sc-s.en-@.d-d.ant-@ -> d-d.e-E.sc-s.en-@.d-d.ant-@
  des@d -> dEs@d   d-d.e-e.sc-s.en-@.d-d.e-# -> d-d.e-E.sc-s.en-@.d-d.e-#
  des@d -> dEs@d   d-d.e-e.sc-s.en-@.d-d.ent-# -> d-d.e-E.sc-s.en-@.d-d.ent-#
  des@d -> dEs@d   d-d.e-e.sc-s.en-@.d-d.es-# -> d-d.e-E.sc-s.en-@.d-d.es-#
  des@de -> dEs@de   d-d.e-e.sc-s.en-@.d-d.ez-e -> d-d.e-E.sc-s.en-@.d-d.ez-e
  des@dje -> dEs@dje   d-d.e-e.sc-s.en-@.d-d.i-j.ez-e -> d-d.e-E.sc-s.en-@.d-d.i-j.ez-e
  des@dj§ -> dEs@dj§   d-d.e-e.sc-s.en-@.d-d.i-j.ons-§ -> d-d.e-E.sc-s.en-@.d-d.i-j.ons-§
  des@diR -> dEs@diR   d-d.e-e.sc-s.en-@.d-d.i-i.r-R.ent-# -> d-d.e-E.sc-s.en-@.d-d.i-i.r-R.ent-#
  des@di -> dEs@di   d-d.e-e.sc-s.en-@.d-d.is-i -> d-d.e-E.sc-s.en-@.d-d.is-i
  des@di -> dEs@di   d-d.e-e.sc-s.en-@.d-d.it-i -> d-d.e-E.sc-s.en-@.d-d.it-i
  des@d§ -> dEs@d§   d-d.e-e.sc-s.en-@.d-d.ons-§ -> d-d.e-E.sc-s.en-@.d-d.ons-§
  des@dRa -> dEs@dRa   d-d.e-e.sc-s.en-@.d-d.r-R.a-a -> d-d.e-E.sc-s.en-@.d-d.r-R.a-a
  des@dRe -> dEs@dRe   d-d.e-e.sc-s.en-@.d-d.r-R.ai-e -> d-d.e-E.sc-s.en-@.d-d.r-R.ai-e
  des@dRE -> dEs@dRE   d-d.e-e.sc-s.en-@.d-d.r-R.aient-E -> d-d.e-E.sc-s.en-@.d-d.r-R.aient-E
  des@dRE -> dEs@dRE   d-d.e-e.sc-s.en-@.d-d.r-R.ais-E -> d-d.e-E.sc-s.en-@.d-d.r-R.ais-E
  des@dRE -> dEs@dRE   d-d.e-e.sc-s.en-@.d-d.r-R.ait-E -> d-d.e-E.sc-s.en-@.d-d.r-R.ait-E
  des@dRa -> dEs@dRa   d-d.e-e.sc-s.en-@.d-d.r-R.as-a -> d-d.e-E.sc-s.en-@.d-d.r-R.as-a
  des@dR -> dEs@dR   d-d.e-e.sc-s.en-@.d-d.r-R.e-# -> d-d.e-E.sc-s.en-@.d-d.r-R.e-#
  des@dRe -> dEs@dRe   d-d.e-e.sc-s.en-@.d-d.r-R.ez-e -> d-d.e-E.sc-s.en-@.d-d.r-R.ez-e
  des@dRie -> dEs@dRie   d-d.e-e.sc-s.en-@.d-d.r-R.i-i.ez-e -> d-d.e-E.sc-s.en-@.d-d.r-R.i-i.ez-e
  des@dRij§ -> dEs@dRij§   d-d.e-e.sc-s.en-@.d-d.r-R.i-ij.ons-§ -> d-d.e-E.sc-s.en-@.d-d.r-R.i-ij.ons-§
  des@dR§ -> dEs@dR§   d-d.e-e.sc-s.en-@.d-d.r-R.ons-§ -> d-d.e-E.sc-s.en-@.d-d.r-R.ons-§
  des@dR§ -> dEs@dR§   d-d.e-e.sc-s.en-@.d-d.r-R.ont-§ -> d-d.e-E.sc-s.en-@.d-d.r-R.ont-§
  des@ -> dEs@   d-d.e-e.sc-s.en-@.ds-# -> d-d.e-E.sc-s.en-@.ds-#
  des@dy -> dEs@dy   d-d.e-e.sc-s.en-@.d-d.u-y -> d-d.e-E.sc-s.en-@.d-d.u-y
  des@dy -> dEs@dy   d-d.e-e.sc-s.en-@.d-d.u-y.e-# -> d-d.e-E.sc-s.en-@.d-d.u-y.e-#
  des@dy -> dEs@dy   d-d.e-e.sc-s.en-@.d-d.u-y.es-# -> d-d.e-E.sc-s.en-@.d-d.u-y.es-#

Totals: LexiqueMixte.tsv 618, LexiqueSynthetic.tsv 399, Lexique383.tsv 609, LexiqueInfraCorrespondance.tsv 609
