
=== resources/LexiqueMixte.tsv: 481 rows ===
  adoRa -> adORa   a|d_o|R_a -> a|d_O|R_a
  adoRe -> adORe   a|d_o|R_e -> a|d_O|R_e
  adoRE -> adORE   a|d_o|R_E -> a|d_O|R_E
  adoRE -> adORE   a|d_o|R_E -> a|d_O|R_E
  adoRE -> adORE   a|d_o|R_E -> a|d_O|R_E
  adoR@ -> adOR@   a|d_o|R_@ -> a|d_O|R_@
  adoRe -> adORe   a|d_o|R_e -> a|d_O|R_e
  adoRe -> adORe   a|d_o|R_e -> a|d_O|R_e
  adoRje -> adORje   a|d_o|R_j_e -> a|d_O|R_j_e
  adoRj§ -> adORj§   a|d_o|R_j_§ -> a|d_O|R_j_§
  adoR§ -> adOR§   a|d_o|R_§ -> a|d_O|R_§
  adoRe -> adORe   a|d_o|R_e -> a|d_O|R_e
  adoRe -> adORe   a|d_o|R_e_# -> a|d_O|R_e_#
  adoRe -> adORe   a|d_o|R_e_# -> a|d_O|R_e_#
  adoRe -> adORe   a|d_o|R_e_# -> a|d_O|R_e_#
  agRes9R -> agREs9R   a|g_R_e|s_9_R_# -> a|g_R_E|s_9_R_#
  agRes9R -> agREs9R   a|g_R_e|s_9_R_# -> a|g_R_E|s_9_R_#
  agResif -> agREsif   a|g_R_e|s_i_f_# -> a|g_R_E|s_i_f_#
  agResj§ -> agREsj§   a|g_R_e|s_j_§ -> a|g_R_E|s_j_§
  agResiv -> agREsiv   a|g_R_e|s_i_v_# -> a|g_R_E|s_i_v_#
  ageRiR -> agERiR   a|g_e|R_i_R -> a|g_E|R_i_R
  alok -> alOk   a|l_o_k_# -> a|l_O_k_#
  ameRiR -> amERiR   a|m_e|R_i_R -> a|m_E|R_i_R
  anaboliz@ -> anabOliz@   a|n_a|b_o|l_i|z_@_# -> a|n_a|b_O|l_i|z_@_#
  anaboliz@ -> anabOliz@   a|n_a|b_o|l_i|z_@_# -> a|n_a|b_O|l_i|z_@_#
  @tidepRes9R -> @tidepREs9R   @|t_i|d_e|p_R_e|s_9_R -> @|t_i|d_e|p_R_E|s_9_R
  @tidepRes9R -> @tidepREs9R   @|t_i|d_e|p_R_e|s_9_R -> @|t_i|d_e|p_R_E|s_9_R
  @tipRot§ -> @tipROt§   @|t_i|p_R_o|t_§_# -> @|t_i|p_R_O|t_§_#
  @tipsikotik -> @tipsikOtik   @|t_i_p|s_i|k_o|t_i_k_# -> @|t_i_p|s_i|k_O|t_i_k_#
  @tipsikotik -> @tipsikOtik   @|t_i_p|s_i|k_o|t_i_k_# -> @|t_i_p|s_i|k_O|t_i_k_#
  apodZjatyR -> apOdZjatyR   a|p_o|dZ_j_a|t_y_R_# -> a|p_O|dZ_j_a|t_y_R_#
  akwaRelist -> akwaRElist   a|kw_a|R_e|l_i_s_t_# -> a|kw_a|R_E|l_i_s_t_#
  asyZeti -> asyZEti   a|s_y|Z_e|t_i_# -> a|s_y|Z_E|t_i_#
  asyZeti -> asyZEti   a|s_y|Z_e|t_i_# -> a|s_y|Z_E|t_i_#
  asyZetiR -> asyZEtiR   a|s_y|Z_e|t_i_R -> a|s_y|Z_E|t_i_R
  asyZetis@ -> asyZEtis@   a|s_y|Z_e|t_i|s_@ -> a|s_y|Z_E|t_i|s_@
  ateRiR -> atERiR   a|t_e|R_i_R -> a|t_E|R_i_R
  Odisj§ -> odisj§   O|d_i|s_j_§_# -> o|d_i|s_j_§_#
  otokol@ -> otokOl@   o|t_o|k_o|l_@ -> o|t_o|k_O|l_@
  otokol@ -> otokOl@   o|t_o|k_o|l_@ -> o|t_o|k_O|l_@
  otokol@t -> otokOl@t   o|t_o|k_o|l_@_t_# -> o|t_o|k_O|l_@_t_#
  otokol@ -> otokOl@   o|t_o|k_o|l_@_# -> o|t_o|k_O|l_@_#
  otokol@ -> otokOl@   o|t_o|k_o|l_@_# -> o|t_o|k_O|l_@_#
  OtOgRafje -> OtogRafje   O|t_O|g_R_a|f_j_e -> O|t_o|g_R_a|f_j_e
  OtOgRafje -> OtogRafje   O|t_O|g_R_a|f_j_e -> O|t_o|g_R_a|f_j_e
  otonetwaj@t -> otonEtwaj@t   o|t_o|n_e|t_wa_j|@_t_# -> o|t_o|n_E|t_wa_j|@_t_#
  balotE -> balOtE   b_a|l_o|t_E -> b_a|l_O|t_E
  balotE -> balOtE   b_a|l_o|t_E -> b_a|l_O|t_E
  balot@ -> balOt@   b_a|l_o|t_@ -> b_a|l_O|t_@
  balotER -> balOtER   b_a|l_o|t_E_R_# -> b_a|l_O|t_E_R_#
  balote -> balOte   b_a|l_o|t_e -> b_a|l_O|t_e
  balote -> balOte   b_a|l_o|t_e_# -> b_a|l_O|t_e_#
  balote -> balOte   b_a|l_o|t_e_# -> b_a|l_O|t_e_#
  balote -> balOte   b_a|l_o|t_e_# -> b_a|l_O|t_e_#
  bekE -> bEkE   b_e|k_E -> b_E|k_E
  b2don@ -> b2dOn@   b_2|d_o|n_@ -> b_2|d_O|n_@
  b2zoNa -> b2zONa   b_2|z_o|N_a -> b_2|z_O|N_a
  b2zoNE -> b2zONE   b_2|z_o|N_E -> b_2|z_O|N_E
  b2zoNE -> b2zONE   b_2|z_o|N_E -> b_2|z_O|N_E
  b2zoNE -> b2zONE   b_2|z_o|N_E -> b_2|z_O|N_E

=== resources/LexiqueSynthetic.tsv: 93 rows ===
  R°vole -> R°vOle   R_°|v_o|l_e_# -> R_°|v_O|l_e_#
  R°vole -> R°vOle   R_°|v_o|l_e_# -> R_°|v_O|l_e_#
  R°vole -> R°vOle   R_°|v_o|l_e_# -> R_°|v_O|l_e_#
  koRegRafje -> kORegRafje   k_o|R_e|g_R_a|f_j_e -> k_O|R_e|g_R_a|f_j_e
  koRegRafje -> kORegRafje   k_o|R_e|g_R_a|f_j_e_# -> k_O|R_e|g_R_a|f_j_e_#
  koRegRafje -> kORegRafje   k_o|R_e|g_R_a|f_j_e_# -> k_O|R_e|g_R_a|f_j_e_#
  opRese -> opREse   o|p_R_e|s_e_# -> o|p_R_E|s_e_#
  b2zoNat -> b2zONat   b_2|z_o|N_a_t_# -> b_2|z_O|N_a_t_#
  dek§ZEstjonat -> dek§ZEstjOnat   d_e|k_§|Z_E_s|t_j_o|n_a_t_# -> d_e|k_§|Z_E_s|t_j_O|n_a_t_#
  RegRese -> RegREse   R_e|g_R_e|s_e_# -> R_e|g_R_E|s_e_#
  RegRese -> RegREse   R_e|g_R_e|s_e_# -> R_e|g_R_E|s_e_#
  RegRese -> RegREse   R_e|g_R_e|s_e_# -> R_e|g_R_E|s_e_#
  kloRe -> klORe   k_l_o|R_e_# -> k_l_O|R_e_#
  kloRe -> klORe   k_l_o|R_e_# -> k_l_O|R_e_#
  kloRe -> klORe   k_l_o|R_e_# -> k_l_O|R_e_#
  koOptat -> kOOptat   k_o|O_p|t_a_t_# -> k_O|O_p|t_a_t_#
  koOpt -> kOOpt   k_o|O_p_t_# -> k_O|O_p_t_#
  koOpt -> kOOpt   k_o|O_p_t_# -> k_O|O_p_t_#
  koOpt -> kOOpt   k_o|O_p_t_# -> k_O|O_p_t_#
  fwazonat -> fwazOnat   f_wa|z_o|n_a_t_# -> f_wa|z_O|n_a_t_#
  REjone -> REjOne   R_Ej|o|n_e_# -> R_Ej|O|n_e_#
  REjone -> REjOne   R_Ej|o|n_e_# -> R_Ej|O|n_e_#
  REjone -> REjOne   R_Ej|o|n_e_# -> R_Ej|O|n_e_#
  REjonat -> REjOnat   R_Ej|o|n_a_t_# -> R_Ej|O|n_a_t_#
  depERsonalizat -> depERsOnalizat   d_e|p_E_R|s_o|n_a|l_i|z_a_t_# -> d_e|p_E_R|s_O|n_a|l_i|z_a_t_#
  depERsonaliz -> depERsOnaliz   d_e|p_E_R|s_o|n_a|l_i_z_# -> d_e|p_E_R|s_O|n_a|l_i_z_#
  depERsonaliz -> depERsOnaliz   d_e|p_E_R|s_o|n_a|l_i_z_# -> d_e|p_E_R|s_O|n_a|l_i_z_#
  depERsonaliz -> depERsOnaliz   d_e|p_E_R|s_o|n_a|l_i_z_# -> d_e|p_E_R|s_O|n_a|l_i_z_#
  RabiboSat -> RabibOSat   R_a|b_i|b_o|S_a_t_# -> R_a|b_i|b_O|S_a_t_#
  demisjone -> demisjOne   d_e|m_i|s_j_o|n_e_# -> d_e|m_i|s_j_O|n_e_#
  demisjone -> demisjOne   d_e|m_i|s_j_o|n_e_# -> d_e|m_i|s_j_O|n_e_#
  demisjone -> demisjOne   d_e|m_i|s_j_o|n_e_# -> d_e|m_i|s_j_O|n_e_#
  demisjonat -> demisjOnat   d_e|m_i|s_j_o|n_a_t_# -> d_e|m_i|s_j_O|n_a_t_#
  R°done -> R°dOne   R_°|d_o|n_e_# -> R_°|d_O|n_e_#
  R°done -> R°dOne   R_°|d_o|n_e_# -> R_°|d_O|n_e_#
  R°done -> R°dOne   R_°|d_o|n_e_# -> R_°|d_O|n_e_#
  R°donat -> R°dOnat   R_°|d_o|n_a_t_# -> R_°|d_O|n_a_t_#
  deREzonat -> deREzOnat   d_e|R_E|z_o|n_a_t_# -> d_e|R_E|z_O|n_a_t_#
  buRZonat -> buRZOnat   b_u_R|Z_o|n_a_t_# -> b_u_R|Z_O|n_a_t_#
  kREjone -> kREjOne   k_R_Ej|o|n_e_# -> k_R_Ej|O|n_e_#
  kREjonat -> kREjOnat   k_R_Ej|o|n_a_t_# -> k_R_Ej|O|n_a_t_#
  OtOgRafje -> OtogRafje   O|t_O|g_R_a|f_j_e_# -> O|t_o|g_R_a|f_j_e_#
  OtOgRafje -> OtogRafje   O|t_O|g_R_a|f_j_e_# -> O|t_o|g_R_a|f_j_e_#
  OtOgRafje -> OtogRafje   O|t_O|g_R_a|f_j_e_# -> O|t_o|g_R_a|f_j_e_#
  OtOgRafjat -> OtogRafjat   O|t_O|g_R_a|f_j_a_t_# -> O|t_o|g_R_a|f_j_a_t_#
  OtOgRafi -> OtogRafi   O|t_O|g_R_a|f_i_# -> O|t_o|g_R_a|f_i_#
  OtOgRafi -> OtogRafi   O|t_O|g_R_a|f_i_# -> O|t_o|g_R_a|f_i_#
  OtOgRafi -> OtogRafi   O|t_O|g_R_a|f_i_# -> O|t_o|g_R_a|f_i_#
  adoRat -> adORat   a|d_o|R_a_t_# -> a|d_O|R_a_t_#
  EksploRat -> EksplORat   E|ks_p_l_o|R_a_t_# -> E|ks_p_l_O|R_a_t_#
  kaRotat -> kaROtat   k_a|R_o|t_a_t_# -> k_a|R_O|t_a_t_#
  klOnat -> klonat   k_l_O|n_a_t_# -> k_l_o|n_a_t_#
  klOn -> klon   k_l_O_n_# -> k_l_o_n_#
  klOn -> klon   k_l_O_n_# -> k_l_o_n_#
  klOn -> klon   k_l_O_n_# -> k_l_o_n_#
  kORdone -> kORdOne   k_O_R|d_o|n_e -> k_O_R|d_O|n_e
  kORdone -> kORdOne   k_O_R|d_o|n_e_# -> k_O_R|d_O|n_e_#
  kORdone -> kORdOne   k_O_R|d_o|n_e_# -> k_O_R|d_O|n_e_#
  telefone -> telefOne   t_e|l_e|f_o|n_e_# -> t_e|l_e|f_O|n_e_#
  telefone -> telefOne   t_e|l_e|f_o|n_e_# -> t_e|l_e|f_O|n_e_#

=== resources/Lexique383.tsv: 481 rows ===

=== resources/LexiqueInfraCorrespondance.tsv: 478 rows ===

Totals: LexiqueMixte.tsv 481, LexiqueSynthetic.tsv 93, Lexique383.tsv 481, LexiqueInfraCorrespondance.tsv 478
