1751 legal keypresses
 1 suffix ment                      words  2724 exc    1/     0 = trap    1/     0 + collision    0/     0 | scope excl keys [] -> 0 words out, 0 traps covered, 0 gainers lost (saving 0 of 8887), residual exc 1/0
 2 prefix re                        words  5931 exc  172/   288 = trap   71/   171 + collision  101/   118 | scope excl keys [19] -> 74 words out, 71 traps covered, 3 gainers lost (saving 7 of 6970), residual exc 101/118
 3 prefix en                        words  4244 exc  134/    57 = trap  134/    57 + collision    0/     0 | scope excl keys [18, 22, 25] -> 139 words out, 134 traps covered, 5 gainers lost (saving 2 of 5978), residual exc 0/0
 4 prefix de                        words   261 exc    0/     0 = trap    0/     0 + collision    0/     0 | scope excl keys [] -> 0 words out, 0 traps covered, 0 gainers lost (saving 0 of 4912), residual exc 0/0
 5 prefix ain|hin|im|in             words  4820 exc   88/    77 = trap   65/    18 + collision   23/    59 | scope excl keys [] -> 0 words out, 0 traps covered, 0 gainers lost (saving 0 of 5621), residual exc 88/77
 6 suffix tion                      words  2164 exc    2/    11 = trap    0/     0 + collision    2/    11 | scope excl keys [] -> 0 words out, 0 traps covered, 0 gainers lost (saving 0 of 5441), residual exc 2/11
 7 prefix dé                        words 10280 exc  210/   263 = trap  111/   130 + collision   99/   133 | scope excl keys [19] -> 115 words out, 111 traps covered, 4 gainers lost (saving 2 of 5282), residual exc 99/133
 8 suffix ter                       words  3158 exc    6/     0 = trap    1/     0 + collision    5/     0 | scope excl keys [] -> 0 words out, 0 traps covered, 0 gainers lost (saving 0 of 4573), residual exc 6/0
 9 prefix é                         words  6109 exc  137/   502 = trap   76/   108 + collision   61/   393 | scope excl keys [] -> 0 words out, 0 traps covered, 0 gainers lost (saving 0 of 5373), residual exc 137/502
10 suffix té                        words  2889 exc   23/    28 = trap    3/     0 + collision   20/    28 | scope excl keys [19] -> 3 words out, 3 traps covered, 0 gainers lost (saving 0 of 4147), residual exc 20/28
11 prefix au                        words   563 exc   10/     1 = trap   10/     1 + collision    0/     0 | scope excl keys [] -> 0 words out, 0 traps covered, 0 gainers lost (saving 0 of 3736), residual exc 10/1
12 suffix cer|cé|cée|cés|scer|se|ser|s words  2014 exc   25/   520 = trap    0/     0 + collision   25/   520 | scope excl keys [] -> 0 words out, 0 traps covered, 0 gainers lost (saving 0 of 4500), residual exc 25/520
13 prefix par                       words   552 exc    2/     0 = trap    2/     0 + collision    0/     0 | scope excl keys [19] -> 2 words out, 2 traps covered, 0 gainers lost (saving 0 of 3071), residual exc 0/0
14 suffix der                       words  1054 exc   39/    10 = trap    0/     0 + collision   39/    10 | scope excl keys [] -> 0 words out, 0 traps covered, 0 gainers lost (saving 0 of 3523), residual exc 39/10
15 prefix pa|pei|pâ                 words  1813 exc   88/    50 = trap   88/    50 + collision    0/     0 | scope excl keys [18, 22, 25] -> 88 words out, 88 traps covered, 0 gainers lost (saving 0 of 3150), residual exc 0/0
16 prefix ai|aî|e|ei|hai|he|hê|é    words  1973 exc   87/   326 = trap   63/    28 + collision   24/   298 | scope excl keys [] -> 0 words out, 0 traps covered, 0 gainers lost (saving 0 of 4197), residual exc 87/326
17 suffix ver                       words   448 exc    2/     0 = trap    0/     0 + collision    2/     0 | scope excl keys [] -> 0 words out, 0 traps covered, 0 gainers lost (saving 0 of 3083), residual exc 2/0
18 prefix sa|sah                    words  1017 exc   48/     6 = trap   47/     6 + collision    1/     0 | scope excl keys [20, 24] -> 33 words out, 33 traps covered, 0 gainers lost (saving 0 of 2644), residual exc 15/0
19 prefix pro|proh|prô              words  1353 exc   52/    29 = trap   52/    29 + collision    0/     0 | scope excl keys [9, 19] -> 52 words out, 52 traps covered, 0 gainers lost (saving 0 of 2426), residual exc 0/0
20 prefix ce|sce|se                 words   274 exc   13/    12 = trap   13/    12 + collision    0/     0 | scope excl keys [23, 24] -> 12 words out, 12 traps covered, 0 gainers lost (saving 0 of 2370), residual exc 1/0
21 prefix ra|rai|raie|re|rhé|ré|réh words  3743 exc  135/   139 = trap   69/    53 + collision   66/    87 | scope excl keys [22] -> 42 words out, 42 traps covered, 0 gainers lost (saving 0 of 3145), residual exc 93/126
22 suffix ser|sée|zer|zé            words  1932 exc   79/    51 = trap    0/     0 + collision   79/    51 | scope excl keys [] -> 0 words out, 0 traps covered, 0 gainers lost (saving 0 of 2762), residual exc 79/51
23 prefix de|dea|di|die|dis|dy|dî   words  1201 exc   26/    13 = trap   26/    13 + collision    0/     0 | scope excl keys [] -> 0 words out, 0 traps covered, 0 gainers lost (saving 0 of 2291), residual exc 26/13
24 suffix rae|rai|raie|re|rer|rez|rrer words  1633 exc   53/    51 = trap    0/     0 + collision   53/    51 | scope excl keys [] -> 0 words out, 0 traps covered, 0 gainers lost (saving 0 of 2363), residual exc 53/51
25 prefix o                         words  1201 exc   16/     9 = trap    5/     5 + collision   11/     5 | scope excl keys [19] -> 5 words out, 5 traps covered, 0 gainers lost (saving 0 of 2240), residual exc 11/5
26 suffix ger                       words  1023 exc    0/     0 = trap    0/     0 + collision    0/     0 | scope excl keys [] -> 0 words out, 0 traps covered, 0 gainers lost (saving 0 of 1910), residual exc 0/0
27 suffix ner                       words  1226 exc   44/     3 = trap    6/     0 + collision   38/     3 | scope excl keys [19] -> 6 words out, 6 traps covered, 0 gainers lost (saving 0 of 2488), residual exc 38/3
28 prefix e|hi|hy|i|y|î             words  2506 exc   57/   537 = trap   40/    55 + collision   17/   482 | scope excl keys [] -> 0 words out, 0 traps covered, 0 gainers lost (saving 0 of 3183), residual exc 57/537
29 prefix ra                        words  2499 exc   49/    32 = trap   28/    25 + collision   21/     7 | scope excl keys [16] -> 25 words out, 25 traps covered, 0 gainers lost (saving 0 of 1856), residual exc 24/9
30 suffix cher                      words   831 exc    0/     0 = trap    0/     0 + collision    0/     0 | scope excl keys [] -> 0 words out, 0 traps covered, 0 gainers lost (saving 0 of 1789), residual exc 0/0
