Loaded dictionary from pickle file.
SyllableCollection with 5866 syllables and 5866 syllable_names
┏━━━━━┳━━━━━┳━━━━━┳━━━━━┳━━━━━┳━━━━━┓         ┏━━━━━┳━━━━━┳━━━━━┳━━━━━┳━━━━━┳━━━━━┓
┃     ┃  k  ┃  p  ┃  m  ┃  R  ┃     ┃         ┃     ┃ jbw ┃  k  ┃  t  ┃  n  ┃ ZG  ┃
┣━━━━━╋━━━━━╋━━━━━╋━━━━━╋━━━━━┫     ┃         ┃     ┣━━━━━╋━━━━━╋━━━━━╋━━━━━╋━━━━━┫
┃     ┃  s  ┃  v  ┃  t  ┃ wNG ┃     ┃         ┃     ┃  s  ┃  d  ┃  R  ┃  l  ┃  m  ┃
┗━━━━━┻━━━━━┻━━━━━┻━━━━━┻━━━┳━┻━━━┳━┻━━━┓ ┏━━━┻━┳━━━┻━┳━━━┻━━━━━┻━━━━━┻━━━━━┻━━━━━┛
  ┃  1-key phonemes layer   ┃ @9  ┃  a  ┃ ┃  i  ┃ eO  ┃
  ┗━━                       ┗━━━━━┻━━━━━┛ ┗━━━━━┻━━━━━┛
┏━━━━━┳━━━━━┳━━━━━┳━━━━━┳━━━━━┳━━━━━┓         ┏━━━━━┳━━━━━┳━━━━━┳━━━━━┳━━━━━┳━━━━━┓
┃     ┃ gf  ┃ fdS ┃ Sln ┃ nj  ┃     ┃         ┃     ┃ vp  ┃ pg  ┃  N  ┃ Nz  ┃  S  ┃
┣━━━━━╋━━━━━╋━━━━━╋━━━━━╋━━━━━┫     ┃         ┃     ┣━━━━━╋━━━━━╋━━━━━╋━━━━━╋━━━━━┫
┃     ┃ gb  ┃ bdZ ┃ Zlz ┃ zj  ┃     ┃         ┃     ┃ vf  ┃ fg  ┃     ┃  z  ┃  S  ┃
┗━━━━━┻━━━━━┻━━━━━┻━━━━━┻━━━┳━┻━━━┳━┻━━━┓ ┏━━━┻━┳━━━┻━┳━━━┻━━━━━┻━━━━━┻━━━━━┻━━━━━┛
  ┃  2-key phonemes layer   ┃°8yu ┃°8§o ┃ ┃ y§E ┃ uoE ┃
  ┗━━                       ┗━━━━━┻━━━━━┛ ┗━━━━━┻━━━━━┛
┏━━━━━┳━━━━━┳━━━━━┳━━━━━┳━━━━━┳━━━━━┓         ┏━━━━━┳━━━━━┳━━━━━┳━━━━━┳━━━━━┳━━━━━┓
┃     ┃     ┃     ┃     ┃     ┃     ┃         ┃     ┃     ┃     ┃     ┃     ┃     ┃
┣━━━━━╋━━━━━╋━━━━━╋━━━━━╋━━━━━┫     ┃         ┃     ┣━━━━━╋━━━━━╋━━━━━╋━━━━━╋━━━━━┫
┃     ┃     ┃     ┃     ┃     ┃     ┃         ┃     ┃     ┃     ┃     ┃     ┃     ┃
┗━━━━━┻━━━━━┻━━━━━┻━━━━━┻━━━┳━┻━━━┳━┻━━━┓ ┏━━━┻━┳━━━┻━┳━━━┻━━━━━┻━━━━━┻━━━━━┻━━━━━┛
  ┃  3-key phonemes layer   ┃  2  ┃  5  ┃ ┃ 25  ┃ 25  ┃
  ┗━━                       ┗━━━━━┻━━━━━┛ ┗━━━━━┻━━━━━┛
┏━━━━━┳━━━━━┳━━━━━┳━━━━━┳━━━━━┳━━━━━┓         ┏━━━━━┳━━━━━┳━━━━━┳━━━━━┳━━━━━┳━━━━━┓
┃     ┃     ┃     ┃     ┃     ┃     ┃         ┃     ┃     ┃     ┃     ┃     ┃     ┃
┣━━━━━╋━━━━━╋━━━━━╋━━━━━╋━━━━━┫     ┃         ┃     ┣━━━━━╋━━━━━╋━━━━━╋━━━━━╋━━━━━┫
┃     ┃     ┃     ┃     ┃     ┃     ┃         ┃     ┃     ┃     ┃     ┃     ┃     ┃
┗━━━━━┻━━━━━┻━━━━━┻━━━━━┻━━━┳━┻━━━┳━┻━━━┓ ┏━━━┻━┳━━━┻━┳━━━┻━━━━━┻━━━━━┻━━━━━┻━━━━━┛
  ┃  4-key phonemes layer   ┃  1  ┃  1  ┃ ┃  1  ┃  1  ┃
  ┗━━                       ┗━━━━━┻━━━━━┛ ┗━━━━━┻━━━━━┛

Wrote theory2.tsv: 169695 words with theory 2 (Phase P + */# track) strokes.
