
=== Phase E5 validation report ===
Answered oppositions loaded:            200
Duplicate oppositions (disagreeing answers for the same pair): 0
Distinct unresolved oppositions encountered (groups containing them are skipped): 0
Groups with a press-set conflict:                           0

Wrote resolved_press_sets.json: 49777 validated groups (of 49777 resolved, 0 held back as conflicted)

=== Discriminating-Feature Grouping (Grouping Phase) ===
$ /home/jfsp/stenalgo/env/bin/python -m util.build_keypress_groups
Wrote keypress_groups.json: K=7, 0 conflicts (verified against 49777 groups), tier scores [1, 1, 0], 7 unpressable markers
  0: ['conditionnel', 'infinitif']
  1: ['f']
  2: ['future', 'passé', 'pers_3']
  3: ['imparfait', 'subjonctif']
  4: ['impératif', 'pers_1']
  5: ['nbr_p', 'p']
  6: ['pers_2']

=== Realization Phase report build ===
$ /home/jfsp/stenalgo/env/bin/python -m util.build_realization_report
Self-homograph spellings with extra reading(s) beyond their primary (e.g. "calmez"): 13163 words, 18788 extra strokes realized.
Preferred key [18] for marker 'impératif': honored
Preferred key [19] for marker 'pers_2': honored
Preferred key [20] for marker 'pers_3': honored
Wrote realization_report.json: 7/7 keypress groups realized (0 residual theory collisions, 0 residual same-lemmeGramCat collisions [Phase P's own job], 37 cross-category clashes [out of scope, aller-style], 1262 cross-lemma collisions [out of scope, */# track's job]).
  group 0 ['conditionnel', 'infinitif']: 3990 words -> keys [23] (cost 106)
  group 1 ['f']: 15747 words -> keys [16] (cost 91)
  group 2 ['future', 'passé', 'pers_3']: 12496 words -> keys [20] (cost 187)
  group 3 ['imparfait', 'subjonctif']: 5815 words -> keys [21] (cost 125)
  group 4 ['impératif', 'pers_1']: 7889 words -> keys [18] (cost 106)
  group 5 ['nbr_p', 'p']: 51803 words -> keys [17] (cost 85)
  group 6 ['pers_2']: 8159 words -> keys [19] (cost 106)
